Mono path[0] = 'C:/Users/punko/Downloads/PoSumo/Builds/DaveSumo/DaveSumo_Data/Managed'
Mono config path = 'C:/Users/punko/Downloads/PoSumo/Builds/DaveSumo/MonoBleedingEdge/etc'
CodeReloadManager initialized
Input System module state changed to: Initialized.
[Physics::Module] Initialized fallback backend.
[Physics::Module] Id: 0xdecafbad
Initialize engine version: 6000.5.4f1 (d550df8bd089)
[Subsystems] Discovering subsystems at path C:/Users/punko/Downloads/PoSumo/Builds/DaveSumo/DaveSumo_Data/UnitySubsystems
Forcing GfxDevice: Null
GfxDevice: creating device client; kGfxThreadingModeNonThreaded
NullGfxDevice:
    Version:  NULL 1.0 [1.0]
    Renderer: Null Device
    Vendor:   Unity Technologies
Begin MonoManager ReloadAssembly
- Finished resetting the current domain, in  0.260 seconds
[Physics::Module] Selected backend.
[Physics::Module] Name: PhysX
[Physics::Module] Id: 0xf2b8ea05
[Physics::Module] SDK Version: 4.1.2
[Physics::Module] Integration Version: 1.0.0
[Physics::Module] Threading Mode: Multi-Threaded
Microsoft Media Foundation video decoding to texture disabled: graphics device is Null, only Direct3D 11 and Direct3D 12 (only on desktop) are supported for hardware-accelerated video decoding.
UnloadTime: 3.603600 ms
Registered Communicator in Academy.
Curl error 23: Failure writing output to destination, passed 293 returned 0
Unable to save timers to file C:/Users/punko/Downloads/PoSumo/Builds/DaveSumo/DaveSumo_Data\ML-Agents\Timers\SCN_Dave_Sumo_timers.json
Unable to save timers to file C:/Users/punko/Downloads/PoSumo/Builds/DaveSumo/DaveSumo_Data\ML-Agents\Timers\SCN_Dave_Sumo_timers.json
[Physics::Module] Cleanup current backend.
[Physics::Module] Id: 0xf2b8ea05
Input System module state changed to: ShutdownInProgress.
Input Polling Thread exited.
Input System module state changed to: Shutdown.
CodeReloadManager destroyed
GarbageCollector disposing of ComputeBuffer. Please use ComputeBuffer.Release() or .Dispose() to manually release the buffer.
