[INFO] Connected to Unity environment with package version 4.0.0 and communication version 1.5.0
[INFO] Connected to Unity environment with package version 4.0.0 and communication version 1.5.0
[INFO] Connected to Unity environment with package version 4.0.0 and communication version 1.5.0
[INFO] Connected new brain: Dave?team=0
[INFO] Connected new brain: Dave?team=1
[INFO] Connected new brain: Dave?team=0
[INFO] Connected new brain: Dave?team=1
[INFO] Connected new brain: Dave?team=0
[INFO] Connected new brain: Dave?team=1

            ┐  ╖
        ╓╖╬│╡  ││╬╖╖
    ╓╖╬│││││┘  ╬│││││╬╖
 ╖╬│││││╬╜        ╙╬│││││╖╖                               ╗╗╗
 ╬╬╬╬╖││╦╖        ╖╬││╗╣╣╣╬      ╟╣╣╬    ╟╣╣╣             ╜╜╜  ╟╣╣
 ╬╬╬╬╬╬╬╬╖│╬╖╖╓╬╪│╓╣╣╣╣╣╣╣╬      ╟╣╣╬    ╟╣╣╣ ╒╣╣╖╗╣╣╣╗   ╣╣╣ ╣╣╣╣╣╣ ╟╣╣╖   ╣╣╣
 ╬╬╬╬┐  ╙╬╬╬╬│╓╣╣╣╝╜  ╫╣╣╣╬      ╟╣╣╬    ╟╣╣╣ ╟╣╣╣╙ ╙╣╣╣  ╣╣╣ ╙╟╣╣╜╙  ╫╣╣  ╟╣╣
 ╬╬╬╬┐     ╙╬╬╣╣      ╫╣╣╣╬      ╟╣╣╬    ╟╣╣╣ ╟╣╣╬   ╣╣╣  ╣╣╣  ╟╣╣     ╣╣╣┌╣╣╜
 ╬╬╬╜       ╬╬╣╣      ╙╝╣╣╬      ╙╣╣╣╗╖╓╗╣╣╣╜ ╟╣╣╬   ╣╣╣  ╣╣╣  ╟╣╣╦╓    ╣╣╣╣╣
 ╙   ╓╦╖    ╬╬╣╣   ╓╗╗╖            ╙╝╣╣╣╣╝╜   ╘╝╝╜   ╝╝╝  ╝╝╝   ╙╣╣╣    ╟╣╣╣
   ╩╬╬╬╬╬╬╦╦╬╬╣╣╗╣╣╣╣╣╣╣╝                                             ╫╣╣╣╣
      ╙╬╬╬╬╬╬╬╣╣╣╣╣╣╝╜
          ╙╬╬╬╣╣╣╜
             ╙
        
 Version information:
  ml-agents: 1.2.0.dev0,
  ml-agents-envs: 1.2.0.dev0,
  Communicator API: 1.5.0,
  PyTorch: 2.5.1+cpu
[INFO] Hyperparameters for behavior name Dave: 
	trainer_type:	ppo
	hyperparameters:	
	  batch_size:	2048
	  buffer_size:	20480
	  learning_rate:	0.0003
	  beta:	0.01
	  epsilon:	0.2
	  lambd:	0.95
	  num_epoch:	3
	  shared_critic:	False
	  learning_rate_schedule:	linear
	  beta_schedule:	linear
	  epsilon_schedule:	linear
	checkpoint_interval:	200000
	network_settings:	
	  normalize:	True
	  hidden_units:	512
	  num_layers:	3
	  vis_encode_type:	simple
	  memory:	None
	  goal_conditioning_type:	hyper
	  deterministic:	False
	reward_signals:	
	  extrinsic:	
	    gamma:	0.995
	    strength:	1.0
	    network_settings:	
	      normalize:	False
	      hidden_units:	128
	      num_layers:	2
	      vis_encode_type:	simple
	      memory:	None
	      goal_conditioning_type:	hyper
	      deterministic:	False
	init_path:	Training/results\dave_sumo01\Dave\checkpoint.pt
	keep_checkpoints:	10
	even_checkpoints:	False
	max_steps:	30000000
	time_horizon:	1000
	summary_freq:	30000
	threaded:	True
	self_play:	
	  save_steps:	50000
	  team_change:	200000
	  swap_steps:	50000
	  window:	10
	  play_against_latest_model_ratio:	0.5
	  initial_elo:	1200.0
	behavioral_cloning:	None
[INFO] Initializing from Training/results\dave_sumo01\Dave\checkpoint.pt.
[INFO] Starting training from step 0 and saving to Training/results\dave_sumo02\Dave.
[INFO] Dave. Step: 30000. Time Elapsed: 113.214 s. Mean Reward: 0.671. Std of Reward: 0.699. Training. ELO: 1198.887.
[INFO] Dave. Step: 60000. Time Elapsed: 203.783 s. Mean Reward: 0.761. Std of Reward: 0.593. Training. ELO: 1199.094.
[INFO] Dave. Step: 90000. Time Elapsed: 297.509 s. Mean Reward: 0.763. Std of Reward: 0.523. Training. ELO: 1197.141.
[INFO] Dave. Step: 120000. Time Elapsed: 388.721 s. Mean Reward: 0.773. Std of Reward: 0.601. Training. ELO: 1197.091.
[INFO] Dave. Step: 150000. Time Elapsed: 480.995 s. Mean Reward: 0.736. Std of Reward: 0.652. Training. ELO: 1196.088.
[INFO] Dave. Step: 180000. Time Elapsed: 569.746 s. Mean Reward: 0.917. Std of Reward: 0.449. Training. ELO: 1199.843.
[INFO] Exported Training/results\dave_sumo02\Dave\Dave-199735.onnx
[INFO] Dave. Step: 210000. Time Elapsed: 664.230 s. Mean Reward: 0.762. Std of Reward: 0.608. Training. ELO: 1204.554.
[INFO] Dave. Step: 240000. Time Elapsed: 750.839 s. Mean Reward: 0.721. Std of Reward: 0.630. Training. ELO: 1204.459.
[INFO] Dave. Step: 270000. Time Elapsed: 843.341 s. Mean Reward: 0.781. Std of Reward: 0.598. Training. ELO: 1204.459.
[INFO] Dave. Step: 300000. Time Elapsed: 931.450 s. Mean Reward: 0.714. Std of Reward: 0.601. Training. ELO: 1204.459.
[INFO] Dave. Step: 330000. Time Elapsed: 1019.174 s. Mean Reward: 0.785. Std of Reward: 0.620. Training. ELO: 1204.459.
[INFO] Dave. Step: 360000. Time Elapsed: 1113.177 s. Mean Reward: 0.610. Std of Reward: 0.687. Training. ELO: 1204.164.
[INFO] Dave. Step: 390000. Time Elapsed: 1200.842 s. Mean Reward: 0.788. Std of Reward: 0.620. Training. ELO: 1202.645.
[INFO] Exported Training/results\dave_sumo02\Dave\Dave-399853.onnx
[INFO] Dave. Step: 420000. Time Elapsed: 1295.226 s. Mean Reward: 0.734. Std of Reward: 0.595. Training. ELO: 1202.383.
[INFO] Dave. Step: 450000. Time Elapsed: 1383.279 s. Mean Reward: 0.815. Std of Reward: 0.485. Training. ELO: 1201.737.
[INFO] Dave. Step: 480000. Time Elapsed: 1475.869 s. Mean Reward: 0.704. Std of Reward: 0.664. Training. ELO: 1201.737.
[INFO] Dave. Step: 510000. Time Elapsed: 1564.064 s. Mean Reward: 0.756. Std of Reward: 0.600. Training. ELO: 1201.737.
[INFO] Dave. Step: 540000. Time Elapsed: 1657.401 s. Mean Reward: 0.698. Std of Reward: 0.609. Training. ELO: 1201.737.
[INFO] Dave. Step: 570000. Time Elapsed: 1745.059 s. Mean Reward: 0.812. Std of Reward: 0.570. Training. ELO: 1202.123.
[INFO] Dave. Step: 600000. Time Elapsed: 1840.046 s. Mean Reward: 0.749. Std of Reward: 0.610. Training. ELO: 1204.761.
[INFO] Exported Training/results\dave_sumo02\Dave\Dave-599986.onnx
[INFO] Dave. Step: 630000. Time Elapsed: 1927.590 s. Mean Reward: 0.743. Std of Reward: 0.662. Training. ELO: 1203.828.
[INFO] Dave. Step: 660000. Time Elapsed: 2016.013 s. Mean Reward: 0.707. Std of Reward: 0.631. Training. ELO: 1202.182.
[INFO] Dave. Step: 690000. Time Elapsed: 2109.730 s. Mean Reward: 0.640. Std of Reward: 0.669. Training. ELO: 1199.963.
[INFO] Dave. Step: 720000. Time Elapsed: 2197.796 s. Mean Reward: 0.727. Std of Reward: 0.672. Training. ELO: 1197.900.
[INFO] Dave. Step: 750000. Time Elapsed: 2293.366 s. Mean Reward: 0.726. Std of Reward: 0.696. Training. ELO: 1197.950.
[INFO] Dave. Step: 780000. Time Elapsed: 2382.377 s. Mean Reward: 0.667. Std of Reward: 0.668. Training. ELO: 1197.950.
[INFO] Exported Training/results\dave_sumo02\Dave\Dave-799843.onnx
[INFO] Dave. Step: 810000. Time Elapsed: 2476.871 s. Mean Reward: 0.674. Std of Reward: 0.726. Training. ELO: 1197.950.
[INFO] Dave. Step: 840000. Time Elapsed: 2565.148 s. Mean Reward: 0.696. Std of Reward: 0.715. Training. ELO: 1197.950.
[INFO] Dave. Step: 870000. Time Elapsed: 2659.207 s. Mean Reward: 0.755. Std of Reward: 0.623. Training. ELO: 1200.671.
[INFO] Dave. Step: 900000. Time Elapsed: 2748.048 s. Mean Reward: 0.713. Std of Reward: 0.673. Training. ELO: 1203.871.
[INFO] Dave. Step: 930000. Time Elapsed: 2845.273 s. Mean Reward: 0.763. Std of Reward: 0.653. Training. ELO: 1203.920.
[INFO] Dave. Step: 960000. Time Elapsed: 2934.938 s. Mean Reward: 0.698. Std of Reward: 0.677. Training. ELO: 1203.130.
[INFO] Dave. Step: 990000. Time Elapsed: 3030.688 s. Mean Reward: 0.661. Std of Reward: 0.703. Training. ELO: 1198.972.
[INFO] Exported Training/results\dave_sumo02\Dave\Dave-999847.onnx
[INFO] Dave. Step: 1020000. Time Elapsed: 3117.547 s. Mean Reward: 0.827. Std of Reward: 0.621. Training. ELO: 1196.665.
[INFO] Dave. Step: 1050000. Time Elapsed: 3206.206 s. Mean Reward: 0.774. Std of Reward: 0.639. Training. ELO: 1196.742.
[INFO] Dave. Step: 1080000. Time Elapsed: 3300.054 s. Mean Reward: 0.660. Std of Reward: 0.716. Training. ELO: 1193.926.
[INFO] Dave. Step: 1110000. Time Elapsed: 3388.076 s. Mean Reward: 0.690. Std of Reward: 0.744. Training. ELO: 1194.892.
[INFO] Dave. Step: 1140000. Time Elapsed: 3482.799 s. Mean Reward: 0.843. Std of Reward: 0.621. Training. ELO: 1194.953.
[INFO] Dave. Step: 1170000. Time Elapsed: 3571.512 s. Mean Reward: 0.796. Std of Reward: 0.645. Training. ELO: 1195.196.
[INFO] Dave. Step: 1200000. Time Elapsed: 3667.164 s. Mean Reward: 0.756. Std of Reward: 0.680. Training. ELO: 1197.716.
[INFO] Exported Training/results\dave_sumo02\Dave\Dave-1199703.onnx
[INFO] Dave. Step: 1230000. Time Elapsed: 3756.737 s. Mean Reward: 0.690. Std of Reward: 0.673. Training. ELO: 1198.297.
[INFO] Dave. Step: 1260000. Time Elapsed: 3852.610 s. Mean Reward: 0.669. Std of Reward: 0.715. Training. ELO: 1198.297.
[INFO] Dave. Step: 1290000. Time Elapsed: 3940.569 s. Mean Reward: 0.719. Std of Reward: 0.645. Training. ELO: 1198.297.
[INFO] Dave. Step: 1320000. Time Elapsed: 4029.252 s. Mean Reward: 0.658. Std of Reward: 0.712. Training. ELO: 1198.297.
[INFO] Dave. Step: 1350000. Time Elapsed: 4123.250 s. Mean Reward: 0.676. Std of Reward: 0.735. Training. ELO: 1198.297.
[INFO] Dave. Step: 1380000. Time Elapsed: 4211.307 s. Mean Reward: 0.671. Std of Reward: 0.726. Training. ELO: 1195.213.
[INFO] Exported Training/results\dave_sumo02\Dave\Dave-1399981.onnx
[INFO] Dave. Step: 1410000. Time Elapsed: 4305.784 s. Mean Reward: 0.726. Std of Reward: 0.670. Training. ELO: 1192.229.
[INFO] Dave. Step: 1440000. Time Elapsed: 4393.543 s. Mean Reward: 0.695. Std of Reward: 0.717. Training. ELO: 1196.328.
[INFO] Dave. Step: 1470000. Time Elapsed: 4487.016 s. Mean Reward: 0.701. Std of Reward: 0.692. Training. ELO: 1194.274.
[INFO] Dave. Step: 1500000. Time Elapsed: 4573.839 s. Mean Reward: 0.681. Std of Reward: 0.712. Training. ELO: 1193.999.
[INFO] Dave. Step: 1530000. Time Elapsed: 4668.918 s. Mean Reward: 0.709. Std of Reward: 0.772. Training. ELO: 1193.262.
[INFO] Dave. Step: 1560000. Time Elapsed: 4754.988 s. Mean Reward: 0.683. Std of Reward: 0.730. Training. ELO: 1193.369.
[INFO] Dave. Step: 1590000. Time Elapsed: 4850.873 s. Mean Reward: 0.766. Std of Reward: 0.649. Training. ELO: 1195.505.
[INFO] Exported Training/results\dave_sumo02\Dave\Dave-1599986.onnx
[INFO] Dave. Step: 1620000. Time Elapsed: 4938.929 s. Mean Reward: 0.564. Std of Reward: 0.819. Training. ELO: 1191.600.
[INFO] Dave. Step: 1650000. Time Elapsed: 5033.926 s. Mean Reward: 0.773. Std of Reward: 0.738. Training. ELO: 1193.124.
[INFO] Dave. Step: 1680000. Time Elapsed: 5121.528 s. Mean Reward: 0.576. Std of Reward: 0.735. Training. ELO: 1194.768.
[INFO] Dave. Step: 1710000. Time Elapsed: 5209.524 s. Mean Reward: 0.658. Std of Reward: 0.738. Training. ELO: 1194.768.
[INFO] Dave. Step: 1740000. Time Elapsed: 5302.648 s. Mean Reward: 0.730. Std of Reward: 0.623. Training. ELO: 1194.768.
[INFO] Dave. Step: 1770000. Time Elapsed: 5390.189 s. Mean Reward: 0.832. Std of Reward: 0.533. Training. ELO: 1194.768.
[INFO] Dave. Step: 1800000. Time Elapsed: 5484.969 s. Mean Reward: 0.636. Std of Reward: 0.695. Training. ELO: 1194.768.
[INFO] Exported Training/results\dave_sumo02\Dave\Dave-1799880.onnx
[INFO] Dave. Step: 1830000. Time Elapsed: 5575.431 s. Mean Reward: 0.620. Std of Reward: 0.772. Training. ELO: 1194.768.
[INFO] Dave. Step: 1860000. Time Elapsed: 5667.644 s. Mean Reward: 0.777. Std of Reward: 0.608. Training. ELO: 1194.691.
[INFO] Dave. Step: 1890000. Time Elapsed: 5756.317 s. Mean Reward: 0.753. Std of Reward: 0.680. Training. ELO: 1192.895.
[INFO] Dave. Step: 1920000. Time Elapsed: 5849.702 s. Mean Reward: 0.723. Std of Reward: 0.724. Training. ELO: 1194.875.
[INFO] Dave. Step: 1950000. Time Elapsed: 5937.406 s. Mean Reward: 0.648. Std of Reward: 0.691. Training. ELO: 1194.524.
[INFO] Dave. Step: 1980000. Time Elapsed: 6031.576 s. Mean Reward: 0.677. Std of Reward: 0.749. Training. ELO: 1194.394.
[INFO] Exported Training/results\dave_sumo02\Dave\Dave-1999739.onnx
[INFO] Dave. Step: 2010000. Time Elapsed: 6119.585 s. Mean Reward: 0.577. Std of Reward: 0.721. Training. ELO: 1192.713.
[INFO] Dave. Step: 2040000. Time Elapsed: 6207.196 s. Mean Reward: 0.694. Std of Reward: 0.704. Training. ELO: 1189.433.
[INFO] Dave. Step: 2070000. Time Elapsed: 6300.439 s. Mean Reward: 0.743. Std of Reward: 0.610. Training. ELO: 1190.990.
[INFO] Dave. Step: 2100000. Time Elapsed: 6388.109 s. Mean Reward: 0.682. Std of Reward: 0.755. Training. ELO: 1193.505.
[INFO] Dave. Step: 2130000. Time Elapsed: 6481.283 s. Mean Reward: 0.665. Std of Reward: 0.711. Training. ELO: 1192.819.
[INFO] Dave. Step: 2160000. Time Elapsed: 6567.661 s. Mean Reward: 0.730. Std of Reward: 0.678. Training. ELO: 1192.638.
[INFO] Dave. Step: 2190000. Time Elapsed: 6661.441 s. Mean Reward: 0.683. Std of Reward: 0.675. Training. ELO: 1191.373.
[INFO] Exported Training/results\dave_sumo02\Dave\Dave-2199867.onnx
[INFO] Dave. Step: 2220000. Time Elapsed: 6750.263 s. Mean Reward: 0.791. Std of Reward: 0.636. Training. ELO: 1196.435.
[INFO] Dave. Step: 2250000. Time Elapsed: 6843.955 s. Mean Reward: 0.804. Std of Reward: 0.609. Training. ELO: 1200.840.
[INFO] Dave. Step: 2280000. Time Elapsed: 6932.587 s. Mean Reward: 0.729. Std of Reward: 0.622. Training. ELO: 1201.668.
[INFO] Dave. Step: 2310000. Time Elapsed: 7025.727 s. Mean Reward: 0.804. Std of Reward: 0.573. Training. ELO: 1201.979.
[INFO] Dave. Step: 2340000. Time Elapsed: 7112.413 s. Mean Reward: 0.640. Std of Reward: 0.694. Training. ELO: 1201.407.
[INFO] Dave. Step: 2370000. Time Elapsed: 7200.446 s. Mean Reward: 0.765. Std of Reward: 0.597. Training. ELO: 1202.397.
[INFO] Dave. Step: 2400000. Time Elapsed: 7293.370 s. Mean Reward: 0.703. Std of Reward: 0.615. Training. ELO: 1203.448.
[INFO] Exported Training/results\dave_sumo02\Dave\Dave-2399848.onnx
[INFO] Dave. Step: 2430000. Time Elapsed: 7380.941 s. Mean Reward: 0.723. Std of Reward: 0.545. Training. ELO: 1205.595.
[INFO] Dave. Step: 2460000. Time Elapsed: 7474.640 s. Mean Reward: 0.663. Std of Reward: 0.728. Training. ELO: 1207.070.
[INFO] Dave. Step: 2490000. Time Elapsed: 7562.353 s. Mean Reward: 0.652. Std of Reward: 0.721. Training. ELO: 1206.881.
[INFO] Dave. Step: 2520000. Time Elapsed: 7656.280 s. Mean Reward: 0.701. Std of Reward: 0.683. Training. ELO: 1205.588.
[INFO] Dave. Step: 2550000. Time Elapsed: 7743.699 s. Mean Reward: 0.713. Std of Reward: 0.633. Training. ELO: 1203.264.
[INFO] Dave. Step: 2580000. Time Elapsed: 7837.715 s. Mean Reward: 0.726. Std of Reward: 0.656. Training. ELO: 1205.756.
[INFO] Exported Training/results\dave_sumo02\Dave\Dave-2599860.onnx
[INFO] Dave. Step: 2610000. Time Elapsed: 7925.021 s. Mean Reward: 0.671. Std of Reward: 0.697. Training. ELO: 1202.341.
[INFO] Dave. Step: 2640000. Time Elapsed: 8017.570 s. Mean Reward: 0.639. Std of Reward: 0.677. Training. ELO: 1198.188.
[INFO] Dave. Step: 2670000. Time Elapsed: 8105.521 s. Mean Reward: 0.718. Std of Reward: 0.672. Training. ELO: 1195.610.
[INFO] Dave. Step: 2700000. Time Elapsed: 8193.491 s. Mean Reward: 0.686. Std of Reward: 0.722. Training. ELO: 1197.942.
[INFO] Dave. Step: 2730000. Time Elapsed: 8287.374 s. Mean Reward: 0.586. Std of Reward: 0.844. Training. ELO: 1194.859.
[INFO] Dave. Step: 2760000. Time Elapsed: 8375.698 s. Mean Reward: 0.646. Std of Reward: 0.776. Training. ELO: 1193.202.
[INFO] Dave. Step: 2790000. Time Elapsed: 8468.971 s. Mean Reward: 0.727. Std of Reward: 0.770. Training. ELO: 1191.802.
[INFO] Exported Training/results\dave_sumo02\Dave\Dave-2799956.onnx
[INFO] Dave. Step: 2820000. Time Elapsed: 8557.194 s. Mean Reward: 0.632. Std of Reward: 0.740. Training. ELO: 1192.014.
[INFO] Dave. Step: 2850000. Time Elapsed: 8650.622 s. Mean Reward: 0.680. Std of Reward: 0.731. Training. ELO: 1193.275.
[INFO] Dave. Step: 2880000. Time Elapsed: 8737.361 s. Mean Reward: 0.703. Std of Reward: 0.701. Training. ELO: 1194.355.
[INFO] Dave. Step: 2910000. Time Elapsed: 8830.588 s. Mean Reward: 0.685. Std of Reward: 0.699. Training. ELO: 1194.332.
[INFO] Dave. Step: 2940000. Time Elapsed: 8918.164 s. Mean Reward: 0.690. Std of Reward: 0.728. Training. ELO: 1194.332.
[INFO] Dave. Step: 2970000. Time Elapsed: 9011.536 s. Mean Reward: 0.597. Std of Reward: 0.732. Training. ELO: 1194.203.
[INFO] Dave. Step: 3000000. Time Elapsed: 9099.413 s. Mean Reward: 0.665. Std of Reward: 0.709. Training. ELO: 1192.766.
[INFO] Exported Training/results\dave_sumo02\Dave\Dave-2999936.onnx
[INFO] Dave. Step: 3030000. Time Elapsed: 9187.719 s. Mean Reward: 0.651. Std of Reward: 0.746. Training. ELO: 1191.987.
[INFO] Dave. Step: 3060000. Time Elapsed: 9282.079 s. Mean Reward: 0.726. Std of Reward: 0.655. Training. ELO: 1192.761.
[INFO] Dave. Step: 3090000. Time Elapsed: 9368.846 s. Mean Reward: 0.767. Std of Reward: 0.584. Training. ELO: 1195.876.
[INFO] Dave. Step: 3120000. Time Elapsed: 9461.813 s. Mean Reward: 0.651. Std of Reward: 0.767. Training. ELO: 1194.847.
[INFO] Dave. Step: 3150000. Time Elapsed: 9549.318 s. Mean Reward: 0.667. Std of Reward: 0.728. Training. ELO: 1194.604.
[INFO] Dave. Step: 3180000. Time Elapsed: 9643.121 s. Mean Reward: 0.681. Std of Reward: 0.768. Training. ELO: 1194.604.
[INFO] Exported Training/results\dave_sumo02\Dave\Dave-3199842.onnx
[INFO] Dave. Step: 3210000. Time Elapsed: 9730.731 s. Mean Reward: 0.674. Std of Reward: 0.697. Training. ELO: 1194.604.
[INFO] Dave. Step: 3240000. Time Elapsed: 9823.747 s. Mean Reward: 0.632. Std of Reward: 0.775. Training. ELO: 1194.604.
[INFO] Dave. Step: 3270000. Time Elapsed: 9911.387 s. Mean Reward: 0.580. Std of Reward: 0.789. Training. ELO: 1195.325.
[INFO] Dave. Step: 3300000. Time Elapsed: 10004.390 s. Mean Reward: 0.560. Std of Reward: 0.795. Training. ELO: 1193.654.
[INFO] Dave. Step: 3330000. Time Elapsed: 10092.937 s. Mean Reward: 0.535. Std of Reward: 0.732. Training. ELO: 1186.833.
[INFO] Dave. Step: 3360000. Time Elapsed: 10187.281 s. Mean Reward: 0.624. Std of Reward: 0.762. Training. ELO: 1180.425.
[INFO] Dave. Step: 3390000. Time Elapsed: 10273.970 s. Mean Reward: 0.606. Std of Reward: 0.791. Training. ELO: 1180.657.
[INFO] Exported Training/results\dave_sumo02\Dave\Dave-3399803.onnx
[INFO] Dave. Step: 3420000. Time Elapsed: 10361.944 s. Mean Reward: 0.593. Std of Reward: 0.779. Training. ELO: 1180.770.
[INFO] Dave. Step: 3450000. Time Elapsed: 10456.502 s. Mean Reward: 0.587. Std of Reward: 0.801. Training. ELO: 1179.373.
[INFO] Dave. Step: 3480000. Time Elapsed: 10542.574 s. Mean Reward: 0.740. Std of Reward: 0.738. Training. ELO: 1177.936.
[INFO] Dave. Step: 3510000. Time Elapsed: 10635.047 s. Mean Reward: 0.631. Std of Reward: 0.805. Training. ELO: 1177.944.
[INFO] Dave. Step: 3540000. Time Elapsed: 10722.993 s. Mean Reward: 0.683. Std of Reward: 0.777. Training. ELO: 1177.944.
[INFO] Dave. Step: 3570000. Time Elapsed: 10816.136 s. Mean Reward: 0.697. Std of Reward: 0.755. Training. ELO: 1178.578.
[INFO] Dave. Step: 3600000. Time Elapsed: 10904.880 s. Mean Reward: 0.641. Std of Reward: 0.750. Training. ELO: 1179.867.
[INFO] Exported Training/results\dave_sumo02\Dave\Dave-3599943.onnx
[INFO] Dave. Step: 3630000. Time Elapsed: 10999.622 s. Mean Reward: 0.539. Std of Reward: 0.786. Training. ELO: 1183.835.
[INFO] Dave. Step: 3660000. Time Elapsed: 11089.545 s. Mean Reward: 0.701. Std of Reward: 0.740. Training. ELO: 1183.846.
[INFO] Dave. Step: 3690000. Time Elapsed: 11183.365 s. Mean Reward: 0.602. Std of Reward: 0.821. Training. ELO: 1183.846.
[INFO] Dave. Step: 3720000. Time Elapsed: 11271.013 s. Mean Reward: 0.663. Std of Reward: 0.696. Training. ELO: 1183.300.
[INFO] Dave. Step: 3750000. Time Elapsed: 11359.084 s. Mean Reward: 0.478. Std of Reward: 0.855. Training. ELO: 1179.832.
[INFO] Dave. Step: 3780000. Time Elapsed: 11453.080 s. Mean Reward: 0.553. Std of Reward: 0.820. Training. ELO: 1176.445.
[INFO] Exported Training/results\dave_sumo02\Dave\Dave-3799867.onnx
[INFO] Dave. Step: 3810000. Time Elapsed: 11541.474 s. Mean Reward: 0.487. Std of Reward: 0.854. Training. ELO: 1175.848.
[INFO] Dave. Step: 3840000. Time Elapsed: 11633.630 s. Mean Reward: 0.607. Std of Reward: 0.826. Training. ELO: 1175.802.
[INFO] Dave. Step: 3870000. Time Elapsed: 11722.262 s. Mean Reward: 0.490. Std of Reward: 0.848. Training. ELO: 1173.444.
[INFO] Dave. Step: 3900000. Time Elapsed: 11814.589 s. Mean Reward: 0.707. Std of Reward: 0.749. Training. ELO: 1176.167.
[INFO] Dave. Step: 3930000. Time Elapsed: 11903.146 s. Mean Reward: 0.638. Std of Reward: 0.810. Training. ELO: 1175.553.
[INFO] Dave. Step: 3960000. Time Elapsed: 11995.486 s. Mean Reward: 0.620. Std of Reward: 0.793. Training. ELO: 1177.534.
[INFO] Dave. Step: 3990000. Time Elapsed: 12084.266 s. Mean Reward: 0.610. Std of Reward: 0.800. Training. ELO: 1177.996.
[INFO] Exported Training/results\dave_sumo02\Dave\Dave-3999908.onnx
[INFO] Dave. Step: 4020000. Time Elapsed: 12177.430 s. Mean Reward: 0.605. Std of Reward: 0.797. Training. ELO: 1177.621.
[INFO] Dave. Step: 4050000. Time Elapsed: 12265.858 s. Mean Reward: 0.444. Std of Reward: 0.910. Training. ELO: 1172.576.
[INFO] Dave. Step: 4080000. Time Elapsed: 12352.675 s. Mean Reward: 0.767. Std of Reward: 0.628. Training. ELO: 1169.882.
[INFO] Dave. Step: 4110000. Time Elapsed: 12445.620 s. Mean Reward: 0.634. Std of Reward: 0.788. Training. ELO: 1178.017.
[INFO] Dave. Step: 4140000. Time Elapsed: 12534.221 s. Mean Reward: 0.565. Std of Reward: 0.796. Training. ELO: 1175.989.
[INFO] Dave. Step: 4170000. Time Elapsed: 12627.056 s. Mean Reward: 0.538. Std of Reward: 0.864. Training. ELO: 1171.161.
[INFO] Dave. Step: 4200000. Time Elapsed: 12715.331 s. Mean Reward: 0.595. Std of Reward: 0.895. Training. ELO: 1169.189.
[INFO] Exported Training/results\dave_sumo02\Dave\Dave-4199830.onnx
[INFO] Dave. Step: 4230000. Time Elapsed: 12810.113 s. Mean Reward: 0.395. Std of Reward: 0.894. Training. ELO: 1169.189.
[INFO] Dave. Step: 4260000. Time Elapsed: 12898.469 s. Mean Reward: 0.547. Std of Reward: 0.843. Training. ELO: 1169.158.
[INFO] Dave. Step: 4290000. Time Elapsed: 12991.221 s. Mean Reward: 0.604. Std of Reward: 0.809. Training. ELO: 1167.853.
[INFO] Dave. Step: 4320000. Time Elapsed: 13079.577 s. Mean Reward: 0.702. Std of Reward: 0.745. Training. ELO: 1166.288.
[INFO] Dave. Step: 4350000. Time Elapsed: 13173.070 s. Mean Reward: 0.549. Std of Reward: 0.835. Training. ELO: 1165.711.
[INFO] Dave. Step: 4380000. Time Elapsed: 13260.937 s. Mean Reward: 0.575. Std of Reward: 0.800. Training. ELO: 1167.639.
[INFO] Exported Training/results\dave_sumo02\Dave\Dave-4399941.onnx
[INFO] Dave. Step: 4410000. Time Elapsed: 13349.130 s. Mean Reward: 0.647. Std of Reward: 0.777. Training. ELO: 1166.303.
[INFO] Dave. Step: 4440000. Time Elapsed: 13442.331 s. Mean Reward: 0.496. Std of Reward: 0.866. Training. ELO: 1169.272.
[INFO] Dave. Step: 4470000. Time Elapsed: 13531.033 s. Mean Reward: 0.537. Std of Reward: 0.848. Training. ELO: 1169.608.
[INFO] Dave. Step: 4500000. Time Elapsed: 13622.973 s. Mean Reward: 0.643. Std of Reward: 0.741. Training. ELO: 1170.072.
[INFO] Dave. Step: 4530000. Time Elapsed: 13711.653 s. Mean Reward: 0.476. Std of Reward: 0.832. Training. ELO: 1168.157.
[INFO] Dave. Step: 4560000. Time Elapsed: 13805.898 s. Mean Reward: 0.535. Std of Reward: 0.821. Training. ELO: 1167.947.
[INFO] Dave. Step: 4590000. Time Elapsed: 13895.459 s. Mean Reward: 0.646. Std of Reward: 0.782. Training. ELO: 1169.338.
[INFO] Exported Training/results\dave_sumo02\Dave\Dave-4599970.onnx
[INFO] Dave. Step: 4620000. Time Elapsed: 13988.061 s. Mean Reward: 0.621. Std of Reward: 0.840. Training. ELO: 1170.390.
[INFO] Dave. Step: 4650000. Time Elapsed: 14076.873 s. Mean Reward: 0.489. Std of Reward: 0.883. Training. ELO: 1169.469.
[INFO] Dave. Step: 4680000. Time Elapsed: 14169.371 s. Mean Reward: 0.710. Std of Reward: 0.772. Training. ELO: 1170.626.
[INFO] Dave. Step: 4710000. Time Elapsed: 14257.919 s. Mean Reward: 0.700. Std of Reward: 0.743. Training. ELO: 1175.534.
[INFO] Dave. Step: 4740000. Time Elapsed: 14345.711 s. Mean Reward: 0.655. Std of Reward: 0.781. Training. ELO: 1175.407.
[INFO] Dave. Step: 4770000. Time Elapsed: 14437.742 s. Mean Reward: 0.435. Std of Reward: 0.859. Training. ELO: 1174.250.
[INFO] Dave. Step: 4800000. Time Elapsed: 14526.179 s. Mean Reward: 0.695. Std of Reward: 0.791. Training. ELO: 1174.673.
[INFO] Exported Training/results\dave_sumo02\Dave\Dave-4799927.onnx
[INFO] Dave. Step: 4830000. Time Elapsed: 14619.958 s. Mean Reward: 0.581. Std of Reward: 0.788. Training. ELO: 1176.315.
[INFO] Dave. Step: 4860000. Time Elapsed: 14708.163 s. Mean Reward: 0.655. Std of Reward: 0.788. Training. ELO: 1177.965.
[INFO] Dave. Step: 4890000. Time Elapsed: 14803.300 s. Mean Reward: 0.543. Std of Reward: 0.833. Training. ELO: 1174.882.
[INFO] Dave. Step: 4920000. Time Elapsed: 14891.730 s. Mean Reward: 0.566. Std of Reward: 0.770. Training. ELO: 1173.351.
[INFO] Dave. Step: 4950000. Time Elapsed: 14984.162 s. Mean Reward: 0.583. Std of Reward: 0.777. Training. ELO: 1171.983.
[INFO] Dave. Step: 4980000. Time Elapsed: 15073.422 s. Mean Reward: 0.554. Std of Reward: 0.803. Training. ELO: 1171.021.
[INFO] Exported Training/results\dave_sumo02\Dave\Dave-4999832.onnx
[INFO] Dave. Step: 5010000. Time Elapsed: 15164.613 s. Mean Reward: 0.565. Std of Reward: 0.780. Training. ELO: 1169.584.
[INFO] Dave. Step: 5040000. Time Elapsed: 15254.283 s. Mean Reward: 0.561. Std of Reward: 0.839. Training. ELO: 1168.017.
[INFO] Dave. Step: 5070000. Time Elapsed: 15341.862 s. Mean Reward: 0.488. Std of Reward: 0.885. Training. ELO: 1166.051.
[INFO] Dave. Step: 5100000. Time Elapsed: 15434.498 s. Mean Reward: 0.670. Std of Reward: 0.757. Training. ELO: 1166.599.
[INFO] Dave. Step: 5130000. Time Elapsed: 15522.110 s. Mean Reward: 0.435. Std of Reward: 0.842. Training. ELO: 1170.110.
[INFO] Dave. Step: 5160000. Time Elapsed: 15617.183 s. Mean Reward: 0.442. Std of Reward: 0.899. Training. ELO: 1169.729.
[INFO] Dave. Step: 5190000. Time Elapsed: 15706.037 s. Mean Reward: 0.590. Std of Reward: 0.846. Training. ELO: 1173.537.
[INFO] Exported Training/results\dave_sumo02\Dave\Dave-5199895.onnx
[INFO] Dave. Step: 5220000. Time Elapsed: 15799.299 s. Mean Reward: 0.631. Std of Reward: 0.763. Training. ELO: 1171.612.
[INFO] Dave. Step: 5250000. Time Elapsed: 15888.036 s. Mean Reward: 0.661. Std of Reward: 0.741. Training. ELO: 1175.820.
[INFO] Dave. Step: 5280000. Time Elapsed: 15980.656 s. Mean Reward: 0.639. Std of Reward: 0.857. Training. ELO: 1173.602.
[INFO] Dave. Step: 5310000. Time Elapsed: 16069.692 s. Mean Reward: 0.498. Std of Reward: 0.922. Training. ELO: 1173.161.
[INFO] Dave. Step: 5340000. Time Elapsed: 16162.615 s. Mean Reward: 0.479. Std of Reward: 0.859. Training. ELO: 1164.539.
[INFO] Dave. Step: 5370000. Time Elapsed: 16252.911 s. Mean Reward: 0.509. Std of Reward: 0.885. Training. ELO: 1160.260.
[INFO] Dave. Step: 5400000. Time Elapsed: 16341.908 s. Mean Reward: 0.444. Std of Reward: 0.876. Training. ELO: 1160.309.
[INFO] Exported Training/results\dave_sumo02\Dave\Dave-5399761.onnx
[INFO] Dave. Step: 5430000. Time Elapsed: 16434.892 s. Mean Reward: 0.584. Std of Reward: 0.845. Training. ELO: 1160.309.
[INFO] Dave. Step: 5460000. Time Elapsed: 16526.454 s. Mean Reward: 0.475. Std of Reward: 0.883. Training. ELO: 1160.312.
[INFO] Dave. Step: 5490000. Time Elapsed: 16619.283 s. Mean Reward: 0.602. Std of Reward: 0.829. Training. ELO: 1165.677.
[INFO] Dave. Step: 5520000. Time Elapsed: 16708.425 s. Mean Reward: 0.535. Std of Reward: 0.871. Training. ELO: 1166.110.
[INFO] Dave. Step: 5550000. Time Elapsed: 16801.350 s. Mean Reward: 0.527. Std of Reward: 0.861. Training. ELO: 1166.923.
[INFO] Dave. Step: 5580000. Time Elapsed: 16889.832 s. Mean Reward: 0.512. Std of Reward: 0.876. Training. ELO: 1166.897.
[INFO] Exported Training/results\dave_sumo02\Dave\Dave-5599970.onnx
[INFO] Dave. Step: 5610000. Time Elapsed: 16983.493 s. Mean Reward: 0.491. Std of Reward: 0.886. Training. ELO: 1167.001.
[INFO] Dave. Step: 5640000. Time Elapsed: 17071.849 s. Mean Reward: 0.645. Std of Reward: 0.810. Training. ELO: 1167.001.
[INFO] Dave. Step: 5670000. Time Elapsed: 17165.149 s. Mean Reward: 0.626. Std of Reward: 0.790. Training. ELO: 1167.001.
[INFO] Dave. Step: 5700000. Time Elapsed: 17253.395 s. Mean Reward: 0.600. Std of Reward: 0.835. Training. ELO: 1167.001.
[INFO] Dave. Step: 5730000. Time Elapsed: 17347.639 s. Mean Reward: 0.611. Std of Reward: 0.836. Training. ELO: 1167.001.
[INFO] Dave. Step: 5760000. Time Elapsed: 17434.684 s. Mean Reward: 0.615. Std of Reward: 0.874. Training. ELO: 1167.461.
[INFO] Dave. Step: 5790000. Time Elapsed: 17523.558 s. Mean Reward: 0.704. Std of Reward: 0.894. Training. ELO: 1175.999.
[INFO] Exported Training/results\dave_sumo02\Dave\Dave-5799945.onnx
[INFO] Dave. Step: 5820000. Time Elapsed: 17617.703 s. Mean Reward: 0.539. Std of Reward: 0.881. Training. ELO: 1182.865.
[INFO] Dave. Step: 5850000. Time Elapsed: 17706.516 s. Mean Reward: 0.614. Std of Reward: 0.835. Training. ELO: 1182.708.
[INFO] Dave. Step: 5880000. Time Elapsed: 17799.555 s. Mean Reward: 0.640. Std of Reward: 0.835. Training. ELO: 1182.708.
[INFO] Dave. Step: 5910000. Time Elapsed: 17888.147 s. Mean Reward: 0.593. Std of Reward: 0.851. Training. ELO: 1182.708.
[INFO] Dave. Step: 5940000. Time Elapsed: 17980.394 s. Mean Reward: 0.557. Std of Reward: 0.900. Training. ELO: 1182.708.
[INFO] Dave. Step: 5970000. Time Elapsed: 18070.293 s. Mean Reward: 0.614. Std of Reward: 0.812. Training. ELO: 1182.708.
[INFO] Dave. Step: 6000000. Time Elapsed: 18162.333 s. Mean Reward: 0.700. Std of Reward: 0.725. Training. ELO: 1182.708.
[INFO] Exported Training/results\dave_sumo02\Dave\Dave-5999780.onnx
[INFO] Dave. Step: 6030000. Time Elapsed: 18251.825 s. Mean Reward: 0.422. Std of Reward: 0.874. Training. ELO: 1182.708.
[INFO] Dave. Step: 6060000. Time Elapsed: 18345.733 s. Mean Reward: 0.691. Std of Reward: 0.769. Training. ELO: 1182.708.
[INFO] Dave. Step: 6090000. Time Elapsed: 18433.422 s. Mean Reward: 0.509. Std of Reward: 0.857. Training. ELO: 1182.708.
[INFO] Dave. Step: 6120000. Time Elapsed: 18521.639 s. Mean Reward: 0.468. Std of Reward: 0.865. Training. ELO: 1180.989.
[INFO] Dave. Step: 6150000. Time Elapsed: 18615.322 s. Mean Reward: 0.461. Std of Reward: 0.925. Training. ELO: 1170.448.
[INFO] Dave. Step: 6180000. Time Elapsed: 18704.524 s. Mean Reward: 0.477. Std of Reward: 0.894. Training. ELO: 1171.528.
[INFO] Exported Training/results\dave_sumo02\Dave\Dave-6199920.onnx
[INFO] Dave. Step: 6210000. Time Elapsed: 18798.639 s. Mean Reward: 0.584. Std of Reward: 0.860. Training. ELO: 1175.486.
[INFO] Dave. Step: 6240000. Time Elapsed: 18888.128 s. Mean Reward: 0.564. Std of Reward: 0.866. Training. ELO: 1176.606.
[INFO] Dave. Step: 6270000. Time Elapsed: 18980.466 s. Mean Reward: 0.500. Std of Reward: 0.937. Training. ELO: 1176.606.
[INFO] Dave. Step: 6300000. Time Elapsed: 19070.139 s. Mean Reward: 0.497. Std of Reward: 0.874. Training. ELO: 1176.606.
[INFO] Dave. Step: 6330000. Time Elapsed: 19163.103 s. Mean Reward: 0.511. Std of Reward: 0.913. Training. ELO: 1176.606.
[INFO] Dave. Step: 6360000. Time Elapsed: 19253.193 s. Mean Reward: 0.482. Std of Reward: 0.879. Training. ELO: 1176.552.
[INFO] Dave. Step: 6390000. Time Elapsed: 19347.397 s. Mean Reward: 0.525. Std of Reward: 0.899. Training. ELO: 1176.491.
[INFO] Exported Training/results\dave_sumo02\Dave\Dave-6399890.onnx
[INFO] Dave. Step: 6420000. Time Elapsed: 19436.198 s. Mean Reward: 0.495. Std of Reward: 0.902. Training. ELO: 1181.974.
[INFO] Dave. Step: 6450000. Time Elapsed: 19525.269 s. Mean Reward: 0.485. Std of Reward: 0.908. Training. ELO: 1181.747.
[INFO] Dave. Step: 6480000. Time Elapsed: 19619.401 s. Mean Reward: 0.642. Std of Reward: 0.866. Training. ELO: 1183.778.
[INFO] Dave. Step: 6510000. Time Elapsed: 19708.681 s. Mean Reward: 0.496. Std of Reward: 0.894. Training. ELO: 1184.877.
[INFO] Dave. Step: 6540000. Time Elapsed: 19800.363 s. Mean Reward: 0.432. Std of Reward: 0.850. Training. ELO: 1182.709.
[INFO] Dave. Step: 6570000. Time Elapsed: 19890.958 s. Mean Reward: 0.564. Std of Reward: 0.888. Training. ELO: 1179.803.
[INFO] Dave. Step: 6600000. Time Elapsed: 19982.866 s. Mean Reward: 0.539. Std of Reward: 0.857. Training. ELO: 1180.089.
[INFO] Exported Training/results\dave_sumo02\Dave\Dave-6599701.onnx
[INFO] Dave. Step: 6630000. Time Elapsed: 20073.270 s. Mean Reward: 0.576. Std of Reward: 0.808. Training. ELO: 1180.089.
[INFO] Dave. Step: 6660000. Time Elapsed: 20165.670 s. Mean Reward: 0.497. Std of Reward: 0.839. Training. ELO: 1180.089.
[INFO] Dave. Step: 6690000. Time Elapsed: 20254.228 s. Mean Reward: 0.489. Std of Reward: 0.858. Training. ELO: 1180.089.
[INFO] Dave. Step: 6720000. Time Elapsed: 20348.241 s. Mean Reward: 0.536. Std of Reward: 0.835. Training. ELO: 1180.089.
[INFO] Dave. Step: 6750000. Time Elapsed: 20435.271 s. Mean Reward: 0.542. Std of Reward: 0.825. Training. ELO: 1180.089.
[INFO] Dave. Step: 6780000. Time Elapsed: 20524.610 s. Mean Reward: 0.502. Std of Reward: 0.840. Training. ELO: 1180.089.
[INFO] Exported Training/results\dave_sumo02\Dave\Dave-6799840.onnx
[INFO] Dave. Step: 6810000. Time Elapsed: 20617.725 s. Mean Reward: 0.511. Std of Reward: 0.790. Training. ELO: 1180.089.
[INFO] Dave. Step: 6840000. Time Elapsed: 20707.118 s. Mean Reward: 0.619. Std of Reward: 0.787. Training. ELO: 1180.089.
[INFO] Dave. Step: 6870000. Time Elapsed: 20799.376 s. Mean Reward: 0.586. Std of Reward: 0.819. Training. ELO: 1180.089.
[INFO] Dave. Step: 6900000. Time Elapsed: 20887.986 s. Mean Reward: 0.469. Std of Reward: 0.805. Training. ELO: 1180.089.
[INFO] Dave. Step: 6930000. Time Elapsed: 20980.903 s. Mean Reward: 0.602. Std of Reward: 0.768. Training. ELO: 1180.089.
[INFO] Dave. Step: 6960000. Time Elapsed: 21070.322 s. Mean Reward: 0.443. Std of Reward: 0.855. Training. ELO: 1180.089.
[INFO] Dave. Step: 6990000. Time Elapsed: 21163.867 s. Mean Reward: 0.628. Std of Reward: 0.789. Training. ELO: 1180.089.
[INFO] Exported Training/results\dave_sumo02\Dave\Dave-6999703.onnx
[INFO] Dave. Step: 7020000. Time Elapsed: 21252.043 s. Mean Reward: 0.584. Std of Reward: 0.839. Training. ELO: 1181.184.
[INFO] Dave. Step: 7050000. Time Elapsed: 21346.156 s. Mean Reward: 0.664. Std of Reward: 0.804. Training. ELO: 1189.739.
[INFO] Dave. Step: 7080000. Time Elapsed: 21433.212 s. Mean Reward: 0.428. Std of Reward: 0.853. Training. ELO: 1193.830.
[INFO] Dave. Step: 7110000. Time Elapsed: 21521.816 s. Mean Reward: 0.711. Std of Reward: 0.697. Training. ELO: 1193.569.
[INFO] Dave. Step: 7140000. Time Elapsed: 21614.130 s. Mean Reward: 0.675. Std of Reward: 0.771. Training. ELO: 1193.569.
[INFO] Dave. Step: 7170000. Time Elapsed: 21703.654 s. Mean Reward: 0.602. Std of Reward: 0.805. Training. ELO: 1194.943.
[INFO] Dave. Step: 7200000. Time Elapsed: 21796.469 s. Mean Reward: 0.362. Std of Reward: 0.899. Training. ELO: 1190.952.
[INFO] Exported Training/results\dave_sumo02\Dave\Dave-7199943.onnx
[INFO] Dave. Step: 7230000. Time Elapsed: 21886.563 s. Mean Reward: 0.513. Std of Reward: 0.781. Training. ELO: 1187.226.
[INFO] Dave. Step: 7260000. Time Elapsed: 21981.314 s. Mean Reward: 0.592. Std of Reward: 0.793. Training. ELO: 1187.272.
[INFO] Dave. Step: 7290000. Time Elapsed: 22069.202 s. Mean Reward: 0.459. Std of Reward: 0.845. Training. ELO: 1188.031.
[INFO] Dave. Step: 7320000. Time Elapsed: 22163.351 s. Mean Reward: 0.554. Std of Reward: 0.783. Training. ELO: 1188.031.
[INFO] Dave. Step: 7350000. Time Elapsed: 22250.438 s. Mean Reward: 0.537. Std of Reward: 0.770. Training. ELO: 1188.031.
[INFO] Dave. Step: 7380000. Time Elapsed: 22344.618 s. Mean Reward: 0.695. Std of Reward: 0.760. Training. ELO: 1188.031.
[INFO] Exported Training/results\dave_sumo02\Dave\Dave-7399827.onnx
[INFO] Dave. Step: 7410000. Time Elapsed: 22432.389 s. Mean Reward: 0.577. Std of Reward: 0.770. Training. ELO: 1188.031.
[INFO] Dave. Step: 7440000. Time Elapsed: 22521.630 s. Mean Reward: 0.495. Std of Reward: 0.871. Training. ELO: 1188.031.
[INFO] Dave. Step: 7470000. Time Elapsed: 22614.893 s. Mean Reward: 0.595. Std of Reward: 0.838. Training. ELO: 1188.031.
[INFO] Dave. Step: 7500000. Time Elapsed: 22703.968 s. Mean Reward: 0.538. Std of Reward: 0.779. Training. ELO: 1188.031.
[INFO] Dave. Step: 7530000. Time Elapsed: 22797.150 s. Mean Reward: 0.527. Std of Reward: 0.790. Training. ELO: 1188.031.
[INFO] Dave. Step: 7560000. Time Elapsed: 22885.232 s. Mean Reward: 0.595. Std of Reward: 0.818. Training. ELO: 1188.031.
[INFO] Dave. Step: 7590000. Time Elapsed: 22978.911 s. Mean Reward: 0.601. Std of Reward: 0.780. Training. ELO: 1188.031.
[INFO] Exported Training/results\dave_sumo02\Dave\Dave-7599972.onnx
[INFO] Dave. Step: 7620000. Time Elapsed: 23067.625 s. Mean Reward: 0.620. Std of Reward: 0.681. Training. ELO: 1187.821.
[INFO] Dave. Step: 7650000. Time Elapsed: 23161.128 s. Mean Reward: 0.475. Std of Reward: 0.788. Training. ELO: 1184.574.
[INFO] Dave. Step: 7680000. Time Elapsed: 23249.129 s. Mean Reward: 0.569. Std of Reward: 0.766. Training. ELO: 1180.621.
[INFO] Dave. Step: 7710000. Time Elapsed: 23341.983 s. Mean Reward: 0.474. Std of Reward: 0.854. Training. ELO: 1180.604.
[INFO] Dave. Step: 7740000. Time Elapsed: 23430.709 s. Mean Reward: 0.474. Std of Reward: 0.806. Training. ELO: 1180.604.
[INFO] Dave. Step: 7770000. Time Elapsed: 23519.690 s. Mean Reward: 0.525. Std of Reward: 0.759. Training. ELO: 1180.604.
[INFO] Dave. Step: 7800000. Time Elapsed: 23613.032 s. Mean Reward: 0.541. Std of Reward: 0.757. Training. ELO: 1180.604.
[INFO] Exported Training/results\dave_sumo02\Dave\Dave-7799986.onnx
[INFO] Dave. Step: 7830000. Time Elapsed: 23702.946 s. Mean Reward: 0.531. Std of Reward: 0.827. Training. ELO: 1177.139.
[INFO] Dave. Step: 7860000. Time Elapsed: 23795.429 s. Mean Reward: 0.614. Std of Reward: 0.753. Training. ELO: 1180.347.
[INFO] Dave. Step: 7890000. Time Elapsed: 23884.123 s. Mean Reward: 0.489. Std of Reward: 0.794. Training. ELO: 1178.524.
[INFO] Dave. Step: 7920000. Time Elapsed: 23976.436 s. Mean Reward: 0.425. Std of Reward: 0.878. Training. ELO: 1173.215.
[INFO] Dave. Step: 7950000. Time Elapsed: 24064.141 s. Mean Reward: 0.588. Std of Reward: 0.829. Training. ELO: 1173.144.
[INFO] Dave. Step: 7980000. Time Elapsed: 24158.111 s. Mean Reward: 0.460. Std of Reward: 0.848. Training. ELO: 1167.483.
[INFO] Exported Training/results\dave_sumo02\Dave\Dave-7999982.onnx
[INFO] Dave. Step: 8010000. Time Elapsed: 24246.506 s. Mean Reward: 0.552. Std of Reward: 0.761. Training. ELO: 1167.580.
[INFO] Dave. Step: 8040000. Time Elapsed: 24340.500 s. Mean Reward: 0.541. Std of Reward: 0.840. Training. ELO: 1166.348.
[INFO] Dave. Step: 8070000. Time Elapsed: 24428.272 s. Mean Reward: 0.569. Std of Reward: 0.830. Training. ELO: 1173.004.
[INFO] Dave. Step: 8100000. Time Elapsed: 24517.024 s. Mean Reward: 0.476. Std of Reward: 0.872. Training. ELO: 1173.556.
[INFO] Dave. Step: 8130000. Time Elapsed: 24610.360 s. Mean Reward: 0.627. Std of Reward: 0.763. Training. ELO: 1174.002.
[INFO] Dave. Step: 8160000. Time Elapsed: 24698.518 s. Mean Reward: 0.530. Std of Reward: 0.791. Training. ELO: 1172.125.
[INFO] Dave. Step: 8190000. Time Elapsed: 24792.103 s. Mean Reward: 0.377. Std of Reward: 0.874. Training. ELO: 1171.512.
[INFO] Exported Training/results\dave_sumo02\Dave\Dave-8199856.onnx
[INFO] Dave. Step: 8220000. Time Elapsed: 24881.108 s. Mean Reward: 0.590. Std of Reward: 0.779. Training. ELO: 1172.002.
[INFO] Dave. Step: 8250000. Time Elapsed: 24975.389 s. Mean Reward: 0.452. Std of Reward: 0.875. Training. ELO: 1172.422.
[INFO] Dave. Step: 8280000. Time Elapsed: 25062.784 s. Mean Reward: 0.526. Std of Reward: 0.863. Training. ELO: 1171.873.
[INFO] Dave. Step: 8310000. Time Elapsed: 25156.542 s. Mean Reward: 0.587. Std of Reward: 0.787. Training. ELO: 1171.943.
[INFO] Dave. Step: 8340000. Time Elapsed: 25244.229 s. Mean Reward: 0.607. Std of Reward: 0.767. Training. ELO: 1169.654.
