[INFO] Connected to Unity environment with package version 4.0.0 and communication version 1.5.0
[INFO] Connected to Unity environment with package version 4.0.0 and communication version 1.5.0
[INFO] Connected to Unity environment with package version 4.0.0 and communication version 1.5.0
[INFO] Connected new brain: Matt?team=0
[INFO] Connected new brain: Matt?team=1
[INFO] Connected new brain: Matt?team=0
[INFO] Connected new brain: Matt?team=1
[INFO] Connected new brain: Matt?team=0
[INFO] Connected new brain: Matt?team=1

            ┐  ╖
        ╓╖╬│╡  ││╬╖╖
    ╓╖╬│││││┘  ╬│││││╬╖
 ╖╬│││││╬╜        ╙╬│││││╖╖                               ╗╗╗
 ╬╬╬╬╖││╦╖        ╖╬││╗╣╣╣╬      ╟╣╣╬    ╟╣╣╣             ╜╜╜  ╟╣╣
 ╬╬╬╬╬╬╬╬╖│╬╖╖╓╬╪│╓╣╣╣╣╣╣╣╬      ╟╣╣╬    ╟╣╣╣ ╒╣╣╖╗╣╣╣╗   ╣╣╣ ╣╣╣╣╣╣ ╟╣╣╖   ╣╣╣
 ╬╬╬╬┐  ╙╬╬╬╬│╓╣╣╣╝╜  ╫╣╣╣╬      ╟╣╣╬    ╟╣╣╣ ╟╣╣╣╙ ╙╣╣╣  ╣╣╣ ╙╟╣╣╜╙  ╫╣╣  ╟╣╣
 ╬╬╬╬┐     ╙╬╬╣╣      ╫╣╣╣╬      ╟╣╣╬    ╟╣╣╣ ╟╣╣╬   ╣╣╣  ╣╣╣  ╟╣╣     ╣╣╣┌╣╣╜
 ╬╬╬╜       ╬╬╣╣      ╙╝╣╣╬      ╙╣╣╣╗╖╓╗╣╣╣╜ ╟╣╣╬   ╣╣╣  ╣╣╣  ╟╣╣╦╓    ╣╣╣╣╣
 ╙   ╓╦╖    ╬╬╣╣   ╓╗╗╖            ╙╝╣╣╣╣╝╜   ╘╝╝╜   ╝╝╝  ╝╝╝   ╙╣╣╣    ╟╣╣╣
   ╩╬╬╬╬╬╬╦╦╬╬╣╣╗╣╣╣╣╣╣╣╝                                             ╫╣╣╣╣
      ╙╬╬╬╬╬╬╬╣╣╣╣╣╣╝╜
          ╙╬╬╬╣╣╣╜
             ╙
        
 Version information:
  ml-agents: 1.2.0.dev0,
  ml-agents-envs: 1.2.0.dev0,
  Communicator API: 1.5.0,
  PyTorch: 2.5.1+cpu
[INFO] Hyperparameters for behavior name Matt: 
	trainer_type:	ppo
	hyperparameters:	
	  batch_size:	2048
	  buffer_size:	20480
	  learning_rate:	0.0003
	  beta:	0.01
	  epsilon:	0.2
	  lambd:	0.95
	  num_epoch:	3
	  shared_critic:	False
	  learning_rate_schedule:	linear
	  beta_schedule:	linear
	  epsilon_schedule:	linear
	checkpoint_interval:	200000
	network_settings:	
	  normalize:	True
	  hidden_units:	512
	  num_layers:	3
	  vis_encode_type:	simple
	  memory:	None
	  goal_conditioning_type:	hyper
	  deterministic:	False
	reward_signals:	
	  extrinsic:	
	    gamma:	0.995
	    strength:	1.0
	    network_settings:	
	      normalize:	False
	      hidden_units:	128
	      num_layers:	2
	      vis_encode_type:	simple
	      memory:	None
	      goal_conditioning_type:	hyper
	      deterministic:	False
	init_path:	Training/results\matt_sumo02\Matt\checkpoint.pt
	keep_checkpoints:	10
	even_checkpoints:	False
	max_steps:	30000000
	time_horizon:	1000
	summary_freq:	30000
	threaded:	True
	self_play:	
	  save_steps:	50000
	  team_change:	200000
	  swap_steps:	50000
	  window:	10
	  play_against_latest_model_ratio:	0.5
	  initial_elo:	1200.0
	behavioral_cloning:	None
[INFO] Initializing from Training/results\matt_sumo02\Matt\checkpoint.pt.
[INFO] Starting training from step 0 and saving to Training/results\matt_sumo03\Matt.
[INFO] Matt. Step: 30000. Time Elapsed: 113.026 s. Mean Reward: 0.611. Std of Reward: 0.860. Training. ELO: 1201.783.
[INFO] Matt. Step: 60000. Time Elapsed: 203.709 s. Mean Reward: 0.602. Std of Reward: 0.843. Training. ELO: 1202.465.
[INFO] Matt. Step: 90000. Time Elapsed: 297.761 s. Mean Reward: 0.570. Std of Reward: 0.841. Training. ELO: 1200.967.
[INFO] Matt. Step: 120000. Time Elapsed: 388.631 s. Mean Reward: 0.552. Std of Reward: 0.861. Training. ELO: 1200.926.
[INFO] Matt. Step: 150000. Time Elapsed: 481.992 s. Mean Reward: 0.566. Std of Reward: 0.928. Training. ELO: 1197.417.
[INFO] Matt. Step: 180000. Time Elapsed: 570.308 s. Mean Reward: 0.591. Std of Reward: 0.853. Training. ELO: 1199.516.
[INFO] Exported Training/results\matt_sumo03\Matt\Matt-199771.onnx
[INFO] Matt. Step: 210000. Time Elapsed: 664.925 s. Mean Reward: 0.653. Std of Reward: 0.816. Training. ELO: 1199.516.
[INFO] Matt. Step: 240000. Time Elapsed: 752.209 s. Mean Reward: 0.566. Std of Reward: 0.871. Training. ELO: 1199.516.
[INFO] Matt. Step: 270000. Time Elapsed: 845.537 s. Mean Reward: 0.449. Std of Reward: 0.834. Training. ELO: 1197.589.
[INFO] Matt. Step: 300000. Time Elapsed: 933.576 s. Mean Reward: 0.581. Std of Reward: 0.843. Training. ELO: 1192.840.
[INFO] Matt. Step: 330000. Time Elapsed: 1028.317 s. Mean Reward: 0.655. Std of Reward: 0.800. Training. ELO: 1193.658.
[INFO] Matt. Step: 360000. Time Elapsed: 1114.077 s. Mean Reward: 0.547. Std of Reward: 0.861. Training. ELO: 1196.148.
[INFO] Matt. Step: 390000. Time Elapsed: 1203.146 s. Mean Reward: 0.545. Std of Reward: 0.851. Training. ELO: 1190.065.
[INFO] Exported Training/results\matt_sumo03\Matt\Matt-399705.onnx
[INFO] Matt. Step: 420000. Time Elapsed: 1296.893 s. Mean Reward: 0.724. Std of Reward: 0.700. Training. ELO: 1190.259.
[INFO] Matt. Step: 450000. Time Elapsed: 1384.456 s. Mean Reward: 0.678. Std of Reward: 0.731. Training. ELO: 1190.827.
[INFO] Matt. Step: 480000. Time Elapsed: 1479.629 s. Mean Reward: 0.780. Std of Reward: 0.671. Training. ELO: 1192.772.
[INFO] Matt. Step: 510000. Time Elapsed: 1566.718 s. Mean Reward: 0.635. Std of Reward: 0.766. Training. ELO: 1193.409.
[INFO] Matt. Step: 540000. Time Elapsed: 1660.549 s. Mean Reward: 0.801. Std of Reward: 0.680. Training. ELO: 1197.938.
[INFO] Matt. Step: 570000. Time Elapsed: 1748.609 s. Mean Reward: 0.632. Std of Reward: 0.796. Training. ELO: 1201.957.
[INFO] Matt. Step: 600000. Time Elapsed: 1842.541 s. Mean Reward: 0.822. Std of Reward: 0.732. Training. ELO: 1205.102.
[INFO] Exported Training/results\matt_sumo03\Matt\Matt-599801.onnx
[INFO] Matt. Step: 630000. Time Elapsed: 1932.493 s. Mean Reward: 0.705. Std of Reward: 0.740. Training. ELO: 1206.513.
[INFO] Matt. Step: 660000. Time Elapsed: 2025.334 s. Mean Reward: 0.693. Std of Reward: 0.717. Training. ELO: 1202.483.
[INFO] Matt. Step: 690000. Time Elapsed: 2113.576 s. Mean Reward: 0.576. Std of Reward: 0.811. Training. ELO: 1200.094.
[INFO] Matt. Step: 720000. Time Elapsed: 2203.072 s. Mean Reward: 0.802. Std of Reward: 0.692. Training. ELO: 1199.736.
[INFO] Matt. Step: 750000. Time Elapsed: 2297.730 s. Mean Reward: 0.730. Std of Reward: 0.758. Training. ELO: 1200.431.
[INFO] Matt. Step: 780000. Time Elapsed: 2386.268 s. Mean Reward: 0.649. Std of Reward: 0.755. Training. ELO: 1200.736.
[INFO] Exported Training/results\matt_sumo03\Matt\Matt-799762.onnx
[INFO] Matt. Step: 810000. Time Elapsed: 2481.403 s. Mean Reward: 0.696. Std of Reward: 0.673. Training. ELO: 1197.576.
[INFO] Matt. Step: 840000. Time Elapsed: 2569.208 s. Mean Reward: 0.679. Std of Reward: 0.765. Training. ELO: 1197.417.
[INFO] Matt. Step: 870000. Time Elapsed: 2663.654 s. Mean Reward: 0.783. Std of Reward: 0.679. Training. ELO: 1197.417.
[INFO] Matt. Step: 900000. Time Elapsed: 2751.902 s. Mean Reward: 0.679. Std of Reward: 0.762. Training. ELO: 1197.417.
[INFO] Matt. Step: 930000. Time Elapsed: 2849.818 s. Mean Reward: 0.764. Std of Reward: 0.673. Training. ELO: 1200.495.
[INFO] Matt. Step: 960000. Time Elapsed: 2937.590 s. Mean Reward: 0.786. Std of Reward: 0.638. Training. ELO: 1198.994.
[INFO] Matt. Step: 990000. Time Elapsed: 3031.990 s. Mean Reward: 0.678. Std of Reward: 0.729. Training. ELO: 1197.126.
[INFO] Exported Training/results\matt_sumo03\Matt\Matt-999948.onnx
[INFO] Matt. Step: 1020000. Time Elapsed: 3121.814 s. Mean Reward: 0.687. Std of Reward: 0.710. Training. ELO: 1193.468.
[INFO] Matt. Step: 1050000. Time Elapsed: 3210.472 s. Mean Reward: 0.760. Std of Reward: 0.704. Training. ELO: 1195.268.
[INFO] Matt. Step: 1080000. Time Elapsed: 3304.349 s. Mean Reward: 0.842. Std of Reward: 0.533. Training. ELO: 1196.635.
[INFO] Matt. Step: 1110000. Time Elapsed: 3391.756 s. Mean Reward: 0.802. Std of Reward: 0.623. Training. ELO: 1196.724.
[INFO] Matt. Step: 1140000. Time Elapsed: 3486.153 s. Mean Reward: 0.717. Std of Reward: 0.731. Training. ELO: 1196.547.
[INFO] Matt. Step: 1170000. Time Elapsed: 3574.129 s. Mean Reward: 0.708. Std of Reward: 0.717. Training. ELO: 1194.160.
[INFO] Matt. Step: 1200000. Time Elapsed: 3670.738 s. Mean Reward: 0.741. Std of Reward: 0.712. Training. ELO: 1194.260.
[INFO] Exported Training/results\matt_sumo03\Matt\Matt-1199810.onnx
[INFO] Matt. Step: 1230000. Time Elapsed: 3761.374 s. Mean Reward: 0.732. Std of Reward: 0.688. Training. ELO: 1194.260.
[INFO] Matt. Step: 1260000. Time Elapsed: 3855.541 s. Mean Reward: 0.873. Std of Reward: 0.584. Training. ELO: 1194.260.
[INFO] Matt. Step: 1290000. Time Elapsed: 3944.625 s. Mean Reward: 0.739. Std of Reward: 0.741. Training. ELO: 1194.260.
[INFO] Matt. Step: 1320000. Time Elapsed: 4039.450 s. Mean Reward: 0.794. Std of Reward: 0.712. Training. ELO: 1194.260.
[INFO] Matt. Step: 1350000. Time Elapsed: 4127.783 s. Mean Reward: 0.799. Std of Reward: 0.645. Training. ELO: 1194.260.
[INFO] Matt. Step: 1380000. Time Elapsed: 4215.590 s. Mean Reward: 0.753. Std of Reward: 0.712. Training. ELO: 1194.260.
[INFO] Exported Training/results\matt_sumo03\Matt\Matt-1399918.onnx
[INFO] Matt. Step: 1410000. Time Elapsed: 4310.889 s. Mean Reward: 0.734. Std of Reward: 0.697. Training. ELO: 1194.260.
[INFO] Matt. Step: 1440000. Time Elapsed: 4398.315 s. Mean Reward: 0.707. Std of Reward: 0.673. Training. ELO: 1194.260.
[INFO] Matt. Step: 1470000. Time Elapsed: 4490.934 s. Mean Reward: 0.750. Std of Reward: 0.590. Training. ELO: 1194.260.
[INFO] Matt. Step: 1500000. Time Elapsed: 4579.369 s. Mean Reward: 0.757. Std of Reward: 0.682. Training. ELO: 1194.260.
[INFO] Matt. Step: 1530000. Time Elapsed: 4673.461 s. Mean Reward: 0.797. Std of Reward: 0.639. Training. ELO: 1195.677.
[INFO] Matt. Step: 1560000. Time Elapsed: 4761.123 s. Mean Reward: 0.761. Std of Reward: 0.705. Training. ELO: 1198.696.
[INFO] Matt. Step: 1590000. Time Elapsed: 4855.707 s. Mean Reward: 0.803. Std of Reward: 0.616. Training. ELO: 1199.713.
[INFO] Exported Training/results\matt_sumo03\Matt\Matt-1599950.onnx
[INFO] Matt. Step: 1620000. Time Elapsed: 4944.808 s. Mean Reward: 0.705. Std of Reward: 0.738. Training. ELO: 1199.713.
[INFO] Matt. Step: 1650000. Time Elapsed: 5038.843 s. Mean Reward: 0.607. Std of Reward: 0.774. Training. ELO: 1199.713.
[INFO] Matt. Step: 1680000. Time Elapsed: 5127.249 s. Mean Reward: 0.606. Std of Reward: 0.842. Training. ELO: 1199.713.
[INFO] Matt. Step: 1710000. Time Elapsed: 5221.690 s. Mean Reward: 0.711. Std of Reward: 0.761. Training. ELO: 1199.953.
[INFO] Matt. Step: 1740000. Time Elapsed: 5309.318 s. Mean Reward: 0.574. Std of Reward: 0.791. Training. ELO: 1196.895.
[INFO] Matt. Step: 1770000. Time Elapsed: 5397.264 s. Mean Reward: 0.690. Std of Reward: 0.749. Training. ELO: 1191.637.
[INFO] Matt. Step: 1800000. Time Elapsed: 5491.268 s. Mean Reward: 0.721. Std of Reward: 0.725. Training. ELO: 1191.761.
[INFO] Exported Training/results\matt_sumo03\Matt\Matt-1799861.onnx
[INFO] Matt. Step: 1830000. Time Elapsed: 5581.887 s. Mean Reward: 0.731. Std of Reward: 0.716. Training. ELO: 1191.761.
[INFO] Matt. Step: 1860000. Time Elapsed: 5675.073 s. Mean Reward: 0.743. Std of Reward: 0.737. Training. ELO: 1191.074.
[INFO] Matt. Step: 1890000. Time Elapsed: 5762.389 s. Mean Reward: 0.547. Std of Reward: 0.815. Training. ELO: 1184.056.
[INFO] Matt. Step: 1920000. Time Elapsed: 5856.413 s. Mean Reward: 0.617. Std of Reward: 0.787. Training. ELO: 1180.416.
[INFO] Matt. Step: 1950000. Time Elapsed: 5945.416 s. Mean Reward: 0.745. Std of Reward: 0.701. Training. ELO: 1179.948.
[INFO] Matt. Step: 1980000. Time Elapsed: 6039.383 s. Mean Reward: 0.594. Std of Reward: 0.802. Training. ELO: 1175.917.
[INFO] Exported Training/results\matt_sumo03\Matt\Matt-1999713.onnx
[INFO] Matt. Step: 2010000. Time Elapsed: 6128.114 s. Mean Reward: 0.651. Std of Reward: 0.742. Training. ELO: 1170.025.
[INFO] Matt. Step: 2040000. Time Elapsed: 6221.245 s. Mean Reward: 0.887. Std of Reward: 0.664. Training. ELO: 1168.718.
[INFO] Matt. Step: 2070000. Time Elapsed: 6308.309 s. Mean Reward: 0.733. Std of Reward: 0.752. Training. ELO: 1169.091.
[INFO] Matt. Step: 2100000. Time Elapsed: 6395.621 s. Mean Reward: 0.749. Std of Reward: 0.682. Training. ELO: 1169.347.
[INFO] Matt. Step: 2130000. Time Elapsed: 6488.959 s. Mean Reward: 0.730. Std of Reward: 0.774. Training. ELO: 1167.886.
[INFO] Matt. Step: 2160000. Time Elapsed: 6575.994 s. Mean Reward: 0.578. Std of Reward: 0.833. Training. ELO: 1166.157.
[INFO] Matt. Step: 2190000. Time Elapsed: 6669.626 s. Mean Reward: 0.811. Std of Reward: 0.700. Training. ELO: 1166.385.
[INFO] Exported Training/results\matt_sumo03\Matt\Matt-2199864.onnx
[INFO] Matt. Step: 2220000. Time Elapsed: 6757.336 s. Mean Reward: 0.577. Std of Reward: 0.823. Training. ELO: 1166.385.
[INFO] Matt. Step: 2250000. Time Elapsed: 6850.523 s. Mean Reward: 0.628. Std of Reward: 0.777. Training. ELO: 1166.385.
[INFO] Matt. Step: 2280000. Time Elapsed: 6939.314 s. Mean Reward: 0.570. Std of Reward: 0.865. Training. ELO: 1166.385.
[INFO] Matt. Step: 2310000. Time Elapsed: 7033.710 s. Mean Reward: 0.649. Std of Reward: 0.835. Training. ELO: 1166.385.
[INFO] Matt. Step: 2340000. Time Elapsed: 7121.209 s. Mean Reward: 0.707. Std of Reward: 0.746. Training. ELO: 1166.385.
[INFO] Matt. Step: 2370000. Time Elapsed: 7214.126 s. Mean Reward: 0.668. Std of Reward: 0.749. Training. ELO: 1165.740.
[INFO] Matt. Step: 2400000. Time Elapsed: 7300.992 s. Mean Reward: 0.532. Std of Reward: 0.846. Training. ELO: 1163.023.
[INFO] Exported Training/results\matt_sumo03\Matt\Matt-2399907.onnx
[INFO] Matt. Step: 2430000. Time Elapsed: 7389.607 s. Mean Reward: 0.613. Std of Reward: 0.802. Training. ELO: 1161.295.
[INFO] Matt. Step: 2460000. Time Elapsed: 7484.203 s. Mean Reward: 0.680. Std of Reward: 0.796. Training. ELO: 1161.372.
[INFO] Matt. Step: 2490000. Time Elapsed: 7571.201 s. Mean Reward: 0.685. Std of Reward: 0.814. Training. ELO: 1161.372.
[INFO] Matt. Step: 2520000. Time Elapsed: 7665.843 s. Mean Reward: 0.659. Std of Reward: 0.830. Training. ELO: 1161.693.
[INFO] Matt. Step: 2550000. Time Elapsed: 7752.066 s. Mean Reward: 0.676. Std of Reward: 0.811. Training. ELO: 1163.008.
[INFO] Matt. Step: 2580000. Time Elapsed: 7846.708 s. Mean Reward: 0.641. Std of Reward: 0.809. Training. ELO: 1160.371.
[INFO] Exported Training/results\matt_sumo03\Matt\Matt-2599933.onnx
[INFO] Matt. Step: 2610000. Time Elapsed: 7934.425 s. Mean Reward: 0.603. Std of Reward: 0.851. Training. ELO: 1161.028.
[INFO] Matt. Step: 2640000. Time Elapsed: 8028.700 s. Mean Reward: 0.658. Std of Reward: 0.825. Training. ELO: 1159.196.
[INFO] Matt. Step: 2670000. Time Elapsed: 8115.697 s. Mean Reward: 0.737. Std of Reward: 0.816. Training. ELO: 1160.864.
[INFO] Matt. Step: 2700000. Time Elapsed: 8208.893 s. Mean Reward: 0.759. Std of Reward: 0.732. Training. ELO: 1165.569.
[INFO] Matt. Step: 2730000. Time Elapsed: 8298.589 s. Mean Reward: 0.555. Std of Reward: 0.825. Training. ELO: 1166.322.
[INFO] Matt. Step: 2760000. Time Elapsed: 8387.041 s. Mean Reward: 0.668. Std of Reward: 0.822. Training. ELO: 1166.030.
[INFO] Matt. Step: 2790000. Time Elapsed: 8479.303 s. Mean Reward: 0.649. Std of Reward: 0.845. Training. ELO: 1163.416.
[INFO] Exported Training/results\matt_sumo03\Matt\Matt-2799986.onnx
[INFO] Matt. Step: 2820000. Time Elapsed: 8567.562 s. Mean Reward: 0.729. Std of Reward: 0.759. Training. ELO: 1164.040.
[INFO] Matt. Step: 2850000. Time Elapsed: 8661.581 s. Mean Reward: 0.726. Std of Reward: 0.762. Training. ELO: 1164.275.
[INFO] Matt. Step: 2880000. Time Elapsed: 8749.846 s. Mean Reward: 0.734. Std of Reward: 0.773. Training. ELO: 1164.655.
[INFO] Matt. Step: 2910000. Time Elapsed: 8843.199 s. Mean Reward: 0.693. Std of Reward: 0.738. Training. ELO: 1168.988.
[INFO] Matt. Step: 2940000. Time Elapsed: 8930.045 s. Mean Reward: 0.787. Std of Reward: 0.675. Training. ELO: 1171.580.
[INFO] Matt. Step: 2970000. Time Elapsed: 9023.448 s. Mean Reward: 0.738. Std of Reward: 0.730. Training. ELO: 1175.357.
[INFO] Matt. Step: 3000000. Time Elapsed: 9111.795 s. Mean Reward: 0.814. Std of Reward: 0.704. Training. ELO: 1181.816.
[INFO] Exported Training/results\matt_sumo03\Matt\Matt-2999969.onnx
[INFO] Matt. Step: 3030000. Time Elapsed: 9205.860 s. Mean Reward: 0.712. Std of Reward: 0.825. Training. ELO: 1185.765.
[INFO] Matt. Step: 3060000. Time Elapsed: 9293.621 s. Mean Reward: 0.567. Std of Reward: 0.864. Training. ELO: 1185.932.
[INFO] Matt. Step: 3090000. Time Elapsed: 9381.848 s. Mean Reward: 0.685. Std of Reward: 0.842. Training. ELO: 1182.689.
[INFO] Matt. Step: 3120000. Time Elapsed: 9474.816 s. Mean Reward: 0.577. Std of Reward: 0.905. Training. ELO: 1180.793.
[INFO] Matt. Step: 3150000. Time Elapsed: 9563.399 s. Mean Reward: 0.680. Std of Reward: 0.792. Training. ELO: 1179.940.
[INFO] Matt. Step: 3180000. Time Elapsed: 9657.642 s. Mean Reward: 0.677. Std of Reward: 0.800. Training. ELO: 1181.696.
[INFO] Exported Training/results\matt_sumo03\Matt\Matt-3199965.onnx
[INFO] Matt. Step: 3210000. Time Elapsed: 9745.686 s. Mean Reward: 0.616. Std of Reward: 0.840. Training. ELO: 1181.705.
[INFO] Matt. Step: 3240000. Time Elapsed: 9839.767 s. Mean Reward: 0.609. Std of Reward: 0.859. Training. ELO: 1181.013.
[INFO] Matt. Step: 3270000. Time Elapsed: 9928.005 s. Mean Reward: 0.641. Std of Reward: 0.845. Training. ELO: 1180.288.
[INFO] Matt. Step: 3300000. Time Elapsed: 10021.645 s. Mean Reward: 0.645. Std of Reward: 0.843. Training. ELO: 1178.926.
[INFO] Matt. Step: 3330000. Time Elapsed: 10109.129 s. Mean Reward: 0.676. Std of Reward: 0.811. Training. ELO: 1175.672.
[INFO] Matt. Step: 3360000. Time Elapsed: 10203.043 s. Mean Reward: 0.680. Std of Reward: 0.808. Training. ELO: 1170.292.
[INFO] Matt. Step: 3390000. Time Elapsed: 10290.687 s. Mean Reward: 0.665. Std of Reward: 0.833. Training. ELO: 1172.272.
[INFO] Exported Training/results\matt_sumo03\Matt\Matt-3399717.onnx
[INFO] Matt. Step: 3420000. Time Elapsed: 10380.290 s. Mean Reward: 0.711. Std of Reward: 0.801. Training. ELO: 1174.384.
[INFO] Matt. Step: 3450000. Time Elapsed: 10473.788 s. Mean Reward: 0.687. Std of Reward: 0.834. Training. ELO: 1174.956.
[INFO] Matt. Step: 3480000. Time Elapsed: 10562.098 s. Mean Reward: 0.852. Std of Reward: 0.702. Training. ELO: 1174.956.
[INFO] Matt. Step: 3510000. Time Elapsed: 10653.918 s. Mean Reward: 0.555. Std of Reward: 0.880. Training. ELO: 1174.956.
[INFO] Matt. Step: 3540000. Time Elapsed: 10743.240 s. Mean Reward: 0.707. Std of Reward: 0.766. Training. ELO: 1174.956.
[INFO] Matt. Step: 3570000. Time Elapsed: 10836.597 s. Mean Reward: 0.634. Std of Reward: 0.847. Training. ELO: 1175.806.
[INFO] Matt. Step: 3600000. Time Elapsed: 10924.878 s. Mean Reward: 0.526. Std of Reward: 0.939. Training. ELO: 1171.469.
[INFO] Exported Training/results\matt_sumo03\Matt\Matt-3599990.onnx
[INFO] Matt. Step: 3630000. Time Elapsed: 11021.510 s. Mean Reward: 0.560. Std of Reward: 0.847. Training. ELO: 1166.980.
[INFO] Matt. Step: 3660000. Time Elapsed: 11109.519 s. Mean Reward: 0.720. Std of Reward: 0.778. Training. ELO: 1166.707.
[INFO] Matt. Step: 3690000. Time Elapsed: 11204.310 s. Mean Reward: 0.598. Std of Reward: 0.884. Training. ELO: 1168.284.
[INFO] Matt. Step: 3720000. Time Elapsed: 11291.861 s. Mean Reward: 0.635. Std of Reward: 0.873. Training. ELO: 1171.949.
[INFO] Matt. Step: 3750000. Time Elapsed: 11387.689 s. Mean Reward: 0.752. Std of Reward: 0.785. Training. ELO: 1176.639.
[INFO] Matt. Step: 3780000. Time Elapsed: 11472.454 s. Mean Reward: 0.669. Std of Reward: 0.813. Training. ELO: 1178.456.
[INFO] Exported Training/results\matt_sumo03\Matt\Matt-3799783.onnx
[INFO] Matt. Step: 3810000. Time Elapsed: 11563.473 s. Mean Reward: 0.691. Std of Reward: 0.826. Training. ELO: 1183.827.
[INFO] Matt. Step: 3840000. Time Elapsed: 11656.221 s. Mean Reward: 0.687. Std of Reward: 0.794. Training. ELO: 1183.662.
[INFO] Matt. Step: 3870000. Time Elapsed: 11744.593 s. Mean Reward: 0.748. Std of Reward: 0.764. Training. ELO: 1184.364.
[INFO] Matt. Step: 3900000. Time Elapsed: 11837.702 s. Mean Reward: 0.715. Std of Reward: 0.783. Training. ELO: 1186.660.
[INFO] Matt. Step: 3930000. Time Elapsed: 11925.771 s. Mean Reward: 0.725. Std of Reward: 0.717. Training. ELO: 1187.850.
[INFO] Matt. Step: 3960000. Time Elapsed: 12018.563 s. Mean Reward: 0.674. Std of Reward: 0.771. Training. ELO: 1187.494.
[INFO] Matt. Step: 3990000. Time Elapsed: 12106.087 s. Mean Reward: 0.601. Std of Reward: 0.826. Training. ELO: 1185.863.
[INFO] Exported Training/results\matt_sumo03\Matt\Matt-3999822.onnx
[INFO] Matt. Step: 4020000. Time Elapsed: 12202.566 s. Mean Reward: 0.641. Std of Reward: 0.810. Training. ELO: 1186.991.
[INFO] Matt. Step: 4050000. Time Elapsed: 12289.548 s. Mean Reward: 0.738. Std of Reward: 0.704. Training. ELO: 1187.457.
[INFO] Matt. Step: 4080000. Time Elapsed: 12376.987 s. Mean Reward: 0.801. Std of Reward: 0.646. Training. ELO: 1187.457.
[INFO] Matt. Step: 4110000. Time Elapsed: 12469.976 s. Mean Reward: 0.742. Std of Reward: 0.727. Training. ELO: 1187.457.
[INFO] Matt. Step: 4140000. Time Elapsed: 12559.502 s. Mean Reward: 0.693. Std of Reward: 0.767. Training. ELO: 1187.457.
[INFO] Matt. Step: 4170000. Time Elapsed: 12652.816 s. Mean Reward: 0.557. Std of Reward: 0.820. Training. ELO: 1187.850.
[INFO] Matt. Step: 4200000. Time Elapsed: 12741.501 s. Mean Reward: 0.678. Std of Reward: 0.805. Training. ELO: 1188.440.
[INFO] Exported Training/results\matt_sumo03\Matt\Matt-4199972.onnx
[INFO] Matt. Step: 4230000. Time Elapsed: 12835.022 s. Mean Reward: 0.618. Std of Reward: 0.748. Training. ELO: 1186.752.
[INFO] Matt. Step: 4260000. Time Elapsed: 12923.646 s. Mean Reward: 0.664. Std of Reward: 0.812. Training. ELO: 1184.231.
[INFO] Matt. Step: 4290000. Time Elapsed: 13016.697 s. Mean Reward: 0.770. Std of Reward: 0.763. Training. ELO: 1186.142.
[INFO] Matt. Step: 4320000. Time Elapsed: 13104.556 s. Mean Reward: 0.548. Std of Reward: 0.807. Training. ELO: 1186.142.
[INFO] Matt. Step: 4350000. Time Elapsed: 13198.822 s. Mean Reward: 0.715. Std of Reward: 0.716. Training. ELO: 1186.142.
[INFO] Matt. Step: 4380000. Time Elapsed: 13285.121 s. Mean Reward: 0.723. Std of Reward: 0.692. Training. ELO: 1186.142.
[INFO] Exported Training/results\matt_sumo03\Matt\Matt-4399712.onnx
[INFO] Matt. Step: 4410000. Time Elapsed: 13382.029 s. Mean Reward: 0.567. Std of Reward: 0.793. Training. ELO: 1186.142.
[INFO] Matt. Step: 4440000. Time Elapsed: 13468.072 s. Mean Reward: 0.620. Std of Reward: 0.798. Training. ELO: 1186.142.
[INFO] Matt. Step: 4470000. Time Elapsed: 13557.226 s. Mean Reward: 0.710. Std of Reward: 0.795. Training. ELO: 1186.142.
[INFO] Matt. Step: 4500000. Time Elapsed: 13649.000 s. Mean Reward: 0.754. Std of Reward: 0.671. Training. ELO: 1186.142.
[INFO] Matt. Step: 4530000. Time Elapsed: 13739.676 s. Mean Reward: 0.759. Std of Reward: 0.738. Training. ELO: 1186.142.
[INFO] Matt. Step: 4560000. Time Elapsed: 13832.137 s. Mean Reward: 0.651. Std of Reward: 0.760. Training. ELO: 1185.942.
[INFO] Matt. Step: 4590000. Time Elapsed: 13921.111 s. Mean Reward: 0.646. Std of Reward: 0.738. Training. ELO: 1183.767.
[INFO] Exported Training/results\matt_sumo03\Matt\Matt-4599912.onnx
[INFO] Matt. Step: 4620000. Time Elapsed: 14014.104 s. Mean Reward: 0.591. Std of Reward: 0.797. Training. ELO: 1180.601.
[INFO] Matt. Step: 4650000. Time Elapsed: 14102.414 s. Mean Reward: 0.547. Std of Reward: 0.797. Training. ELO: 1179.760.
[INFO] Matt. Step: 4680000. Time Elapsed: 14194.690 s. Mean Reward: 0.707. Std of Reward: 0.713. Training. ELO: 1179.450.
[INFO] Matt. Step: 4710000. Time Elapsed: 14283.400 s. Mean Reward: 0.825. Std of Reward: 0.596. Training. ELO: 1185.352.
[INFO] Matt. Step: 4740000. Time Elapsed: 14371.747 s. Mean Reward: 0.668. Std of Reward: 0.737. Training. ELO: 1187.790.
[INFO] Matt. Step: 4770000. Time Elapsed: 14464.288 s. Mean Reward: 0.633. Std of Reward: 0.770. Training. ELO: 1184.330.
[INFO] Matt. Step: 4800000. Time Elapsed: 14552.384 s. Mean Reward: 0.751. Std of Reward: 0.736. Training. ELO: 1182.849.
[INFO] Exported Training/results\matt_sumo03\Matt\Matt-4799746.onnx
[INFO] Matt. Step: 4830000. Time Elapsed: 14646.615 s. Mean Reward: 0.697. Std of Reward: 0.717. Training. ELO: 1182.849.
[INFO] Matt. Step: 4860000. Time Elapsed: 14735.250 s. Mean Reward: 0.647. Std of Reward: 0.738. Training. ELO: 1182.936.
[INFO] Matt. Step: 4890000. Time Elapsed: 14830.477 s. Mean Reward: 0.619. Std of Reward: 0.781. Training. ELO: 1180.961.
[INFO] Matt. Step: 4920000. Time Elapsed: 14918.531 s. Mean Reward: 0.679. Std of Reward: 0.735. Training. ELO: 1178.578.
[INFO] Matt. Step: 4950000. Time Elapsed: 15011.912 s. Mean Reward: 0.583. Std of Reward: 0.825. Training. ELO: 1178.355.
[INFO] Matt. Step: 4980000. Time Elapsed: 15100.455 s. Mean Reward: 0.738. Std of Reward: 0.753. Training. ELO: 1178.355.
[INFO] Exported Training/results\matt_sumo03\Matt\Matt-4999790.onnx
[INFO] Matt. Step: 5010000. Time Elapsed: 15193.933 s. Mean Reward: 0.643. Std of Reward: 0.792. Training. ELO: 1178.355.
[INFO] Matt. Step: 5040000. Time Elapsed: 15281.720 s. Mean Reward: 0.587. Std of Reward: 0.827. Training. ELO: 1178.355.
[INFO] Matt. Step: 5070000. Time Elapsed: 15369.841 s. Mean Reward: 0.638. Std of Reward: 0.768. Training. ELO: 1178.355.
[INFO] Matt. Step: 5100000. Time Elapsed: 15462.294 s. Mean Reward: 0.661. Std of Reward: 0.760. Training. ELO: 1178.355.
[INFO] Matt. Step: 5130000. Time Elapsed: 15550.591 s. Mean Reward: 0.553. Std of Reward: 0.807. Training. ELO: 1178.355.
[INFO] Matt. Step: 5160000. Time Elapsed: 15644.859 s. Mean Reward: 0.639. Std of Reward: 0.807. Training. ELO: 1178.172.
[INFO] Matt. Step: 5190000. Time Elapsed: 15734.216 s. Mean Reward: 0.674. Std of Reward: 0.803. Training. ELO: 1176.301.
[INFO] Exported Training/results\matt_sumo03\Matt\Matt-5199993.onnx
[INFO] Matt. Step: 5220000. Time Elapsed: 15827.263 s. Mean Reward: 0.708. Std of Reward: 0.756. Training. ELO: 1179.994.
[INFO] Matt. Step: 5250000. Time Elapsed: 15916.922 s. Mean Reward: 0.634. Std of Reward: 0.785. Training. ELO: 1180.725.
[INFO] Matt. Step: 5280000. Time Elapsed: 16009.761 s. Mean Reward: 0.571. Std of Reward: 0.797. Training. ELO: 1180.725.
[INFO] Matt. Step: 5310000. Time Elapsed: 16098.231 s. Mean Reward: 0.772. Std of Reward: 0.707. Training. ELO: 1180.725.
[INFO] Matt. Step: 5340000. Time Elapsed: 16192.617 s. Mean Reward: 0.707. Std of Reward: 0.743. Training. ELO: 1180.725.
[INFO] Matt. Step: 5370000. Time Elapsed: 16279.792 s. Mean Reward: 0.606. Std of Reward: 0.864. Training. ELO: 1180.725.
[INFO] Matt. Step: 5400000. Time Elapsed: 16370.591 s. Mean Reward: 0.615. Std of Reward: 0.788. Training. ELO: 1180.725.
[INFO] Exported Training/results\matt_sumo03\Matt\Matt-5399983.onnx
[INFO] Matt. Step: 5430000. Time Elapsed: 16464.692 s. Mean Reward: 0.653. Std of Reward: 0.769. Training. ELO: 1180.725.
[INFO] Matt. Step: 5460000. Time Elapsed: 16555.274 s. Mean Reward: 0.580. Std of Reward: 0.819. Training. ELO: 1180.610.
[INFO] Matt. Step: 5490000. Time Elapsed: 16648.563 s. Mean Reward: 0.569. Std of Reward: 0.822. Training. ELO: 1176.084.
[INFO] Matt. Step: 5520000. Time Elapsed: 16737.909 s. Mean Reward: 0.539. Std of Reward: 0.833. Training. ELO: 1174.870.
[INFO] Matt. Step: 5550000. Time Elapsed: 16830.217 s. Mean Reward: 0.642. Std of Reward: 0.760. Training. ELO: 1174.781.
[INFO] Matt. Step: 5580000. Time Elapsed: 16919.209 s. Mean Reward: 0.694. Std of Reward: 0.762. Training. ELO: 1177.818.
[INFO] Exported Training/results\matt_sumo03\Matt\Matt-5599801.onnx
[INFO] Matt. Step: 5610000. Time Elapsed: 17012.083 s. Mean Reward: 0.734. Std of Reward: 0.751. Training. ELO: 1179.388.
[INFO] Matt. Step: 5640000. Time Elapsed: 17101.682 s. Mean Reward: 0.655. Std of Reward: 0.778. Training. ELO: 1181.323.
[INFO] Matt. Step: 5670000. Time Elapsed: 17195.563 s. Mean Reward: 0.553. Std of Reward: 0.857. Training. ELO: 1180.142.
[INFO] Matt. Step: 5700000. Time Elapsed: 17283.245 s. Mean Reward: 0.684. Std of Reward: 0.789. Training. ELO: 1181.264.
[INFO] Matt. Step: 5730000. Time Elapsed: 17372.011 s. Mean Reward: 0.625. Std of Reward: 0.783. Training. ELO: 1181.974.
[INFO] Matt. Step: 5760000. Time Elapsed: 17464.637 s. Mean Reward: 0.658. Std of Reward: 0.762. Training. ELO: 1179.837.
[INFO] Matt. Step: 5790000. Time Elapsed: 17553.368 s. Mean Reward: 0.668. Std of Reward: 0.759. Training. ELO: 1181.420.
[INFO] Exported Training/results\matt_sumo03\Matt\Matt-5799852.onnx
[INFO] Matt. Step: 5820000. Time Elapsed: 17647.541 s. Mean Reward: 0.711. Std of Reward: 0.733. Training. ELO: 1181.759.
[INFO] Matt. Step: 5850000. Time Elapsed: 17736.205 s. Mean Reward: 0.681. Std of Reward: 0.753. Training. ELO: 1179.956.
[INFO] Matt. Step: 5880000. Time Elapsed: 17830.172 s. Mean Reward: 0.706. Std of Reward: 0.730. Training. ELO: 1184.530.
[INFO] Matt. Step: 5910000. Time Elapsed: 17918.985 s. Mean Reward: 0.748. Std of Reward: 0.682. Training. ELO: 1188.989.
[INFO] Matt. Step: 5940000. Time Elapsed: 18012.131 s. Mean Reward: 0.610. Std of Reward: 0.806. Training. ELO: 1192.484.
[INFO] Matt. Step: 5970000. Time Elapsed: 18101.011 s. Mean Reward: 0.669. Std of Reward: 0.734. Training. ELO: 1191.259.
[INFO] Matt. Step: 6000000. Time Elapsed: 18194.208 s. Mean Reward: 0.576. Std of Reward: 0.790. Training. ELO: 1186.163.
[INFO] Exported Training/results\matt_sumo03\Matt\Matt-5999965.onnx
[INFO] Matt. Step: 6030000. Time Elapsed: 18282.820 s. Mean Reward: 0.779. Std of Reward: 0.702. Training. ELO: 1183.122.
[INFO] Matt. Step: 6060000. Time Elapsed: 18371.948 s. Mean Reward: 0.674. Std of Reward: 0.713. Training. ELO: 1183.030.
[INFO] Matt. Step: 6090000. Time Elapsed: 18466.606 s. Mean Reward: 0.589. Std of Reward: 0.785. Training. ELO: 1183.030.
[INFO] Matt. Step: 6120000. Time Elapsed: 18554.058 s. Mean Reward: 0.651. Std of Reward: 0.815. Training. ELO: 1183.518.
[INFO] Matt. Step: 6150000. Time Elapsed: 18647.349 s. Mean Reward: 0.593. Std of Reward: 0.861. Training. ELO: 1185.353.
[INFO] Matt. Step: 6180000. Time Elapsed: 18736.423 s. Mean Reward: 0.705. Std of Reward: 0.768. Training. ELO: 1181.439.
[INFO] Exported Training/results\matt_sumo03\Matt\Matt-6199807.onnx
[INFO] Matt. Step: 6210000. Time Elapsed: 18830.573 s. Mean Reward: 0.548. Std of Reward: 0.863. Training. ELO: 1181.370.
[INFO] Matt. Step: 6240000. Time Elapsed: 18919.660 s. Mean Reward: 0.687. Std of Reward: 0.797. Training. ELO: 1181.370.
[INFO] Matt. Step: 6270000. Time Elapsed: 19012.273 s. Mean Reward: 0.511. Std of Reward: 0.832. Training. ELO: 1180.387.
[INFO] Matt. Step: 6300000. Time Elapsed: 19101.486 s. Mean Reward: 0.578. Std of Reward: 0.835. Training. ELO: 1178.061.
[INFO] Matt. Step: 6330000. Time Elapsed: 19197.815 s. Mean Reward: 0.665. Std of Reward: 0.787. Training. ELO: 1175.662.
[INFO] Matt. Step: 6360000. Time Elapsed: 19286.208 s. Mean Reward: 0.685. Std of Reward: 0.789. Training. ELO: 1180.961.
[INFO] Matt. Step: 6390000. Time Elapsed: 19374.972 s. Mean Reward: 0.615. Std of Reward: 0.819. Training. ELO: 1181.978.
[INFO] Exported Training/results\matt_sumo03\Matt\Matt-6399864.onnx
[INFO] Matt. Step: 6420000. Time Elapsed: 19469.362 s. Mean Reward: 0.704. Std of Reward: 0.787. Training. ELO: 1180.997.
[INFO] Matt. Step: 6450000. Time Elapsed: 19558.271 s. Mean Reward: 0.640. Std of Reward: 0.775. Training. ELO: 1185.281.
[INFO] Matt. Step: 6480000. Time Elapsed: 19650.427 s. Mean Reward: 0.670. Std of Reward: 0.823. Training. ELO: 1185.398.
[INFO] Matt. Step: 6510000. Time Elapsed: 19740.978 s. Mean Reward: 0.708. Std of Reward: 0.739. Training. ELO: 1185.471.
[INFO] Matt. Step: 6540000. Time Elapsed: 19832.754 s. Mean Reward: 0.699. Std of Reward: 0.745. Training. ELO: 1185.471.
[INFO] Matt. Step: 6570000. Time Elapsed: 19921.998 s. Mean Reward: 0.731. Std of Reward: 0.722. Training. ELO: 1185.471.
[INFO] Matt. Step: 6600000. Time Elapsed: 20016.048 s. Mean Reward: 0.566. Std of Reward: 0.840. Training. ELO: 1185.471.
[INFO] Exported Training/results\matt_sumo03\Matt\Matt-6599995.onnx
[INFO] Matt. Step: 6630000. Time Elapsed: 20105.115 s. Mean Reward: 0.485. Std of Reward: 0.849. Training. ELO: 1182.011.
[INFO] Matt. Step: 6660000. Time Elapsed: 20198.195 s. Mean Reward: 0.483. Std of Reward: 0.863. Training. ELO: 1172.739.
[INFO] Matt. Step: 6690000. Time Elapsed: 20286.962 s. Mean Reward: 0.552. Std of Reward: 0.827. Training. ELO: 1165.419.
[INFO] Matt. Step: 6720000. Time Elapsed: 20374.658 s. Mean Reward: 0.577. Std of Reward: 0.860. Training. ELO: 1161.628.
[INFO] Matt. Step: 6750000. Time Elapsed: 20467.663 s. Mean Reward: 0.629. Std of Reward: 0.805. Training. ELO: 1163.496.
[INFO] Matt. Step: 6780000. Time Elapsed: 20556.914 s. Mean Reward: 0.643. Std of Reward: 0.769. Training. ELO: 1163.562.
[INFO] Exported Training/results\matt_sumo03\Matt\Matt-6799876.onnx
[INFO] Matt. Step: 6810000. Time Elapsed: 20650.770 s. Mean Reward: 0.625. Std of Reward: 0.806. Training. ELO: 1168.265.
[INFO] Matt. Step: 6840000. Time Elapsed: 20740.811 s. Mean Reward: 0.542. Std of Reward: 0.840. Training. ELO: 1167.090.
[INFO] Matt. Step: 6870000. Time Elapsed: 20834.018 s. Mean Reward: 0.615. Std of Reward: 0.810. Training. ELO: 1169.180.
[INFO] Matt. Step: 6900000. Time Elapsed: 20922.220 s. Mean Reward: 0.649. Std of Reward: 0.788. Training. ELO: 1169.945.
[INFO] Matt. Step: 6930000. Time Elapsed: 21015.988 s. Mean Reward: 0.591. Std of Reward: 0.813. Training. ELO: 1169.945.
[INFO] Matt. Step: 6960000. Time Elapsed: 21105.239 s. Mean Reward: 0.596. Std of Reward: 0.847. Training. ELO: 1170.183.
[INFO] Matt. Step: 6990000. Time Elapsed: 21198.495 s. Mean Reward: 0.529. Std of Reward: 0.865. Training. ELO: 1168.478.
[INFO] Exported Training/results\matt_sumo03\Matt\Matt-6999734.onnx
[INFO] Matt. Step: 7020000. Time Elapsed: 21287.782 s. Mean Reward: 0.648. Std of Reward: 0.794. Training. ELO: 1168.460.
[INFO] Matt. Step: 7050000. Time Elapsed: 21376.231 s. Mean Reward: 0.636. Std of Reward: 0.783. Training. ELO: 1170.889.
[INFO] Matt. Step: 7080000. Time Elapsed: 21469.264 s. Mean Reward: 0.580. Std of Reward: 0.840. Training. ELO: 1169.149.
[INFO] Matt. Step: 7110000. Time Elapsed: 21557.075 s. Mean Reward: 0.682. Std of Reward: 0.737. Training. ELO: 1167.084.
[INFO] Matt. Step: 7140000. Time Elapsed: 21649.850 s. Mean Reward: 0.670. Std of Reward: 0.778. Training. ELO: 1166.860.
[INFO] Matt. Step: 7170000. Time Elapsed: 21738.367 s. Mean Reward: 0.722. Std of Reward: 0.705. Training. ELO: 1167.165.
[INFO] Matt. Step: 7200000. Time Elapsed: 21831.900 s. Mean Reward: 0.561. Std of Reward: 0.806. Training. ELO: 1167.337.
[INFO] Exported Training/results\matt_sumo03\Matt\Matt-7199763.onnx
[INFO] Matt. Step: 7230000. Time Elapsed: 21924.349 s. Mean Reward: 0.509. Std of Reward: 0.906. Training. ELO: 1165.022.
[INFO] Matt. Step: 7260000. Time Elapsed: 22017.218 s. Mean Reward: 0.524. Std of Reward: 0.838. Training. ELO: 1160.122.
[INFO] Matt. Step: 7290000. Time Elapsed: 22105.794 s. Mean Reward: 0.537. Std of Reward: 0.900. Training. ELO: 1158.282.
[INFO] Matt. Step: 7320000. Time Elapsed: 22193.404 s. Mean Reward: 0.678. Std of Reward: 0.801. Training. ELO: 1158.282.
[INFO] Matt. Step: 7350000. Time Elapsed: 22288.318 s. Mean Reward: 0.578. Std of Reward: 0.831. Training. ELO: 1158.282.
[INFO] Matt. Step: 7380000. Time Elapsed: 22375.772 s. Mean Reward: 0.568. Std of Reward: 0.821. Training. ELO: 1158.271.
[INFO] Exported Training/results\matt_sumo03\Matt\Matt-7399818.onnx
[INFO] Matt. Step: 7410000. Time Elapsed: 22469.511 s. Mean Reward: 0.579. Std of Reward: 0.822. Training. ELO: 1158.457.
[INFO] Matt. Step: 7440000. Time Elapsed: 22557.362 s. Mean Reward: 0.569. Std of Reward: 0.846. Training. ELO: 1155.978.
[INFO] Matt. Step: 7470000. Time Elapsed: 22651.062 s. Mean Reward: 0.582. Std of Reward: 0.838. Training. ELO: 1157.092.
[INFO] Matt. Step: 7500000. Time Elapsed: 22739.929 s. Mean Reward: 0.614. Std of Reward: 0.836. Training. ELO: 1156.665.
[INFO] Matt. Step: 7530000. Time Elapsed: 22832.629 s. Mean Reward: 0.697. Std of Reward: 0.790. Training. ELO: 1157.302.
[INFO] Matt. Step: 7560000. Time Elapsed: 22921.256 s. Mean Reward: 0.552. Std of Reward: 0.868. Training. ELO: 1157.490.
[INFO] Matt. Step: 7590000. Time Elapsed: 23014.586 s. Mean Reward: 0.644. Std of Reward: 0.805. Training. ELO: 1158.277.
[INFO] Exported Training/results\matt_sumo03\Matt\Matt-7599711.onnx
[INFO] Matt. Step: 7620000. Time Elapsed: 23104.990 s. Mean Reward: 0.618. Std of Reward: 0.819. Training. ELO: 1158.773.
[INFO] Matt. Step: 7650000. Time Elapsed: 23198.848 s. Mean Reward: 0.535. Std of Reward: 0.848. Training. ELO: 1160.869.
[INFO] Matt. Step: 7680000. Time Elapsed: 23286.484 s. Mean Reward: 0.617. Std of Reward: 0.815. Training. ELO: 1158.626.
[INFO] Matt. Step: 7710000. Time Elapsed: 23375.236 s. Mean Reward: 0.713. Std of Reward: 0.831. Training. ELO: 1164.125.
[INFO] Matt. Step: 7740000. Time Elapsed: 23469.272 s. Mean Reward: 0.637. Std of Reward: 0.768. Training. ELO: 1164.209.
[INFO] Matt. Step: 7770000. Time Elapsed: 23557.184 s. Mean Reward: 0.642. Std of Reward: 0.772. Training. ELO: 1163.077.
[INFO] Matt. Step: 7800000. Time Elapsed: 23651.027 s. Mean Reward: 0.408. Std of Reward: 0.884. Training. ELO: 1163.109.
[INFO] Exported Training/results\matt_sumo03\Matt\Matt-7799760.onnx
[INFO] Matt. Step: 7830000. Time Elapsed: 23740.027 s. Mean Reward: 0.570. Std of Reward: 0.817. Training. ELO: 1163.109.
[INFO] Matt. Step: 7860000. Time Elapsed: 23832.127 s. Mean Reward: 0.593. Std of Reward: 0.818. Training. ELO: 1163.109.
[INFO] Matt. Step: 7890000. Time Elapsed: 23921.227 s. Mean Reward: 0.627. Std of Reward: 0.816. Training. ELO: 1163.109.
[INFO] Matt. Step: 7920000. Time Elapsed: 24014.172 s. Mean Reward: 0.594. Std of Reward: 0.788. Training. ELO: 1163.109.
[INFO] Matt. Step: 7950000. Time Elapsed: 24102.131 s. Mean Reward: 0.706. Std of Reward: 0.733. Training. ELO: 1163.109.
[INFO] Matt. Step: 7980000. Time Elapsed: 24196.087 s. Mean Reward: 0.682. Std of Reward: 0.752. Training. ELO: 1165.816.
[INFO] Exported Training/results\matt_sumo03\Matt\Matt-7999890.onnx
[INFO] Matt. Step: 8010000. Time Elapsed: 24284.577 s. Mean Reward: 0.577. Std of Reward: 0.851. Training. ELO: 1163.377.
[INFO] Matt. Step: 8040000. Time Elapsed: 24373.214 s. Mean Reward: 0.573. Std of Reward: 0.869. Training. ELO: 1161.600.
[INFO] Matt. Step: 8070000. Time Elapsed: 24467.227 s. Mean Reward: 0.662. Std of Reward: 0.771. Training. ELO: 1162.232.
[INFO] Matt. Step: 8100000. Time Elapsed: 24556.743 s. Mean Reward: 0.668. Std of Reward: 0.812. Training. ELO: 1163.634.
[INFO] Matt. Step: 8130000. Time Elapsed: 24649.356 s. Mean Reward: 0.596. Std of Reward: 0.881. Training. ELO: 1164.165.
[INFO] Matt. Step: 8160000. Time Elapsed: 24738.143 s. Mean Reward: 0.449. Std of Reward: 0.860. Training. ELO: 1163.727.
[INFO] Matt. Step: 8190000. Time Elapsed: 24831.176 s. Mean Reward: 0.670. Std of Reward: 0.794. Training. ELO: 1163.727.
[INFO] Exported Training/results\matt_sumo03\Matt\Matt-8199865.onnx
[INFO] Matt. Step: 8220000. Time Elapsed: 24921.937 s. Mean Reward: 0.560. Std of Reward: 0.796. Training. ELO: 1163.727.
[INFO] Matt. Step: 8250000. Time Elapsed: 25013.907 s. Mean Reward: 0.640. Std of Reward: 0.820. Training. ELO: 1163.727.
[INFO] Matt. Step: 8280000. Time Elapsed: 25103.456 s. Mean Reward: 0.628. Std of Reward: 0.797. Training. ELO: 1164.137.
[INFO] Matt. Step: 8310000. Time Elapsed: 25196.646 s. Mean Reward: 0.567. Std of Reward: 0.821. Training. ELO: 1167.340.
[INFO] Matt. Step: 8340000. Time Elapsed: 25285.066 s. Mean Reward: 0.651. Std of Reward: 0.785. Training. ELO: 1164.349.
