[INFO] Connected to Unity environment with package version 4.0.0 and communication version 1.5.0
[INFO] Connected to Unity environment with package version 4.0.0 and communication version 1.5.0
[INFO] Connected to Unity environment with package version 4.0.0 and communication version 1.5.0
[INFO] Connected new brain: Matt?team=0
[INFO] Connected new brain: Matt?team=0
[INFO] Connected new brain: Matt?team=1
[INFO] Connected new brain: Matt?team=1
[INFO] Connected new brain: Matt?team=0
[INFO] Connected new brain: Matt?team=1

            ┐  ╖
        ╓╖╬│╡  ││╬╖╖
    ╓╖╬│││││┘  ╬│││││╬╖
 ╖╬│││││╬╜        ╙╬│││││╖╖                               ╗╗╗
 ╬╬╬╬╖││╦╖        ╖╬││╗╣╣╣╬      ╟╣╣╬    ╟╣╣╣             ╜╜╜  ╟╣╣
 ╬╬╬╬╬╬╬╬╖│╬╖╖╓╬╪│╓╣╣╣╣╣╣╣╬      ╟╣╣╬    ╟╣╣╣ ╒╣╣╖╗╣╣╣╗   ╣╣╣ ╣╣╣╣╣╣ ╟╣╣╖   ╣╣╣
 ╬╬╬╬┐  ╙╬╬╬╬│╓╣╣╣╝╜  ╫╣╣╣╬      ╟╣╣╬    ╟╣╣╣ ╟╣╣╣╙ ╙╣╣╣  ╣╣╣ ╙╟╣╣╜╙  ╫╣╣  ╟╣╣
 ╬╬╬╬┐     ╙╬╬╣╣      ╫╣╣╣╬      ╟╣╣╬    ╟╣╣╣ ╟╣╣╬   ╣╣╣  ╣╣╣  ╟╣╣     ╣╣╣┌╣╣╜
 ╬╬╬╜       ╬╬╣╣      ╙╝╣╣╬      ╙╣╣╣╗╖╓╗╣╣╣╜ ╟╣╣╬   ╣╣╣  ╣╣╣  ╟╣╣╦╓    ╣╣╣╣╣
 ╙   ╓╦╖    ╬╬╣╣   ╓╗╗╖            ╙╝╣╣╣╣╝╜   ╘╝╝╜   ╝╝╝  ╝╝╝   ╙╣╣╣    ╟╣╣╣
   ╩╬╬╬╬╬╬╦╦╬╬╣╣╗╣╣╣╣╣╣╣╝                                             ╫╣╣╣╣
      ╙╬╬╬╬╬╬╬╣╣╣╣╣╣╝╜
          ╙╬╬╬╣╣╣╜
             ╙
        
 Version information:
  ml-agents: 1.2.0.dev0,
  ml-agents-envs: 1.2.0.dev0,
  Communicator API: 1.5.0,
  PyTorch: 2.5.1+cpu
[INFO] Hyperparameters for behavior name Matt: 
	trainer_type:	ppo
	hyperparameters:	
	  batch_size:	2048
	  buffer_size:	20480
	  learning_rate:	0.0003
	  beta:	0.008
	  epsilon:	0.2
	  lambd:	0.95
	  num_epoch:	3
	  shared_critic:	False
	  learning_rate_schedule:	linear
	  beta_schedule:	linear
	  epsilon_schedule:	linear
	checkpoint_interval:	200000
	network_settings:	
	  normalize:	True
	  hidden_units:	512
	  num_layers:	3
	  vis_encode_type:	simple
	  memory:	None
	  goal_conditioning_type:	hyper
	  deterministic:	False
	reward_signals:	
	  extrinsic:	
	    gamma:	0.995
	    strength:	1.0
	    network_settings:	
	      normalize:	False
	      hidden_units:	128
	      num_layers:	2
	      vis_encode_type:	simple
	      memory:	None
	      goal_conditioning_type:	hyper
	      deterministic:	False
	init_path:	None
	keep_checkpoints:	10
	even_checkpoints:	False
	max_steps:	30000000
	time_horizon:	1000
	summary_freq:	30000
	threaded:	True
	self_play:	
	  save_steps:	50000
	  team_change:	250000
	  swap_steps:	50000
	  window:	15
	  play_against_latest_model_ratio:	0.35
	  initial_elo:	1200.0
	behavioral_cloning:	None
[INFO] Resuming from Training/results\matt_sumo04\Matt.
[INFO] Resuming training from step 0.
[INFO] Parameter 'spawn_gap_half' is in lesson 'CloseQuarters' and has value 'Float: value=0.9'.
[INFO] Parameter 'shove_impulse' is in lesson 'HeavyShoves' and has value 'Float: value=45.0'.
[INFO] Parameter 'platform_difficulty' is in lesson 'StableFloor' and has value 'Float: value=0.0'.
[INFO] Matt. Step: 30000. Time Elapsed: 116.986 s. Mean Reward: 2.723. Std of Reward: 1.430. Training. ELO: 1204.774.
[INFO] Parameter 'spawn_gap_half' is in lesson 'FullGap' and has value 'Float: value=1.2'.
[INFO] Parameter 'shove_impulse' is in lesson 'ModerateShoves' and has value 'Float: value=25.0'.
[INFO] Matt. Step: 60000. Time Elapsed: 198.221 s. Mean Reward: 2.456. Std of Reward: 1.295. Training. ELO: 1214.866.
[INFO] Matt. Step: 90000. Time Elapsed: 278.689 s. Mean Reward: 2.442. Std of Reward: 1.481. Training. ELO: 1213.723.
[INFO] Matt. Step: 120000. Time Elapsed: 354.653 s. Mean Reward: 2.443. Std of Reward: 1.354. Training. ELO: 1216.850.
[INFO] Parameter 'platform_difficulty' is in lesson 'MediumFloor' and has value 'Float: value=0.5'.
[INFO] Matt. Step: 150000. Time Elapsed: 434.954 s. Mean Reward: 2.212. Std of Reward: 1.531. Training. ELO: 1220.158.
[INFO] Matt. Step: 180000. Time Elapsed: 510.479 s. Mean Reward: 2.257. Std of Reward: 1.396. Training. ELO: 1220.522.
[INFO] Exported Training/results\matt_sumo04\Matt\Matt-199935.onnx
[INFO] Matt. Step: 210000. Time Elapsed: 589.320 s. Mean Reward: 2.535. Std of Reward: 1.343. Training. ELO: 1221.308.
[INFO] Parameter 'shove_impulse' is in lesson 'NoShoves' and has value 'Float: value=0.0'.
[INFO] Parameter 'platform_difficulty' is in lesson 'FullChaos' and has value 'Float: value=1.0'.
[INFO] Matt. Step: 240000. Time Elapsed: 665.409 s. Mean Reward: 2.345. Std of Reward: 1.480. Training. ELO: 1226.506.
[INFO] Matt. Step: 270000. Time Elapsed: 722.670 s. Mean Reward: 1.682. Std of Reward: 1.123. Training. ELO: 1240.712.
[INFO] Matt. Step: 300000. Time Elapsed: 761.861 s. Mean Reward: 1.633. Std of Reward: 1.118. Training. ELO: 1273.970.
[INFO] Matt. Step: 330000. Time Elapsed: 802.661 s. Mean Reward: 1.894. Std of Reward: 1.108. Training. ELO: 1301.298.
[INFO] Matt. Step: 360000. Time Elapsed: 845.513 s. Mean Reward: 1.923. Std of Reward: 1.079. Training. ELO: 1325.916.
[INFO] Matt. Step: 390000. Time Elapsed: 887.238 s. Mean Reward: 1.815. Std of Reward: 1.118. Training. ELO: 1348.730.
[INFO] Exported Training/results\matt_sumo04\Matt\Matt-399960.onnx
[INFO] Matt. Step: 420000. Time Elapsed: 936.440 s. Mean Reward: 1.736. Std of Reward: 1.143. Training. ELO: 1375.140.
[INFO] Matt. Step: 450000. Time Elapsed: 986.112 s. Mean Reward: 1.879. Std of Reward: 1.141. Training. ELO: 1392.289.
[INFO] Matt. Step: 480000. Time Elapsed: 1035.483 s. Mean Reward: 1.678. Std of Reward: 1.076. Training. ELO: 1399.036.
[INFO] Matt. Step: 510000. Time Elapsed: 1087.980 s. Mean Reward: 1.795. Std of Reward: 1.126. Training. ELO: 1399.159.
[INFO] Matt. Step: 540000. Time Elapsed: 1170.154 s. Mean Reward: 2.526. Std of Reward: 1.687. Training. ELO: 1400.336.
[INFO] Matt. Step: 570000. Time Elapsed: 1246.867 s. Mean Reward: 2.511. Std of Reward: 1.532. Training. ELO: 1399.328.
[INFO] Matt. Step: 600000. Time Elapsed: 1328.557 s. Mean Reward: 2.625. Std of Reward: 1.807. Training. ELO: 1398.502.
[INFO] Exported Training/results\matt_sumo04\Matt\Matt-599983.onnx
[INFO] Matt. Step: 630000. Time Elapsed: 1406.376 s. Mean Reward: 2.632. Std of Reward: 1.345. Training. ELO: 1403.313.
[INFO] Matt. Step: 660000. Time Elapsed: 1505.827 s. Mean Reward: 2.619. Std of Reward: 1.563. Training. ELO: 1404.610.
[INFO] Matt. Step: 690000. Time Elapsed: 1612.759 s. Mean Reward: 2.712. Std of Reward: 1.561. Training. ELO: 1391.786.
[INFO] Matt. Step: 720000. Time Elapsed: 1718.302 s. Mean Reward: 2.776. Std of Reward: 1.550. Training. ELO: 1393.303.
[INFO] Matt. Step: 750000. Time Elapsed: 1825.724 s. Mean Reward: 2.430. Std of Reward: 1.598. Training. ELO: 1392.512.
[INFO] Matt. Step: 780000. Time Elapsed: 1886.538 s. Mean Reward: 1.949. Std of Reward: 1.010. Training. ELO: 1411.638.
[INFO] Exported Training/results\matt_sumo04\Matt\Matt-799559.onnx
[INFO] Matt. Step: 810000. Time Elapsed: 1947.326 s. Mean Reward: 1.827. Std of Reward: 1.222. Training. ELO: 1452.678.
[INFO] Matt. Step: 840000. Time Elapsed: 2001.100 s. Mean Reward: 2.066. Std of Reward: 1.154. Training. ELO: 1475.837.
[INFO] Matt. Step: 870000. Time Elapsed: 2061.697 s. Mean Reward: 2.005. Std of Reward: 1.257. Training. ELO: 1494.144.
[INFO] Matt. Step: 900000. Time Elapsed: 2120.346 s. Mean Reward: 2.067. Std of Reward: 1.352. Training. ELO: 1495.220.
[INFO] Matt. Step: 930000. Time Elapsed: 2185.807 s. Mean Reward: 2.163. Std of Reward: 1.245. Training. ELO: 1495.220.
[INFO] Matt. Step: 960000. Time Elapsed: 2238.219 s. Mean Reward: 2.144. Std of Reward: 1.319. Training. ELO: 1495.220.
[INFO] Matt. Step: 990000. Time Elapsed: 2284.911 s. Mean Reward: 2.126. Std of Reward: 1.530. Training. ELO: 1495.220.
[INFO] Exported Training/results\matt_sumo04\Matt\Matt-999861.onnx
[INFO] Matt. Step: 1020000. Time Elapsed: 2350.067 s. Mean Reward: 2.375. Std of Reward: 1.569. Training. ELO: 1495.220.
[INFO] Matt. Step: 1050000. Time Elapsed: 2420.803 s. Mean Reward: 2.916. Std of Reward: 1.912. Training. ELO: 1492.546.
[INFO] Matt. Step: 1080000. Time Elapsed: 2494.850 s. Mean Reward: 3.347. Std of Reward: 2.030. Training. ELO: 1488.311.
[INFO] Matt. Step: 1110000. Time Elapsed: 2566.591 s. Mean Reward: 3.302. Std of Reward: 1.759. Training. ELO: 1486.942.
[INFO] Matt. Step: 1140000. Time Elapsed: 2644.608 s. Mean Reward: 3.537. Std of Reward: 1.725. Training. ELO: 1484.753.
[INFO] Matt. Step: 1170000. Time Elapsed: 2721.718 s. Mean Reward: 3.484. Std of Reward: 1.828. Training. ELO: 1483.773.
[INFO] Matt. Step: 1200000. Time Elapsed: 2842.131 s. Mean Reward: 3.388. Std of Reward: 1.658. Training. ELO: 1482.874.
[INFO] Exported Training/results\matt_sumo04\Matt\Matt-1199959.onnx
[INFO] Matt. Step: 1230000. Time Elapsed: 2996.407 s. Mean Reward: 3.653. Std of Reward: 1.690. Training. ELO: 1484.208.
[INFO] Matt. Step: 1260000. Time Elapsed: 3098.824 s. Mean Reward: 2.832. Std of Reward: 1.707. Training. ELO: 1482.402.
[INFO] Matt. Step: 1290000. Time Elapsed: 3163.597 s. Mean Reward: 2.365. Std of Reward: 1.629. Training. ELO: 1481.870.
[INFO] Matt. Step: 1320000. Time Elapsed: 3221.619 s. Mean Reward: 2.528. Std of Reward: 1.556. Training. ELO: 1481.870.
[INFO] Matt. Step: 1350000. Time Elapsed: 3286.408 s. Mean Reward: 2.400. Std of Reward: 1.516. Training. ELO: 1481.870.
[INFO] Matt. Step: 1380000. Time Elapsed: 3343.159 s. Mean Reward: 2.536. Std of Reward: 1.557. Training. ELO: 1481.870.
[INFO] Exported Training/results\matt_sumo04\Matt\Matt-1399657.onnx
[INFO] Matt. Step: 1410000. Time Elapsed: 3404.871 s. Mean Reward: 2.468. Std of Reward: 1.720. Training. ELO: 1481.870.
[INFO] Matt. Step: 1440000. Time Elapsed: 3464.956 s. Mean Reward: 2.482. Std of Reward: 1.565. Training. ELO: 1481.870.
[INFO] Matt. Step: 1470000. Time Elapsed: 3529.109 s. Mean Reward: 2.440. Std of Reward: 1.650. Training. ELO: 1481.870.
[INFO] Matt. Step: 1500000. Time Elapsed: 3584.600 s. Mean Reward: 2.356. Std of Reward: 1.571. Training. ELO: 1481.870.
[INFO] Matt. Step: 1530000. Time Elapsed: 3690.066 s. Mean Reward: 4.308. Std of Reward: 1.997. Training. ELO: 1480.927.
[INFO] Matt. Step: 1560000. Time Elapsed: 3792.490 s. Mean Reward: 4.815. Std of Reward: 1.843. Training. ELO: 1480.458.
[INFO] Matt. Step: 1590000. Time Elapsed: 3894.000 s. Mean Reward: 4.730. Std of Reward: 1.846. Training. ELO: 1480.458.
[INFO] Exported Training/results\matt_sumo04\Matt\Matt-1599906.onnx
[INFO] Matt. Step: 1620000. Time Elapsed: 4001.510 s. Mean Reward: 4.707. Std of Reward: 1.760. Training. ELO: 1480.858.
[INFO] Matt. Step: 1650000. Time Elapsed: 4104.680 s. Mean Reward: 4.160. Std of Reward: 1.813. Training. ELO: 1480.104.
[INFO] Matt. Step: 1680000. Time Elapsed: 4212.500 s. Mean Reward: 4.422. Std of Reward: 1.855. Training. ELO: 1479.933.
[INFO] Matt. Step: 1710000. Time Elapsed: 4315.359 s. Mean Reward: 4.839. Std of Reward: 1.636. Training. ELO: 1482.030.
[INFO] Matt. Step: 1740000. Time Elapsed: 4426.325 s. Mean Reward: 4.409. Std of Reward: 1.682. Training. ELO: 1488.975.
[INFO] Matt. Step: 1770000. Time Elapsed: 4505.060 s. Mean Reward: 2.486. Std of Reward: 1.743. Training. ELO: 1489.976.
[INFO] Matt. Step: 1800000. Time Elapsed: 4567.802 s. Mean Reward: 2.689. Std of Reward: 1.652. Training. ELO: 1489.976.
[INFO] Exported Training/results\matt_sumo04\Matt\Matt-1799711.onnx
[INFO] Matt. Step: 1830000. Time Elapsed: 4627.322 s. Mean Reward: 2.494. Std of Reward: 1.624. Training. ELO: 1489.976.
[INFO] Matt. Step: 1860000. Time Elapsed: 4698.385 s. Mean Reward: 2.662. Std of Reward: 1.777. Training. ELO: 1491.890.
[INFO] Matt. Step: 1890000. Time Elapsed: 4755.181 s. Mean Reward: 2.681. Std of Reward: 1.876. Training. ELO: 1522.828.
[INFO] Matt. Step: 1920000. Time Elapsed: 4811.590 s. Mean Reward: 2.612. Std of Reward: 1.681. Training. ELO: 1554.569.
[INFO] Matt. Step: 1950000. Time Elapsed: 4873.492 s. Mean Reward: 2.556. Std of Reward: 1.702. Training. ELO: 1578.772.
[INFO] Matt. Step: 1980000. Time Elapsed: 4929.656 s. Mean Reward: 2.451. Std of Reward: 1.774. Training. ELO: 1596.806.
[INFO] Exported Training/results\matt_sumo04\Matt\Matt-1999946.onnx
[INFO] Matt. Step: 2010000. Time Elapsed: 5004.025 s. Mean Reward: 2.601. Std of Reward: 1.899. Training. ELO: 1606.896.
[INFO] Matt. Step: 2040000. Time Elapsed: 5107.681 s. Mean Reward: 4.779. Std of Reward: 2.193. Training. ELO: 1610.676.
[INFO] Matt. Step: 2070000. Time Elapsed: 5214.491 s. Mean Reward: 4.356. Std of Reward: 2.203. Training. ELO: 1608.399.
[INFO] Matt. Step: 2100000. Time Elapsed: 5319.377 s. Mean Reward: 4.732. Std of Reward: 2.163. Training. ELO: 1604.273.
[INFO] Matt. Step: 2130000. Time Elapsed: 5425.261 s. Mean Reward: 4.209. Std of Reward: 2.274. Training. ELO: 1603.772.
[INFO] Matt. Step: 2160000. Time Elapsed: 5530.199 s. Mean Reward: 4.689. Std of Reward: 2.064. Training. ELO: 1603.959.
[INFO] Matt. Step: 2190000. Time Elapsed: 5632.584 s. Mean Reward: 4.705. Std of Reward: 1.906. Training. ELO: 1604.107.
[INFO] Exported Training/results\matt_sumo04\Matt\Matt-2199983.onnx
[INFO] Matt. Step: 2220000. Time Elapsed: 5741.037 s. Mean Reward: 4.343. Std of Reward: 2.431. Training. ELO: 1599.944.
[INFO] Matt. Step: 2250000. Time Elapsed: 5851.386 s. Mean Reward: 4.537. Std of Reward: 2.252. Training. ELO: 1597.709.
[INFO] Matt. Step: 2280000. Time Elapsed: 5918.526 s. Mean Reward: 2.833. Std of Reward: 1.956. Training. ELO: 1618.730.
[INFO] Matt. Step: 2310000. Time Elapsed: 5977.590 s. Mean Reward: 2.643. Std of Reward: 1.926. Training. ELO: 1659.403.
[INFO] Matt. Step: 2340000. Time Elapsed: 6040.502 s. Mean Reward: 2.918. Std of Reward: 2.115. Training. ELO: 1688.378.
[INFO] Matt. Step: 2370000. Time Elapsed: 6098.368 s. Mean Reward: 2.689. Std of Reward: 1.936. Training. ELO: 1707.696.
[INFO] Matt. Step: 2400000. Time Elapsed: 6162.194 s. Mean Reward: 2.487. Std of Reward: 1.813. Training. ELO: 1726.072.
[INFO] Exported Training/results\matt_sumo04\Matt\Matt-2399852.onnx
[INFO] Matt. Step: 2430000. Time Elapsed: 6220.585 s. Mean Reward: 2.686. Std of Reward: 1.809. Training. ELO: 1743.716.
[INFO] Matt. Step: 2460000. Time Elapsed: 6278.926 s. Mean Reward: 2.763. Std of Reward: 2.024. Training. ELO: 1761.295.
[INFO] Matt. Step: 2490000. Time Elapsed: 6339.373 s. Mean Reward: 2.636. Std of Reward: 1.931. Training. ELO: 1786.063.
[INFO] Matt. Step: 2520000. Time Elapsed: 6421.987 s. Mean Reward: 3.567. Std of Reward: 2.349. Training. ELO: 1804.654.
[INFO] Matt. Step: 2550000. Time Elapsed: 6530.218 s. Mean Reward: 5.413. Std of Reward: 2.099. Training. ELO: 1802.612.
[INFO] Matt. Step: 2580000. Time Elapsed: 6633.280 s. Mean Reward: 5.419. Std of Reward: 2.294. Training. ELO: 1800.193.
[INFO] Exported Training/results\matt_sumo04\Matt\Matt-2599738.onnx
[INFO] Matt. Step: 2610000. Time Elapsed: 6741.870 s. Mean Reward: 5.720. Std of Reward: 2.083. Training. ELO: 1799.939.
[INFO] Matt. Step: 2640000. Time Elapsed: 6845.852 s. Mean Reward: 5.362. Std of Reward: 2.143. Training. ELO: 1796.089.
[INFO] Matt. Step: 2670000. Time Elapsed: 6953.155 s. Mean Reward: 5.241. Std of Reward: 1.909. Training. ELO: 1785.028.
[INFO] Matt. Step: 2700000. Time Elapsed: 7055.709 s. Mean Reward: 5.189. Std of Reward: 2.208. Training. ELO: 1780.646.
[INFO] Matt. Step: 2730000. Time Elapsed: 7167.066 s. Mean Reward: 5.382. Std of Reward: 2.216. Training. ELO: 1772.924.
[INFO] Matt. Step: 2760000. Time Elapsed: 7263.192 s. Mean Reward: 4.144. Std of Reward: 2.531. Training. ELO: 1773.816.
[INFO] Matt. Step: 2790000. Time Elapsed: 7321.557 s. Mean Reward: 2.896. Std of Reward: 2.197. Training. ELO: 1791.997.
[INFO] Exported Training/results\matt_sumo04\Matt\Matt-2799800.onnx
[INFO] Matt. Step: 2820000. Time Elapsed: 7384.312 s. Mean Reward: 3.096. Std of Reward: 2.011. Training. ELO: 1811.406.
[INFO] Matt. Step: 2850000. Time Elapsed: 7442.572 s. Mean Reward: 2.887. Std of Reward: 1.984. Training. ELO: 1825.196.
[INFO] Matt. Step: 2880000. Time Elapsed: 7505.675 s. Mean Reward: 2.865. Std of Reward: 2.062. Training. ELO: 1851.935.
[INFO] Matt. Step: 2910000. Time Elapsed: 7564.529 s. Mean Reward: 2.945. Std of Reward: 2.166. Training. ELO: 1883.988.
[INFO] Matt. Step: 2940000. Time Elapsed: 7625.868 s. Mean Reward: 3.012. Std of Reward: 2.077. Training. ELO: 1903.992.
[INFO] Matt. Step: 2970000. Time Elapsed: 7682.496 s. Mean Reward: 3.063. Std of Reward: 2.111. Training. ELO: 1919.978.
[INFO] Matt. Step: 3000000. Time Elapsed: 7743.781 s. Mean Reward: 3.164. Std of Reward: 2.187. Training. ELO: 1950.908.
[INFO] Exported Training/results\matt_sumo04\Matt\Matt-2999930.onnx
[INFO] Matt. Step: 3030000. Time Elapsed: 7843.115 s. Mean Reward: 4.963. Std of Reward: 2.544. Training. ELO: 1964.369.
[INFO] Matt. Step: 3060000. Time Elapsed: 7955.612 s. Mean Reward: 5.607. Std of Reward: 2.291. Training. ELO: 1960.619.
[INFO] Matt. Step: 3090000. Time Elapsed: 8054.480 s. Mean Reward: 6.131. Std of Reward: 2.217. Training. ELO: 1958.882.
[INFO] Matt. Step: 3120000. Time Elapsed: 8157.957 s. Mean Reward: 5.720. Std of Reward: 2.097. Training. ELO: 1958.999.
[INFO] Matt. Step: 3150000. Time Elapsed: 8267.023 s. Mean Reward: 5.965. Std of Reward: 1.727. Training. ELO: 1958.999.
[INFO] Matt. Step: 3180000. Time Elapsed: 8370.195 s. Mean Reward: 5.695. Std of Reward: 2.029. Training. ELO: 1959.007.
[INFO] Exported Training/results\matt_sumo04\Matt\Matt-3199751.onnx
[INFO] Matt. Step: 3210000. Time Elapsed: 8480.814 s. Mean Reward: 6.129. Std of Reward: 1.892. Training. ELO: 1957.824.
[INFO] Matt. Step: 3240000. Time Elapsed: 8588.847 s. Mean Reward: 5.924. Std of Reward: 2.185. Training. ELO: 1952.493.
[INFO] Matt. Step: 3270000. Time Elapsed: 8672.737 s. Mean Reward: 3.896. Std of Reward: 2.596. Training. ELO: 1962.901.
[INFO] Matt. Step: 3300000. Time Elapsed: 8731.279 s. Mean Reward: 3.179. Std of Reward: 2.226. Training. ELO: 1993.798.
[INFO] Matt. Step: 3330000. Time Elapsed: 8794.667 s. Mean Reward: 3.088. Std of Reward: 2.296. Training. ELO: 2017.149.
[INFO] Matt. Step: 3360000. Time Elapsed: 8851.839 s. Mean Reward: 3.138. Std of Reward: 2.414. Training. ELO: 2034.918.
[INFO] Matt. Step: 3390000. Time Elapsed: 8911.710 s. Mean Reward: 3.247. Std of Reward: 2.390. Training. ELO: 2063.668.
[INFO] Exported Training/results\matt_sumo04\Matt\Matt-3399989.onnx
[INFO] Matt. Step: 3420000. Time Elapsed: 8976.633 s. Mean Reward: 3.170. Std of Reward: 2.307. Training. ELO: 2086.091.
[INFO] Matt. Step: 3450000. Time Elapsed: 9030.243 s. Mean Reward: 3.177. Std of Reward: 2.283. Training. ELO: 2107.746.
[INFO] Matt. Step: 3480000. Time Elapsed: 9091.646 s. Mean Reward: 3.059. Std of Reward: 2.145. Training. ELO: 2123.010.
[INFO] Matt. Step: 3510000. Time Elapsed: 9159.595 s. Mean Reward: 3.579. Std of Reward: 2.424. Training. ELO: 2154.297.
[INFO] Matt. Step: 3540000. Time Elapsed: 9266.989 s. Mean Reward: 6.185. Std of Reward: 2.009. Training. ELO: 2165.569.
[INFO] Matt. Step: 3570000. Time Elapsed: 9367.185 s. Mean Reward: 5.657. Std of Reward: 2.170. Training. ELO: 2157.144.
[INFO] Matt. Step: 3600000. Time Elapsed: 9478.232 s. Mean Reward: 6.064. Std of Reward: 2.321. Training. ELO: 2154.497.
[INFO] Exported Training/results\matt_sumo04\Matt\Matt-3599699.onnx
[INFO] Matt. Step: 3630000. Time Elapsed: 9600.060 s. Mean Reward: 5.791. Std of Reward: 2.316. Training. ELO: 2146.703.
[INFO] Matt. Step: 3660000. Time Elapsed: 9707.800 s. Mean Reward: 5.477. Std of Reward: 2.570. Training. ELO: 2139.912.
[INFO] Matt. Step: 3690000. Time Elapsed: 9807.047 s. Mean Reward: 6.191. Std of Reward: 2.496. Training. ELO: 2137.642.
[INFO] Matt. Step: 3720000. Time Elapsed: 9907.130 s. Mean Reward: 6.185. Std of Reward: 2.212. Training. ELO: 2134.164.
[INFO] Matt. Step: 3750000. Time Elapsed: 10015.792 s. Mean Reward: 6.043. Std of Reward: 2.396. Training. ELO: 2130.567.
[INFO] Matt. Step: 3780000. Time Elapsed: 10077.099 s. Mean Reward: 3.251. Std of Reward: 2.278. Training. ELO: 2142.124.
[INFO] Exported Training/results\matt_sumo04\Matt\Matt-3799989.onnx
[INFO] Matt. Step: 3810000. Time Elapsed: 10138.188 s. Mean Reward: 3.542. Std of Reward: 2.559. Training. ELO: 2176.443.
[INFO] Matt. Step: 3840000. Time Elapsed: 10195.879 s. Mean Reward: 3.454. Std of Reward: 2.429. Training. ELO: 2206.171.
[INFO] Matt. Step: 3870000. Time Elapsed: 10269.244 s. Mean Reward: 3.128. Std of Reward: 2.354. Training. ELO: 2231.362.
[INFO] Matt. Step: 3900000. Time Elapsed: 10341.230 s. Mean Reward: 3.678. Std of Reward: 2.536. Training. ELO: 2250.085.
[INFO] Matt. Step: 3930000. Time Elapsed: 10429.823 s. Mean Reward: 3.611. Std of Reward: 2.468. Training. ELO: 2263.640.
[INFO] Matt. Step: 3960000. Time Elapsed: 10501.305 s. Mean Reward: 3.253. Std of Reward: 2.390. Training. ELO: 2273.867.
[INFO] Matt. Step: 3990000. Time Elapsed: 10573.885 s. Mean Reward: 3.314. Std of Reward: 2.529. Training. ELO: 2285.604.
[INFO] Exported Training/results\matt_sumo04\Matt\Matt-3999866.onnx
[INFO] Matt. Step: 4020000. Time Elapsed: 10689.713 s. Mean Reward: 4.106. Std of Reward: 2.902. Training. ELO: 2293.199.
[INFO] Matt. Step: 4050000. Time Elapsed: 10824.964 s. Mean Reward: 6.817. Std of Reward: 2.258. Training. ELO: 2294.270.
[INFO] Matt. Step: 4080000. Time Elapsed: 10951.127 s. Mean Reward: 6.123. Std of Reward: 2.341. Training. ELO: 2289.507.
[INFO] Matt. Step: 4110000. Time Elapsed: 11091.013 s. Mean Reward: 7.027. Std of Reward: 1.994. Training. ELO: 2285.352.
[INFO] Matt. Step: 4140000. Time Elapsed: 11248.231 s. Mean Reward: 7.073. Std of Reward: 2.136. Training. ELO: 2285.337.
[INFO] Matt. Step: 4170000. Time Elapsed: 11435.822 s. Mean Reward: 6.441. Std of Reward: 2.582. Training. ELO: 2287.142.
[INFO] Matt. Step: 4200000. Time Elapsed: 11666.416 s. Mean Reward: 6.907. Std of Reward: 2.276. Training. ELO: 2284.297.
[INFO] Exported Training/results\matt_sumo04\Matt\Matt-4199511.onnx
[INFO] Matt. Step: 4230000. Time Elapsed: 11822.553 s. Mean Reward: 6.764. Std of Reward: 2.319. Training. ELO: 2274.885.
[INFO] Matt. Step: 4260000. Time Elapsed: 11966.112 s. Mean Reward: 5.802. Std of Reward: 2.847. Training. ELO: 2274.214.
[INFO] Matt. Step: 4290000. Time Elapsed: 12056.293 s. Mean Reward: 3.428. Std of Reward: 2.599. Training. ELO: 2274.214.
[INFO] Matt. Step: 4320000. Time Elapsed: 12136.443 s. Mean Reward: 3.296. Std of Reward: 2.594. Training. ELO: 2274.214.
[INFO] Matt. Step: 4350000. Time Elapsed: 12225.657 s. Mean Reward: 3.807. Std of Reward: 2.814. Training. ELO: 2274.214.
[INFO] Matt. Step: 4380000. Time Elapsed: 12308.812 s. Mean Reward: 3.583. Std of Reward: 2.565. Training. ELO: 2285.035.
[INFO] Exported Training/results\matt_sumo04\Matt\Matt-4399965.onnx
[INFO] Matt. Step: 4410000. Time Elapsed: 12397.208 s. Mean Reward: 3.212. Std of Reward: 2.519. Training. ELO: 2318.496.
[INFO] Matt. Step: 4440000. Time Elapsed: 12477.388 s. Mean Reward: 3.242. Std of Reward: 2.586. Training. ELO: 2347.108.
[INFO] Matt. Step: 4470000. Time Elapsed: 12565.178 s. Mean Reward: 3.367. Std of Reward: 2.416. Training. ELO: 2370.697.
[INFO] Matt. Step: 4500000. Time Elapsed: 12645.386 s. Mean Reward: 3.200. Std of Reward: 2.476. Training. ELO: 2397.042.
[INFO] Matt. Step: 4530000. Time Elapsed: 12794.113 s. Mean Reward: 6.101. Std of Reward: 2.557. Training. ELO: 2410.491.
[INFO] Matt. Step: 4560000. Time Elapsed: 12946.844 s. Mean Reward: 7.207. Std of Reward: 1.987. Training. ELO: 2404.405.
[INFO] Matt. Step: 4590000. Time Elapsed: 13098.075 s. Mean Reward: 7.079. Std of Reward: 2.083. Training. ELO: 2399.208.
[INFO] Exported Training/results\matt_sumo04\Matt\Matt-4599988.onnx
[INFO] Matt. Step: 4620000. Time Elapsed: 13254.778 s. Mean Reward: 7.239. Std of Reward: 2.265. Training. ELO: 2395.506.
[INFO] Matt. Step: 4650000. Time Elapsed: 13402.405 s. Mean Reward: 7.138. Std of Reward: 2.433. Training. ELO: 2394.127.
[INFO] Matt. Step: 4680000. Time Elapsed: 13561.876 s. Mean Reward: 7.307. Std of Reward: 2.112. Training. ELO: 2394.135.
[INFO] Matt. Step: 4710000. Time Elapsed: 13711.741 s. Mean Reward: 6.727. Std of Reward: 2.445. Training. ELO: 2389.136.
[INFO] Matt. Step: 4740000. Time Elapsed: 13869.499 s. Mean Reward: 7.378. Std of Reward: 2.057. Training. ELO: 2386.598.
[INFO] Matt. Step: 4770000. Time Elapsed: 13988.593 s. Mean Reward: 4.518. Std of Reward: 2.989. Training. ELO: 2393.547.
[INFO] Matt. Step: 4800000. Time Elapsed: 14079.431 s. Mean Reward: 3.589. Std of Reward: 2.816. Training. ELO: 2429.496.
[INFO] Exported Training/results\matt_sumo04\Matt\Matt-4799869.onnx
[INFO] Matt. Step: 4830000. Time Elapsed: 14165.806 s. Mean Reward: 3.258. Std of Reward: 2.673. Training. ELO: 2468.608.
[INFO] Matt. Step: 4860000. Time Elapsed: 14244.465 s. Mean Reward: 3.612. Std of Reward: 2.577. Training. ELO: 2489.498.
[INFO] Matt. Step: 4890000. Time Elapsed: 14326.687 s. Mean Reward: 3.395. Std of Reward: 2.596. Training. ELO: 2510.761.
[INFO] Matt. Step: 4920000. Time Elapsed: 14434.569 s. Mean Reward: 3.706. Std of Reward: 2.686. Training. ELO: 2533.537.
[INFO] Matt. Step: 4950000. Time Elapsed: 14577.654 s. Mean Reward: 3.459. Std of Reward: 2.574. Training. ELO: 2550.806.
[INFO] Matt. Step: 4980000. Time Elapsed: 14671.292 s. Mean Reward: 3.552. Std of Reward: 2.817. Training. ELO: 2563.007.
[INFO] Exported Training/results\matt_sumo04\Matt\Matt-4999777.onnx
[INFO] Matt. Step: 5010000. Time Elapsed: 14774.708 s. Mean Reward: 3.837. Std of Reward: 2.914. Training. ELO: 2563.299.
[INFO] Matt. Step: 5040000. Time Elapsed: 14926.798 s. Mean Reward: 7.152. Std of Reward: 2.769. Training. ELO: 2562.316.
[INFO] Matt. Step: 5070000. Time Elapsed: 15086.245 s. Mean Reward: 6.650. Std of Reward: 2.704. Training. ELO: 2557.606.
[INFO] Matt. Step: 5100000. Time Elapsed: 15242.301 s. Mean Reward: 7.299. Std of Reward: 2.580. Training. ELO: 2556.799.
[INFO] Matt. Step: 5130000. Time Elapsed: 15403.327 s. Mean Reward: 7.015. Std of Reward: 2.719. Training. ELO: 2556.997.
[INFO] Matt. Step: 5160000. Time Elapsed: 15560.910 s. Mean Reward: 6.374. Std of Reward: 2.806. Training. ELO: 2554.569.
[INFO] Matt. Step: 5190000. Time Elapsed: 15717.638 s. Mean Reward: 6.887. Std of Reward: 2.469. Training. ELO: 2550.246.
[INFO] Exported Training/results\matt_sumo04\Matt\Matt-5199779.onnx
[INFO] Matt. Step: 5220000. Time Elapsed: 15870.879 s. Mean Reward: 6.845. Std of Reward: 2.910. Training. ELO: 2541.872.
[INFO] Matt. Step: 5250000. Time Elapsed: 16034.506 s. Mean Reward: 7.440. Std of Reward: 2.070. Training. ELO: 2534.671.
[INFO] Matt. Step: 5280000. Time Elapsed: 16139.344 s. Mean Reward: 4.052. Std of Reward: 2.872. Training. ELO: 2536.267.
[INFO] Matt. Step: 5310000. Time Elapsed: 16222.881 s. Mean Reward: 3.706. Std of Reward: 2.740. Training. ELO: 2536.281.
[INFO] Matt. Step: 5340000. Time Elapsed: 16315.262 s. Mean Reward: 3.841. Std of Reward: 2.786. Training. ELO: 2536.281.
[INFO] Matt. Step: 5370000. Time Elapsed: 16397.643 s. Mean Reward: 3.654. Std of Reward: 2.729. Training. ELO: 2538.222.
[INFO] Matt. Step: 5400000. Time Elapsed: 16487.523 s. Mean Reward: 3.749. Std of Reward: 2.752. Training. ELO: 2566.105.
[INFO] Exported Training/results\matt_sumo04\Matt\Matt-5399971.onnx
[INFO] Matt. Step: 5430000. Time Elapsed: 16571.837 s. Mean Reward: 4.087. Std of Reward: 3.031. Training. ELO: 2597.008.
[INFO] Matt. Step: 5460000. Time Elapsed: 16659.239 s. Mean Reward: 3.449. Std of Reward: 2.817. Training. ELO: 2619.571.
[INFO] Matt. Step: 5490000. Time Elapsed: 16741.113 s. Mean Reward: 3.545. Std of Reward: 2.618. Training. ELO: 2644.566.
[INFO] Matt. Step: 5520000. Time Elapsed: 16866.007 s. Mean Reward: 4.706. Std of Reward: 3.046. Training. ELO: 2665.189.
[INFO] Matt. Step: 5550000. Time Elapsed: 17022.363 s. Mean Reward: 7.085. Std of Reward: 2.434. Training. ELO: 2670.963.
[INFO] Matt. Step: 5580000. Time Elapsed: 17176.809 s. Mean Reward: 7.644. Std of Reward: 2.027. Training. ELO: 2670.963.
[INFO] Exported Training/results\matt_sumo04\Matt\Matt-5599682.onnx
[INFO] Matt. Step: 5610000. Time Elapsed: 17338.631 s. Mean Reward: 7.649. Std of Reward: 2.249. Training. ELO: 2670.963.
[INFO] Matt. Step: 5640000. Time Elapsed: 17488.652 s. Mean Reward: 7.095. Std of Reward: 2.348. Training. ELO: 2670.518.
[INFO] Matt. Step: 5670000. Time Elapsed: 17648.060 s. Mean Reward: 7.575. Std of Reward: 2.171. Training. ELO: 2665.048.
[INFO] Matt. Step: 5700000. Time Elapsed: 17802.699 s. Mean Reward: 7.032. Std of Reward: 2.009. Training. ELO: 2661.222.
[INFO] Matt. Step: 5730000. Time Elapsed: 17962.838 s. Mean Reward: 7.720. Std of Reward: 1.922. Training. ELO: 2659.319.
[INFO] Matt. Step: 5760000. Time Elapsed: 18112.138 s. Mean Reward: 5.934. Std of Reward: 3.120. Training. ELO: 2658.133.
[INFO] Matt. Step: 5790000. Time Elapsed: 18203.655 s. Mean Reward: 3.684. Std of Reward: 2.918. Training. ELO: 2673.753.
[INFO] Exported Training/results\matt_sumo04\Matt\Matt-5799983.onnx
[INFO] Matt. Step: 5820000. Time Elapsed: 18287.052 s. Mean Reward: 3.530. Std of Reward: 2.568. Training. ELO: 2695.669.
[INFO] Matt. Step: 5850000. Time Elapsed: 18371.806 s. Mean Reward: 4.150. Std of Reward: 2.680. Training. ELO: 2711.411.
[INFO] Matt. Step: 5880000. Time Elapsed: 18462.295 s. Mean Reward: 3.889. Std of Reward: 2.773. Training. ELO: 2730.770.
[INFO] Matt. Step: 5910000. Time Elapsed: 18545.864 s. Mean Reward: 3.579. Std of Reward: 2.797. Training. ELO: 2761.347.
[INFO] Matt. Step: 5940000. Time Elapsed: 18635.891 s. Mean Reward: 3.927. Std of Reward: 2.914. Training. ELO: 2785.000.
[INFO] Matt. Step: 5970000. Time Elapsed: 18716.745 s. Mean Reward: 3.902. Std of Reward: 2.860. Training. ELO: 2802.104.
[INFO] Matt. Step: 6000000. Time Elapsed: 18806.487 s. Mean Reward: 3.547. Std of Reward: 2.812. Training. ELO: 2820.749.
[INFO] Exported Training/results\matt_sumo04\Matt\Matt-5999954.onnx
[INFO] Matt. Step: 6030000. Time Elapsed: 18949.485 s. Mean Reward: 6.364. Std of Reward: 2.944. Training. ELO: 2831.989.
[INFO] Matt. Step: 6060000. Time Elapsed: 19104.751 s. Mean Reward: 7.240. Std of Reward: 2.101. Training. ELO: 2832.404.
[INFO] Matt. Step: 6090000. Time Elapsed: 19258.810 s. Mean Reward: 7.823. Std of Reward: 2.309. Training. ELO: 2830.609.
[INFO] Matt. Step: 6120000. Time Elapsed: 19425.389 s. Mean Reward: 7.561. Std of Reward: 2.273. Training. ELO: 2825.402.
[INFO] Matt. Step: 6150000. Time Elapsed: 19587.254 s. Mean Reward: 7.550. Std of Reward: 2.161. Training. ELO: 2825.923.
[INFO] Matt. Step: 6180000. Time Elapsed: 19781.937 s. Mean Reward: 7.430. Std of Reward: 2.420. Training. ELO: 2823.935.
[INFO] Exported Training/results\matt_sumo04\Matt\Matt-6199816.onnx
[INFO] Matt. Step: 6210000. Time Elapsed: 19988.325 s. Mean Reward: 8.066. Std of Reward: 2.026. Training. ELO: 2821.031.
[INFO] Matt. Step: 6240000. Time Elapsed: 20151.989 s. Mean Reward: 8.014. Std of Reward: 1.979. Training. ELO: 2820.883.
[INFO] Matt. Step: 6270000. Time Elapsed: 20288.956 s. Mean Reward: 5.771. Std of Reward: 3.355. Training. ELO: 2816.200.
[INFO] Matt. Step: 6300000. Time Elapsed: 20377.485 s. Mean Reward: 3.931. Std of Reward: 2.841. Training. ELO: 2816.025.
[INFO] Matt. Step: 6330000. Time Elapsed: 20466.753 s. Mean Reward: 3.776. Std of Reward: 2.942. Training. ELO: 2816.025.
[INFO] Matt. Step: 6360000. Time Elapsed: 20557.292 s. Mean Reward: 3.606. Std of Reward: 2.921. Training. ELO: 2816.324.
[INFO] Matt. Step: 6390000. Time Elapsed: 20649.661 s. Mean Reward: 3.547. Std of Reward: 2.862. Training. ELO: 2830.606.
[INFO] Exported Training/results\matt_sumo04\Matt\Matt-6399844.onnx
[INFO] Matt. Step: 6420000. Time Elapsed: 20738.361 s. Mean Reward: 3.702. Std of Reward: 2.834. Training. ELO: 2848.300.
[INFO] Matt. Step: 6450000. Time Elapsed: 20821.362 s. Mean Reward: 4.016. Std of Reward: 3.099. Training. ELO: 2865.766.
[INFO] Matt. Step: 6480000. Time Elapsed: 20913.713 s. Mean Reward: 3.725. Std of Reward: 3.031. Training. ELO: 2893.172.
[INFO] Matt. Step: 6510000. Time Elapsed: 21010.732 s. Mean Reward: 4.422. Std of Reward: 3.471. Training. ELO: 2894.228.
[INFO] Matt. Step: 6540000. Time Elapsed: 21184.912 s. Mean Reward: 8.337. Std of Reward: 2.042. Training. ELO: 2894.228.
[INFO] Matt. Step: 6570000. Time Elapsed: 21339.618 s. Mean Reward: 8.565. Std of Reward: 1.986. Training. ELO: 2894.228.
[INFO] Matt. Step: 6600000. Time Elapsed: 21563.016 s. Mean Reward: 7.859. Std of Reward: 2.393. Training. ELO: 2894.637.
[INFO] Exported Training/results\matt_sumo04\Matt\Matt-6599902.onnx
[INFO] Matt. Step: 6630000. Time Elapsed: 21752.992 s. Mean Reward: 7.925. Std of Reward: 2.249. Training. ELO: 2893.302.
[INFO] Matt. Step: 6660000. Time Elapsed: 21913.549 s. Mean Reward: 8.285. Std of Reward: 2.036. Training. ELO: 2891.588.
[INFO] Matt. Step: 6690000. Time Elapsed: 22069.377 s. Mean Reward: 8.292. Std of Reward: 1.683. Training. ELO: 2891.553.
[INFO] Matt. Step: 6720000. Time Elapsed: 22236.578 s. Mean Reward: 8.361. Std of Reward: 2.397. Training. ELO: 2891.407.
[INFO] Matt. Step: 6750000. Time Elapsed: 22393.543 s. Mean Reward: 8.549. Std of Reward: 2.057. Training. ELO: 2894.015.
[INFO] Matt. Step: 6780000. Time Elapsed: 22496.537 s. Mean Reward: 4.240. Std of Reward: 3.383. Training. ELO: 2909.855.
[INFO] Exported Training/results\matt_sumo04\Matt\Matt-6799771.onnx
[INFO] Matt. Step: 6810000. Time Elapsed: 22591.389 s. Mean Reward: 3.996. Std of Reward: 2.926. Training. ELO: 2937.692.
[INFO] Matt. Step: 6840000. Time Elapsed: 22676.553 s. Mean Reward: 3.843. Std of Reward: 3.085. Training. ELO: 2961.710.
[INFO] Matt. Step: 6870000. Time Elapsed: 22765.931 s. Mean Reward: 3.819. Std of Reward: 2.932. Training. ELO: 3000.974.
[INFO] Matt. Step: 6900000. Time Elapsed: 22867.280 s. Mean Reward: 4.025. Std of Reward: 3.237. Training. ELO: 3028.189.
[INFO] Matt. Step: 6930000. Time Elapsed: 22983.905 s. Mean Reward: 4.263. Std of Reward: 3.080. Training. ELO: 3049.857.
[INFO] Matt. Step: 6960000. Time Elapsed: 23072.735 s. Mean Reward: 3.939. Std of Reward: 2.862. Training. ELO: 3066.293.
[INFO] Matt. Step: 6990000. Time Elapsed: 23168.649 s. Mean Reward: 3.519. Std of Reward: 2.783. Training. ELO: 3099.696.
[INFO] Exported Training/results\matt_sumo04\Matt\Matt-6999874.onnx
[INFO] Matt. Step: 7020000. Time Elapsed: 23293.409 s. Mean Reward: 4.935. Std of Reward: 3.489. Training. ELO: 3128.715.
[INFO] Matt. Step: 7050000. Time Elapsed: 23456.854 s. Mean Reward: 8.628. Std of Reward: 1.461. Training. ELO: 3126.451.
[INFO] Matt. Step: 7080000. Time Elapsed: 23630.882 s. Mean Reward: 8.192. Std of Reward: 2.267. Training. ELO: 3121.034.
[INFO] Matt. Step: 7110000. Time Elapsed: 23793.771 s. Mean Reward: 8.212. Std of Reward: 2.256. Training. ELO: 3119.350.
[INFO] Matt. Step: 7140000. Time Elapsed: 23973.440 s. Mean Reward: 8.203. Std of Reward: 2.338. Training. ELO: 3110.062.
[INFO] Matt. Step: 7170000. Time Elapsed: 24088.186 s. Mean Reward: 7.567. Std of Reward: 2.810. Training. ELO: 3103.870.
[INFO] Matt. Step: 7200000. Time Elapsed: 24210.846 s. Mean Reward: 8.292. Std of Reward: 2.325. Training. ELO: 3096.733.
[INFO] Exported Training/results\matt_sumo04\Matt\Matt-7199839.onnx
[INFO] Matt. Step: 7230000. Time Elapsed: 24328.848 s. Mean Reward: 8.022. Std of Reward: 2.842. Training. ELO: 3096.297.
[INFO] Matt. Step: 7260000. Time Elapsed: 24449.517 s. Mean Reward: 8.066. Std of Reward: 2.227. Training. ELO: 3091.638.
[INFO] Matt. Step: 7290000. Time Elapsed: 24514.526 s. Mean Reward: 4.003. Std of Reward: 3.213. Training. ELO: 3102.506.
[INFO] Matt. Step: 7320000. Time Elapsed: 24590.883 s. Mean Reward: 3.890. Std of Reward: 3.140. Training. ELO: 3140.311.
[INFO] Matt. Step: 7350000. Time Elapsed: 24652.423 s. Mean Reward: 4.034. Std of Reward: 3.090. Training. ELO: 3175.892.
[INFO] Matt. Step: 7380000. Time Elapsed: 24711.246 s. Mean Reward: 4.342. Std of Reward: 3.381. Training. ELO: 3200.059.
[INFO] Exported Training/results\matt_sumo04\Matt\Matt-7399977.onnx
[INFO] Matt. Step: 7410000. Time Elapsed: 24775.125 s. Mean Reward: 3.821. Std of Reward: 2.999. Training. ELO: 3214.618.
[INFO] Matt. Step: 7440000. Time Elapsed: 24833.254 s. Mean Reward: 3.999. Std of Reward: 3.143. Training. ELO: 3229.096.
[INFO] Matt. Step: 7470000. Time Elapsed: 24897.212 s. Mean Reward: 3.988. Std of Reward: 3.199. Training. ELO: 3243.502.
[INFO] Matt. Step: 7500000. Time Elapsed: 24952.002 s. Mean Reward: 3.909. Std of Reward: 3.320. Training. ELO: 3259.484.
[INFO] Matt. Step: 7530000. Time Elapsed: 25051.774 s. Mean Reward: 6.390. Std of Reward: 3.480. Training. ELO: 3267.067.
[INFO] Matt. Step: 7560000. Time Elapsed: 25156.668 s. Mean Reward: 8.448. Std of Reward: 2.463. Training. ELO: 3260.636.
[INFO] Matt. Step: 7590000. Time Elapsed: 25265.669 s. Mean Reward: 8.461. Std of Reward: 2.405. Training. ELO: 3261.123.
[INFO] Exported Training/results\matt_sumo04\Matt\Matt-7599629.onnx
[INFO] Matt. Step: 7620000. Time Elapsed: 25370.246 s. Mean Reward: 8.580. Std of Reward: 2.456. Training. ELO: 3260.320.
[INFO] Matt. Step: 7650000. Time Elapsed: 25473.858 s. Mean Reward: 8.850. Std of Reward: 2.287. Training. ELO: 3254.701.
[INFO] Matt. Step: 7680000. Time Elapsed: 25583.954 s. Mean Reward: 8.209. Std of Reward: 2.363. Training. ELO: 3252.328.
[INFO] Matt. Step: 7710000. Time Elapsed: 25686.965 s. Mean Reward: 8.612. Std of Reward: 2.140. Training. ELO: 3251.063.
[INFO] Matt. Step: 7740000. Time Elapsed: 25798.154 s. Mean Reward: 9.033. Std of Reward: 1.914. Training. ELO: 3250.202.
[INFO] Matt. Step: 7770000. Time Elapsed: 25886.083 s. Mean Reward: 5.429. Std of Reward: 3.625. Training. ELO: 3246.565.
[INFO] Matt. Step: 7800000. Time Elapsed: 25948.688 s. Mean Reward: 3.835. Std of Reward: 3.141. Training. ELO: 3246.136.
[INFO] Exported Training/results\matt_sumo04\Matt\Matt-7799731.onnx
[INFO] Matt. Step: 7830000. Time Elapsed: 26009.019 s. Mean Reward: 4.367. Std of Reward: 3.396. Training. ELO: 3246.136.
[INFO] Matt. Step: 7860000. Time Elapsed: 26071.965 s. Mean Reward: 4.373. Std of Reward: 3.155. Training. ELO: 3246.136.
[INFO] Matt. Step: 7890000. Time Elapsed: 26129.939 s. Mean Reward: 4.279. Std of Reward: 3.331. Training. ELO: 3246.136.
[INFO] Matt. Step: 7920000. Time Elapsed: 26187.480 s. Mean Reward: 4.259. Std of Reward: 3.286. Training. ELO: 3246.136.
[INFO] Matt. Step: 7950000. Time Elapsed: 26249.292 s. Mean Reward: 4.612. Std of Reward: 3.578. Training. ELO: 3246.136.
[INFO] Matt. Step: 7980000. Time Elapsed: 26305.439 s. Mean Reward: 4.330. Std of Reward: 3.225. Training. ELO: 3256.539.
[INFO] Exported Training/results\matt_sumo04\Matt\Matt-7999973.onnx
[INFO] Matt. Step: 8010000. Time Elapsed: 26371.024 s. Mean Reward: 3.898. Std of Reward: 3.400. Training. ELO: 3294.456.
[INFO] Matt. Step: 8040000. Time Elapsed: 26474.312 s. Mean Reward: 8.466. Std of Reward: 2.148. Training. ELO: 3308.118.
[INFO] Matt. Step: 8070000. Time Elapsed: 26580.180 s. Mean Reward: 8.923. Std of Reward: 1.998. Training. ELO: 3306.917.
[INFO] Matt. Step: 8100000. Time Elapsed: 26683.475 s. Mean Reward: 8.992. Std of Reward: 2.292. Training. ELO: 3304.676.
[INFO] Matt. Step: 8130000. Time Elapsed: 26791.687 s. Mean Reward: 8.742. Std of Reward: 2.535. Training. ELO: 3302.737.
[INFO] Matt. Step: 8160000. Time Elapsed: 26896.081 s. Mean Reward: 8.746. Std of Reward: 2.278. Training. ELO: 3301.060.
[INFO] Matt. Step: 8190000. Time Elapsed: 27064.039 s. Mean Reward: 9.090. Std of Reward: 2.100. Training. ELO: 3301.041.
[INFO] Exported Training/results\matt_sumo04\Matt\Matt-8199980.onnx
[INFO] Matt. Step: 8220000. Time Elapsed: 27231.462 s. Mean Reward: 9.145. Std of Reward: 2.252. Training. ELO: 3299.182.
[INFO] Matt. Step: 8250000. Time Elapsed: 27390.951 s. Mean Reward: 8.397. Std of Reward: 2.547. Training. ELO: 3299.654.
[INFO] Matt. Step: 8280000. Time Elapsed: 27497.278 s. Mean Reward: 4.861. Std of Reward: 3.523. Training. ELO: 3318.557.
