[INFO] Connected to Unity environment with package version 4.0.0 and communication version 1.5.0
[INFO] Connected to Unity environment with package version 4.0.0 and communication version 1.5.0
[INFO] Connected new brain: Matt?team=0
[INFO] Connected new brain: Matt?team=0


	Unity Technologies

 Version information:
  ml-agents: 1.2.0.dev0,
  ml-agents-envs: 1.2.0.dev0,
  Communicator API: 1.5.0,
  PyTorch: 2.5.1+cpu
[INFO] Hyperparameters for behavior name Matt: 
	trainer_type:	ppo
	hyperparameters:	
	  batch_size:	2048
	  buffer_size:	20480
	  learning_rate:	0.0003
	  beta:	0.01
	  epsilon:	0.2
	  lambd:	0.95
	  num_epoch:	3
	  shared_critic:	False
	  learning_rate_schedule:	linear
	  beta_schedule:	linear
	  epsilon_schedule:	linear
	checkpoint_interval:	200000
	network_settings:	
	  normalize:	True
	  hidden_units:	512
	  num_layers:	3
	  vis_encode_type:	simple
	  memory:	None
	  goal_conditioning_type:	hyper
	  deterministic:	False
	reward_signals:	
	  extrinsic:	
	    gamma:	0.995
	    strength:	1.0
	    network_settings:	
	      normalize:	False
	      hidden_units:	128
	      num_layers:	2
	      vis_encode_type:	simple
	      memory:	None
	      goal_conditioning_type:	hyper
	      deterministic:	False
	init_path:	Training/results\matt_recover01\Matt\checkpoint.pt
	keep_checkpoints:	10
	even_checkpoints:	False
	max_steps:	8000000
	time_horizon:	1000
	summary_freq:	30000
	threaded:	True
	self_play:	None
	behavioral_cloning:	None
[INFO] Initializing from Training/results\matt_recover01\Matt\checkpoint.pt.
[INFO] Starting training from step 0 and saving to Training/results\matt_recover05\Matt.
[INFO] Parameter 'shove_chance' is in lesson 'GentleStart' and has value 'Float: value=0.0'.
[INFO] Matt. Step: 30000. Time Elapsed: 92.167 s. Mean Reward: -9.021. Std of Reward: 58.752. Training.
[INFO] Matt. Step: 60000. Time Elapsed: 137.483 s. Mean Reward: -18.228. Std of Reward: 73.070. Training.
[INFO] Matt. Step: 90000. Time Elapsed: 196.489 s. Mean Reward: -16.655. Std of Reward: 70.619. Training.
[INFO] Matt. Step: 120000. Time Elapsed: 239.709 s. Mean Reward: -10.426. Std of Reward: 58.483. Training.
[INFO] Matt. Step: 150000. Time Elapsed: 282.978 s. Mean Reward: -21.496. Std of Reward: 81.706. Training.
[INFO] Matt. Step: 180000. Time Elapsed: 317.738 s. Mean Reward: -17.117. Std of Reward: 74.060. Training.
[INFO] Exported Training/results\matt_recover05\Matt\Matt-199960.onnx
[INFO] Matt. Step: 210000. Time Elapsed: 358.952 s. Mean Reward: -16.748. Std of Reward: 72.939. Training.
[INFO] Matt. Step: 240000. Time Elapsed: 394.668 s. Mean Reward: -8.622. Std of Reward: 54.577. Training.
[INFO] Matt. Step: 270000. Time Elapsed: 438.293 s. Mean Reward: -16.882. Std of Reward: 74.155. Training.
[INFO] Matt. Step: 300000. Time Elapsed: 467.541 s. Mean Reward: -15.151. Std of Reward: 69.864. Training.
[INFO] Matt. Step: 330000. Time Elapsed: 503.883 s. Mean Reward: -13.486. Std of Reward: 68.215. Training.
[INFO] Matt. Step: 360000. Time Elapsed: 544.418 s. Mean Reward: -18.443. Std of Reward: 74.312. Training.
[INFO] Matt. Step: 390000. Time Elapsed: 579.915 s. Mean Reward: -16.089. Std of Reward: 72.837. Training.
[INFO] Exported Training/results\matt_recover05\Matt\Matt-399648.onnx
[INFO] Matt. Step: 420000. Time Elapsed: 620.807 s. Mean Reward: -14.056. Std of Reward: 68.871. Training.
[INFO] Matt. Step: 450000. Time Elapsed: 655.927 s. Mean Reward: -20.989. Std of Reward: 78.873. Training.
[INFO] Matt. Step: 480000. Time Elapsed: 697.319 s. Mean Reward: -16.870. Std of Reward: 71.563. Training.
[INFO] Matt. Step: 510000. Time Elapsed: 729.533 s. Mean Reward: -20.540. Std of Reward: 79.092. Training.
[INFO] Matt. Step: 540000. Time Elapsed: 773.682 s. Mean Reward: -18.939. Std of Reward: 75.820. Training.
[INFO] Matt. Step: 570000. Time Elapsed: 806.510 s. Mean Reward: -25.965. Std of Reward: 85.152. Training.
[INFO] Matt. Step: 600000. Time Elapsed: 838.624 s. Mean Reward: -17.963. Std of Reward: 72.459. Training.
[INFO] Exported Training/results\matt_recover05\Matt\Matt-599993.onnx
[INFO] Matt. Step: 630000. Time Elapsed: 881.710 s. Mean Reward: -17.602. Std of Reward: 72.878. Training.
[INFO] Matt. Step: 660000. Time Elapsed: 915.914 s. Mean Reward: -22.081. Std of Reward: 80.009. Training.
[INFO] Matt. Step: 690000. Time Elapsed: 956.934 s. Mean Reward: -15.809. Std of Reward: 69.550. Training.
[INFO] Matt. Step: 720000. Time Elapsed: 991.683 s. Mean Reward: -26.019. Std of Reward: 84.508. Training.
[INFO] Matt. Step: 750000. Time Elapsed: 1034.265 s. Mean Reward: -16.752. Std of Reward: 72.273. Training.
[INFO] Matt. Step: 780000. Time Elapsed: 1069.124 s. Mean Reward: -23.669. Std of Reward: 83.807. Training.
[INFO] Exported Training/results\matt_recover05\Matt\Matt-799670.onnx
[INFO] Matt. Step: 810000. Time Elapsed: 1111.194 s. Mean Reward: -20.490. Std of Reward: 77.610. Training.
[INFO] Matt. Step: 840000. Time Elapsed: 1145.588 s. Mean Reward: -22.811. Std of Reward: 81.283. Training.
[INFO] Matt. Step: 870000. Time Elapsed: 1179.692 s. Mean Reward: -20.770. Std of Reward: 78.993. Training.
[INFO] Matt. Step: 900000. Time Elapsed: 1221.521 s. Mean Reward: -9.278. Std of Reward: 54.310. Training.
[INFO] Matt. Step: 930000. Time Elapsed: 1256.022 s. Mean Reward: -17.707. Std of Reward: 72.143. Training.
[INFO] Matt. Step: 960000. Time Elapsed: 1297.603 s. Mean Reward: -22.276. Std of Reward: 80.391. Training.
[INFO] Matt. Step: 990000. Time Elapsed: 1333.275 s. Mean Reward: -20.165. Std of Reward: 75.134. Training.
[INFO] Exported Training/results\matt_recover05\Matt\Matt-999575.onnx
[INFO] Matt. Step: 1020000. Time Elapsed: 1375.430 s. Mean Reward: -23.241. Std of Reward: 79.019. Training.
[INFO] Matt. Step: 1050000. Time Elapsed: 1417.170 s. Mean Reward: -20.561. Std of Reward: 77.705. Training.
[INFO] Matt. Step: 1080000. Time Elapsed: 1477.066 s. Mean Reward: -23.856. Std of Reward: 79.292. Training.
[INFO] Matt. Step: 1110000. Time Elapsed: 1517.716 s. Mean Reward: -23.021. Std of Reward: 80.989. Training.
[INFO] Matt. Step: 1140000. Time Elapsed: 1554.173 s. Mean Reward: -27.345. Std of Reward: 84.653. Training.
[INFO] Matt. Step: 1170000. Time Elapsed: 1595.297 s. Mean Reward: -27.894. Std of Reward: 84.462. Training.
[INFO] Matt. Step: 1200000. Time Elapsed: 1632.515 s. Mean Reward: -29.616. Std of Reward: 81.908. Training.
[INFO] Exported Training/results\matt_recover05\Matt\Matt-1199932.onnx
[INFO] Matt. Step: 1230000. Time Elapsed: 1675.603 s. Mean Reward: -23.581. Std of Reward: 76.005. Training.
[INFO] Matt. Step: 1260000. Time Elapsed: 1709.447 s. Mean Reward: -13.733. Std of Reward: 54.831. Training.
[INFO] Matt. Step: 1290000. Time Elapsed: 1754.625 s. Mean Reward: -13.585. Std of Reward: 54.852. Training.
[INFO] Matt. Step: 1320000. Time Elapsed: 1789.250 s. Mean Reward: -11.842. Std of Reward: 50.039. Training.
[INFO] Matt. Step: 1350000. Time Elapsed: 1835.320 s. Mean Reward: -21.884. Std of Reward: 72.392. Training.
[INFO] Matt. Step: 1380000. Time Elapsed: 1868.501 s. Mean Reward: -14.251. Std of Reward: 53.684. Training.
[INFO] Exported Training/results\matt_recover05\Matt\Matt-1399944.onnx
[INFO] Matt. Step: 1410000. Time Elapsed: 1901.349 s. Mean Reward: -17.722. Std of Reward: 57.601. Training.
[INFO] Matt. Step: 1440000. Time Elapsed: 1944.197 s. Mean Reward: -13.314. Std of Reward: 39.165. Training.
[INFO] Matt. Step: 1470000. Time Elapsed: 1978.638 s. Mean Reward: -1.760. Std of Reward: 1.557. Training.
[INFO] Matt. Step: 1500000. Time Elapsed: 2019.625 s. Mean Reward: -9.750. Std of Reward: 30.470. Training.
[INFO] Matt. Step: 1530000. Time Elapsed: 2054.264 s. Mean Reward: -12.923. Std of Reward: 49.822. Training.
[INFO] Matt. Step: 1560000. Time Elapsed: 2098.348 s. Mean Reward: -11.835. Std of Reward: 44.086. Training.
[INFO] Matt. Step: 1590000. Time Elapsed: 2130.026 s. Mean Reward: -7.299. Std of Reward: 33.874. Training.
[INFO] Exported Training/results\matt_recover05\Matt\Matt-1599982.onnx
[INFO] Matt. Step: 1620000. Time Elapsed: 2175.938 s. Mean Reward: -2.428. Std of Reward: 1.062. Training.
[INFO] Matt. Step: 1650000. Time Elapsed: 2207.267 s. Mean Reward: -2.158. Std of Reward: 0.932. Training.
[INFO] Matt. Step: 1680000. Time Elapsed: 2240.893 s. Mean Reward: -2.646. Std of Reward: 1.923. Training.
[INFO] Matt. Step: 1710000. Time Elapsed: 2283.281 s. Mean Reward: -4.826. Std of Reward: 18.336. Training.
[INFO] Matt. Step: 1740000. Time Elapsed: 2317.471 s. Mean Reward: -2.569. Std of Reward: 3.585. Training.
[INFO] Matt. Step: 1770000. Time Elapsed: 2357.719 s. Mean Reward: -2.244. Std of Reward: 0.220. Training.
[INFO] Matt. Step: 1800000. Time Elapsed: 2393.009 s. Mean Reward: -2.107. Std of Reward: 0.895. Training.
[INFO] Exported Training/results\matt_recover05\Matt\Matt-1799561.onnx
[INFO] Matt. Step: 1830000. Time Elapsed: 2435.326 s. Mean Reward: -2.207. Std of Reward: 0.283. Training.
[INFO] Matt. Step: 1860000. Time Elapsed: 2468.524 s. Mean Reward: -5.987. Std of Reward: 25.227. Training.
[INFO] Matt. Step: 1890000. Time Elapsed: 2517.943 s. Mean Reward: -2.263. Std of Reward: 0.216. Training.
[ERROR] UnityEnvironment worker 0: environment raised an unexpected exception.
Traceback (most recent call last):
  File "C:\Users\punko\AppData\Local\Programs\Python\Python310\lib\multiprocessing\connection.py", line 312, in _recv_bytes
    nread, err = ov.GetOverlappedResult(True)
BrokenPipeError: [WinError 109] The pipe has been ended

During handling of the above exception, another exception occurred:

Traceback (most recent call last):
  File "C:\Users\punko\Downloads\PoSumo\Training\venv\lib\site-packages\mlagents\trainers\subprocess_env_manager.py", line 175, in worker
    req: EnvironmentRequest = parent_conn.recv()
  File "C:\Users\punko\AppData\Local\Programs\Python\Python310\lib\multiprocessing\connection.py", line 250, in recv
    buf = self._recv_bytes()
  File "C:\Users\punko\AppData\Local\Programs\Python\Python310\lib\multiprocessing\connection.py", line 321, in _recv_bytes
    raise EOFError
EOFError
[ERROR] UnityEnvironment worker 1: environment raised an unexpected exception.
Traceback (most recent call last):
  File "C:\Users\punko\AppData\Local\Programs\Python\Python310\lib\multiprocessing\connection.py", line 312, in _recv_bytes
    nread, err = ov.GetOverlappedResult(True)
BrokenPipeError: [WinError 109] The pipe has been ended

During handling of the above exception, another exception occurred:

Traceback (most recent call last):
  File "C:\Users\punko\Downloads\PoSumo\Training\venv\lib\site-packages\mlagents\trainers\subprocess_env_manager.py", line 175, in worker
    req: EnvironmentRequest = parent_conn.recv()
  File "C:\Users\punko\AppData\Local\Programs\Python\Python310\lib\multiprocessing\connection.py", line 250, in recv
    buf = self._recv_bytes()
  File "C:\Users\punko\AppData\Local\Programs\Python\Python310\lib\multiprocessing\connection.py", line 321, in _recv_bytes
    raise EOFError
EOFError
