[INFO] Connected to Unity environment with package version 4.0.0 and communication version 1.5.0
[INFO] Connected to Unity environment with package version 4.0.0 and communication version 1.5.0
[INFO] Connected to Unity environment with package version 4.0.0 and communication version 1.5.0
[INFO] Connected new brain: Matt?team=0
[INFO] Connected new brain: Matt?team=0
[INFO] Connected new brain: Matt?team=0

            ┐  ╖
        ╓╖╬│╡  ││╬╖╖
    ╓╖╬│││││┘  ╬│││││╬╖
 ╖╬│││││╬╜        ╙╬│││││╖╖                               ╗╗╗
 ╬╬╬╬╖││╦╖        ╖╬││╗╣╣╣╬      ╟╣╣╬    ╟╣╣╣             ╜╜╜  ╟╣╣
 ╬╬╬╬╬╬╬╬╖│╬╖╖╓╬╪│╓╣╣╣╣╣╣╣╬      ╟╣╣╬    ╟╣╣╣ ╒╣╣╖╗╣╣╣╗   ╣╣╣ ╣╣╣╣╣╣ ╟╣╣╖   ╣╣╣
 ╬╬╬╬┐  ╙╬╬╬╬│╓╣╣╣╝╜  ╫╣╣╣╬      ╟╣╣╬    ╟╣╣╣ ╟╣╣╣╙ ╙╣╣╣  ╣╣╣ ╙╟╣╣╜╙  ╫╣╣  ╟╣╣
 ╬╬╬╬┐     ╙╬╬╣╣      ╫╣╣╣╬      ╟╣╣╬    ╟╣╣╣ ╟╣╣╬   ╣╣╣  ╣╣╣  ╟╣╣     ╣╣╣┌╣╣╜
 ╬╬╬╜       ╬╬╣╣      ╙╝╣╣╬      ╙╣╣╣╗╖╓╗╣╣╣╜ ╟╣╣╬   ╣╣╣  ╣╣╣  ╟╣╣╦╓    ╣╣╣╣╣
 ╙   ╓╦╖    ╬╬╣╣   ╓╗╗╖            ╙╝╣╣╣╣╝╜   ╘╝╝╜   ╝╝╝  ╝╝╝   ╙╣╣╣    ╟╣╣╣
   ╩╬╬╬╬╬╬╦╦╬╬╣╣╗╣╣╣╣╣╣╣╝                                             ╫╣╣╣╣
      ╙╬╬╬╬╬╬╬╣╣╣╣╣╣╝╜
          ╙╬╬╬╣╣╣╜
             ╙
        
 Version information:
  ml-agents: 1.2.0.dev0,
  ml-agents-envs: 1.2.0.dev0,
  Communicator API: 1.5.0,
  PyTorch: 2.5.1+cpu
[INFO] Hyperparameters for behavior name Matt: 
	trainer_type:	ppo
	hyperparameters:	
	  batch_size:	2048
	  buffer_size:	20480
	  learning_rate:	0.0003
	  beta:	0.01
	  epsilon:	0.2
	  lambd:	0.95
	  num_epoch:	3
	  shared_critic:	False
	  learning_rate_schedule:	linear
	  beta_schedule:	linear
	  epsilon_schedule:	linear
	checkpoint_interval:	200000
	network_settings:	
	  normalize:	True
	  hidden_units:	512
	  num_layers:	3
	  vis_encode_type:	simple
	  memory:	None
	  goal_conditioning_type:	hyper
	  deterministic:	False
	reward_signals:	
	  extrinsic:	
	    gamma:	0.995
	    strength:	1.0
	    network_settings:	
	      normalize:	False
	      hidden_units:	128
	      num_layers:	2
	      vis_encode_type:	simple
	      memory:	None
	      goal_conditioning_type:	hyper
	      deterministic:	False
	init_path:	None
	keep_checkpoints:	10
	even_checkpoints:	False
	max_steps:	30000000
	time_horizon:	500
	summary_freq:	30000
	threaded:	True
	self_play:	None
	behavioral_cloning:	None
[INFO] Matt. Step: 30000. Time Elapsed: 48.248 s. Mean Reward: 0.124. Std of Reward: 0.121. Training.
[INFO] Matt. Step: 60000. Time Elapsed: 74.139 s. Mean Reward: 0.098. Std of Reward: 0.110. Training.
[INFO] Matt. Step: 90000. Time Elapsed: 103.639 s. Mean Reward: 0.104. Std of Reward: 0.146. Training.
[INFO] Matt. Step: 120000. Time Elapsed: 126.336 s. Mean Reward: 0.238. Std of Reward: 0.237. Training.
[INFO] Matt. Step: 150000. Time Elapsed: 155.256 s. Mean Reward: 0.315. Std of Reward: 0.265. Training.
[INFO] Matt. Step: 180000. Time Elapsed: 176.488 s. Mean Reward: 0.341. Std of Reward: 0.280. Training.
[INFO] Exported Training/results\matt_recover01\Matt\Matt-199735.onnx
[INFO] Matt. Step: 210000. Time Elapsed: 198.928 s. Mean Reward: 0.344. Std of Reward: 0.283. Training.
[INFO] Matt. Step: 240000. Time Elapsed: 228.305 s. Mean Reward: 0.402. Std of Reward: 0.279. Training.
[INFO] Matt. Step: 270000. Time Elapsed: 251.827 s. Mean Reward: 0.378. Std of Reward: 0.285. Training.
[INFO] Matt. Step: 300000. Time Elapsed: 281.152 s. Mean Reward: 0.398. Std of Reward: 0.289. Training.
[INFO] Matt. Step: 330000. Time Elapsed: 302.834 s. Mean Reward: 0.399. Std of Reward: 0.284. Training.
[INFO] Matt. Step: 360000. Time Elapsed: 325.192 s. Mean Reward: 0.439. Std of Reward: 0.270. Training.
[INFO] Matt. Step: 390000. Time Elapsed: 351.996 s. Mean Reward: 0.487. Std of Reward: 0.243. Training.
[INFO] Exported Training/results\matt_recover01\Matt\Matt-399737.onnx
[INFO] Matt. Step: 420000. Time Elapsed: 375.274 s. Mean Reward: 0.517. Std of Reward: 0.203. Training.
[INFO] Matt. Step: 450000. Time Elapsed: 400.244 s. Mean Reward: 0.519. Std of Reward: 0.169. Training.
[INFO] Matt. Step: 480000. Time Elapsed: 415.240 s. Mean Reward: 0.585. Std of Reward: 0.123. Training.
[INFO] Matt. Step: 510000. Time Elapsed: 431.874 s. Mean Reward: 0.605. Std of Reward: 0.096. Training.
[INFO] Matt. Step: 540000. Time Elapsed: 451.217 s. Mean Reward: 0.619. Std of Reward: 0.066. Training.
[INFO] Matt. Step: 570000. Time Elapsed: 466.903 s. Mean Reward: 0.621. Std of Reward: 0.051. Training.
[INFO] Matt. Step: 600000. Time Elapsed: 488.088 s. Mean Reward: 0.621. Std of Reward: 0.078. Training.
[INFO] Exported Training/results\matt_recover01\Matt\Matt-599738.onnx
[INFO] Matt. Step: 630000. Time Elapsed: 502.495 s. Mean Reward: 0.649. Std of Reward: 0.051. Training.
[INFO] Matt. Step: 660000. Time Elapsed: 518.890 s. Mean Reward: 0.652. Std of Reward: 0.054. Training.
[INFO] Matt. Step: 690000. Time Elapsed: 538.201 s. Mean Reward: 0.655. Std of Reward: 0.029. Training.
[INFO] Matt. Step: 720000. Time Elapsed: 553.799 s. Mean Reward: 0.660. Std of Reward: 0.043. Training.
[INFO] Matt. Step: 750000. Time Elapsed: 574.133 s. Mean Reward: 0.687. Std of Reward: 0.171. Training.
[INFO] Matt. Step: 780000. Time Elapsed: 589.329 s. Mean Reward: 0.688. Std of Reward: 0.182. Training.
[INFO] Exported Training/results\matt_recover01\Matt\Matt-799775.onnx
[INFO] Matt. Step: 810000. Time Elapsed: 610.327 s. Mean Reward: 0.676. Std of Reward: 0.051. Training.
[INFO] Matt. Step: 840000. Time Elapsed: 624.377 s. Mean Reward: 0.707. Std of Reward: 0.274. Training.
[INFO] Matt. Step: 870000. Time Elapsed: 641.509 s. Mean Reward: 0.702. Std of Reward: 0.205. Training.
[INFO] Matt. Step: 900000. Time Elapsed: 661.162 s. Mean Reward: 0.771. Std of Reward: 0.427. Training.
[INFO] Matt. Step: 930000. Time Elapsed: 676.729 s. Mean Reward: 0.762. Std of Reward: 0.369. Training.
[INFO] Matt. Step: 960000. Time Elapsed: 695.555 s. Mean Reward: 0.835. Std of Reward: 0.524. Training.
[INFO] Matt. Step: 990000. Time Elapsed: 710.852 s. Mean Reward: 0.900. Std of Reward: 0.611. Training.
[INFO] Exported Training/results\matt_recover01\Matt\Matt-999852.onnx
[INFO] Matt. Step: 1020000. Time Elapsed: 729.910 s. Mean Reward: 0.947. Std of Reward: 0.649. Training.
[INFO] Matt. Step: 1050000. Time Elapsed: 745.180 s. Mean Reward: 0.935. Std of Reward: 0.651. Training.
[INFO] Matt. Step: 1080000. Time Elapsed: 764.781 s. Mean Reward: 0.890. Std of Reward: 0.581. Training.
[INFO] Matt. Step: 1110000. Time Elapsed: 779.327 s. Mean Reward: 0.929. Std of Reward: 0.628. Training.
[INFO] Matt. Step: 1140000. Time Elapsed: 799.606 s. Mean Reward: 1.018. Std of Reward: 0.715. Training.
[INFO] Matt. Step: 1170000. Time Elapsed: 813.646 s. Mean Reward: 1.056. Std of Reward: 0.717. Training.
[INFO] Matt. Step: 1200000. Time Elapsed: 829.291 s. Mean Reward: 0.986. Std of Reward: 0.649. Training.
[INFO] Exported Training/results\matt_recover01\Matt\Matt-1199797.onnx
[INFO] Matt. Step: 1230000. Time Elapsed: 849.339 s. Mean Reward: 1.138. Std of Reward: 0.766. Training.
[INFO] Matt. Step: 1260000. Time Elapsed: 865.984 s. Mean Reward: 1.069. Std of Reward: 0.714. Training.
[INFO] Matt. Step: 1290000. Time Elapsed: 886.371 s. Mean Reward: 1.206. Std of Reward: 0.789. Training.
[INFO] Matt. Step: 1320000. Time Elapsed: 902.782 s. Mean Reward: 1.147. Std of Reward: 0.750. Training.
[INFO] Matt. Step: 1350000. Time Elapsed: 922.525 s. Mean Reward: 1.089. Std of Reward: 0.723. Training.
[INFO] Matt. Step: 1380000. Time Elapsed: 937.841 s. Mean Reward: 1.247. Std of Reward: 0.792. Training.
[INFO] Exported Training/results\matt_recover01\Matt\Matt-1399872.onnx
[INFO] Matt. Step: 1410000. Time Elapsed: 957.378 s. Mean Reward: 1.172. Std of Reward: 0.765. Training.
[INFO] Matt. Step: 1440000. Time Elapsed: 972.519 s. Mean Reward: 1.287. Std of Reward: 0.817. Training.
[INFO] Matt. Step: 1470000. Time Elapsed: 992.899 s. Mean Reward: 1.401. Std of Reward: 0.825. Training.
[INFO] Matt. Step: 1500000. Time Elapsed: 1007.586 s. Mean Reward: 1.421. Std of Reward: 0.827. Training.
[INFO] Matt. Step: 1530000. Time Elapsed: 1028.075 s. Mean Reward: 1.354. Std of Reward: 0.823. Training.
[INFO] Matt. Step: 1560000. Time Elapsed: 1042.090 s. Mean Reward: 1.347. Std of Reward: 0.816. Training.
[INFO] Matt. Step: 1590000. Time Elapsed: 1058.048 s. Mean Reward: 1.388. Std of Reward: 0.821. Training.
[INFO] Exported Training/results\matt_recover01\Matt\Matt-1599795.onnx
[INFO] Matt. Step: 1620000. Time Elapsed: 1077.487 s. Mean Reward: 1.473. Std of Reward: 0.821. Training.
[INFO] Matt. Step: 1650000. Time Elapsed: 1093.034 s. Mean Reward: 1.565. Std of Reward: 0.810. Training.
[INFO] Matt. Step: 1680000. Time Elapsed: 1112.932 s. Mean Reward: 1.570. Std of Reward: 0.815. Training.
[INFO] Matt. Step: 1710000. Time Elapsed: 1128.489 s. Mean Reward: 1.518. Std of Reward: 0.811. Training.
[INFO] Matt. Step: 1740000. Time Elapsed: 1147.809 s. Mean Reward: 1.563. Std of Reward: 0.810. Training.
[INFO] Matt. Step: 1770000. Time Elapsed: 1164.130 s. Mean Reward: 1.695. Std of Reward: 0.789. Training.
[INFO] Matt. Step: 1800000. Time Elapsed: 1183.783 s. Mean Reward: 1.615. Std of Reward: 0.808. Training.
[INFO] Exported Training/results\matt_recover01\Matt\Matt-1799948.onnx
[INFO] Matt. Step: 1830000. Time Elapsed: 1199.899 s. Mean Reward: 1.652. Std of Reward: 0.793. Training.
[INFO] Matt. Step: 1860000. Time Elapsed: 1222.852 s. Mean Reward: 1.668. Std of Reward: 0.795. Training.
[INFO] Matt. Step: 1890000. Time Elapsed: 1238.865 s. Mean Reward: 1.735. Std of Reward: 0.774. Training.
[INFO] Matt. Step: 1920000. Time Elapsed: 1256.626 s. Mean Reward: 1.726. Std of Reward: 0.783. Training.
[INFO] Matt. Step: 1950000. Time Elapsed: 1278.403 s. Mean Reward: 1.710. Std of Reward: 0.785. Training.
[INFO] Matt. Step: 1980000. Time Elapsed: 1296.261 s. Mean Reward: 1.792. Std of Reward: 0.748. Training.
[INFO] Exported Training/results\matt_recover01\Matt\Matt-1999995.onnx
[INFO] Matt. Step: 2010000. Time Elapsed: 1318.705 s. Mean Reward: 1.874. Std of Reward: 0.710. Training.
[INFO] Matt. Step: 2040000. Time Elapsed: 1335.284 s. Mean Reward: 1.783. Std of Reward: 0.755. Training.
[INFO] Matt. Step: 2070000. Time Elapsed: 1355.969 s. Mean Reward: 1.752. Std of Reward: 0.760. Training.
[INFO] Matt. Step: 2100000. Time Elapsed: 1372.331 s. Mean Reward: 1.796. Std of Reward: 0.754. Training.
[INFO] Matt. Step: 2130000. Time Elapsed: 1392.999 s. Mean Reward: 1.854. Std of Reward: 0.725. Training.
[INFO] Matt. Step: 2160000. Time Elapsed: 1409.294 s. Mean Reward: 1.776. Std of Reward: 0.756. Training.
[INFO] Matt. Step: 2190000. Time Elapsed: 1430.336 s. Mean Reward: 1.880. Std of Reward: 0.698. Training.
[INFO] Exported Training/results\matt_recover01\Matt\Matt-2199946.onnx
[INFO] Matt. Step: 2220000. Time Elapsed: 1446.143 s. Mean Reward: 1.803. Std of Reward: 0.745. Training.
[INFO] Matt. Step: 2250000. Time Elapsed: 1463.043 s. Mean Reward: 1.858. Std of Reward: 0.722. Training.
[INFO] Matt. Step: 2280000. Time Elapsed: 1483.386 s. Mean Reward: 1.870. Std of Reward: 0.704. Training.
[INFO] Matt. Step: 2310000. Time Elapsed: 1499.969 s. Mean Reward: 1.878. Std of Reward: 0.695. Training.
[INFO] Matt. Step: 2340000. Time Elapsed: 1520.822 s. Mean Reward: 1.923. Std of Reward: 0.679. Training.
[INFO] Matt. Step: 2370000. Time Elapsed: 1537.134 s. Mean Reward: 1.904. Std of Reward: 0.679. Training.
[INFO] Matt. Step: 2400000. Time Elapsed: 1557.624 s. Mean Reward: 1.868. Std of Reward: 0.707. Training.
[INFO] Exported Training/results\matt_recover01\Matt\Matt-2399937.onnx
[INFO] Matt. Step: 2430000. Time Elapsed: 1574.484 s. Mean Reward: 1.976. Std of Reward: 0.638. Training.
[INFO] Matt. Step: 2460000. Time Elapsed: 1595.201 s. Mean Reward: 1.979. Std of Reward: 0.632. Training.
[INFO] Matt. Step: 2490000. Time Elapsed: 1612.527 s. Mean Reward: 1.984. Std of Reward: 0.632. Training.
[INFO] Matt. Step: 2520000. Time Elapsed: 1633.912 s. Mean Reward: 2.021. Std of Reward: 0.607. Training.
[INFO] Matt. Step: 2550000. Time Elapsed: 1651.884 s. Mean Reward: 2.073. Std of Reward: 0.549. Training.
[INFO] Matt. Step: 2580000. Time Elapsed: 1674.059 s. Mean Reward: 2.053. Std of Reward: 0.566. Training.
[INFO] Exported Training/results\matt_recover01\Matt\Matt-2599980.onnx
[INFO] Matt. Step: 2610000. Time Elapsed: 1690.644 s. Mean Reward: 2.031. Std of Reward: 0.597. Training.
[INFO] Matt. Step: 2640000. Time Elapsed: 1707.994 s. Mean Reward: 2.032. Std of Reward: 0.597. Training.
[INFO] Matt. Step: 2670000. Time Elapsed: 1729.539 s. Mean Reward: 1.993. Std of Reward: 0.625. Training.
[INFO] Matt. Step: 2700000. Time Elapsed: 1746.537 s. Mean Reward: 2.116. Std of Reward: 0.509. Training.
[INFO] Matt. Step: 2730000. Time Elapsed: 1768.106 s. Mean Reward: 2.090. Std of Reward: 0.530. Training.
[INFO] Matt. Step: 2760000. Time Elapsed: 1785.161 s. Mean Reward: 2.083. Std of Reward: 0.541. Training.
[INFO] Matt. Step: 2790000. Time Elapsed: 1805.923 s. Mean Reward: 2.035. Std of Reward: 0.588. Training.
[INFO] Exported Training/results\matt_recover01\Matt\Matt-2799948.onnx
[INFO] Matt. Step: 2820000. Time Elapsed: 1823.410 s. Mean Reward: 2.116. Std of Reward: 0.492. Training.
[INFO] Matt. Step: 2850000. Time Elapsed: 1844.728 s. Mean Reward: 2.138. Std of Reward: 0.468. Training.
[INFO] Matt. Step: 2880000. Time Elapsed: 1861.655 s. Mean Reward: 2.058. Std of Reward: 0.570. Training.
[INFO] Matt. Step: 2910000. Time Elapsed: 1882.909 s. Mean Reward: 2.122. Std of Reward: 0.487. Training.
[INFO] Matt. Step: 2940000. Time Elapsed: 1899.692 s. Mean Reward: 2.070. Std of Reward: 0.556. Training.
[INFO] Matt. Step: 2970000. Time Elapsed: 1916.692 s. Mean Reward: 2.138. Std of Reward: 0.477. Training.
[INFO] Matt. Step: 3000000. Time Elapsed: 1937.953 s. Mean Reward: 2.143. Std of Reward: 0.465. Training.
[INFO] Exported Training/results\matt_recover01\Matt\Matt-2999989.onnx
[INFO] Matt. Step: 3030000. Time Elapsed: 1955.516 s. Mean Reward: 2.132. Std of Reward: 0.481. Training.
[INFO] Matt. Step: 3060000. Time Elapsed: 1976.829 s. Mean Reward: 2.121. Std of Reward: 0.499. Training.
[INFO] Matt. Step: 3090000. Time Elapsed: 1993.778 s. Mean Reward: 2.125. Std of Reward: 0.499. Training.
[INFO] Matt. Step: 3120000. Time Elapsed: 2015.240 s. Mean Reward: 2.116. Std of Reward: 0.504. Training.
[INFO] Matt. Step: 3150000. Time Elapsed: 2032.269 s. Mean Reward: 2.115. Std of Reward: 0.521. Training.
[INFO] Matt. Step: 3180000. Time Elapsed: 2053.342 s. Mean Reward: 2.164. Std of Reward: 0.440. Training.
[INFO] Exported Training/results\matt_recover01\Matt\Matt-3199993.onnx
[INFO] Matt. Step: 3210000. Time Elapsed: 2070.763 s. Mean Reward: 2.172. Std of Reward: 0.424. Training.
[INFO] Matt. Step: 3240000. Time Elapsed: 2091.976 s. Mean Reward: 2.135. Std of Reward: 0.480. Training.
[INFO] Matt. Step: 3270000. Time Elapsed: 2109.220 s. Mean Reward: 2.177. Std of Reward: 0.413. Training.
[INFO] Matt. Step: 3300000. Time Elapsed: 2130.616 s. Mean Reward: 2.187. Std of Reward: 0.400. Training.
[INFO] Matt. Step: 3330000. Time Elapsed: 2147.731 s. Mean Reward: 2.187. Std of Reward: 0.400. Training.
[INFO] Matt. Step: 3360000. Time Elapsed: 2164.745 s. Mean Reward: 2.164. Std of Reward: 0.431. Training.
[INFO] Matt. Step: 3390000. Time Elapsed: 2186.415 s. Mean Reward: 2.209. Std of Reward: 0.352. Training.
[INFO] Exported Training/results\matt_recover01\Matt\Matt-3399978.onnx
[INFO] Matt. Step: 3420000. Time Elapsed: 2203.347 s. Mean Reward: 2.173. Std of Reward: 0.424. Training.
[INFO] Matt. Step: 3450000. Time Elapsed: 2224.573 s. Mean Reward: 2.195. Std of Reward: 0.381. Training.
[INFO] Matt. Step: 3480000. Time Elapsed: 2241.845 s. Mean Reward: 2.191. Std of Reward: 0.382. Training.
[INFO] Matt. Step: 3510000. Time Elapsed: 2263.591 s. Mean Reward: 2.184. Std of Reward: 0.389. Training.
[INFO] Matt. Step: 3540000. Time Elapsed: 2280.768 s. Mean Reward: 2.206. Std of Reward: 0.358. Training.
[INFO] Matt. Step: 3570000. Time Elapsed: 2302.439 s. Mean Reward: 2.222. Std of Reward: 0.316. Training.
[INFO] Matt. Step: 3600000. Time Elapsed: 2319.771 s. Mean Reward: 2.189. Std of Reward: 0.387. Training.
[INFO] Exported Training/results\matt_recover01\Matt\Matt-3599986.onnx
[INFO] Matt. Step: 3630000. Time Elapsed: 2341.285 s. Mean Reward: 2.212. Std of Reward: 0.329. Training.
[INFO] Matt. Step: 3660000. Time Elapsed: 2358.601 s. Mean Reward: 2.212. Std of Reward: 0.333. Training.
[INFO] Matt. Step: 3690000. Time Elapsed: 2380.531 s. Mean Reward: 2.230. Std of Reward: 0.284. Training.
[INFO] Matt. Step: 3720000. Time Elapsed: 2397.672 s. Mean Reward: 2.237. Std of Reward: 0.273. Training.
[INFO] Matt. Step: 3750000. Time Elapsed: 2415.168 s. Mean Reward: 2.230. Std of Reward: 0.298. Training.
[INFO] Matt. Step: 3780000. Time Elapsed: 2436.958 s. Mean Reward: 2.229. Std of Reward: 0.293. Training.
[INFO] Exported Training/results\matt_recover01\Matt\Matt-3799999.onnx
[INFO] Matt. Step: 3810000. Time Elapsed: 2454.372 s. Mean Reward: 2.226. Std of Reward: 0.302. Training.
[INFO] Matt. Step: 3840000. Time Elapsed: 2475.800 s. Mean Reward: 2.215. Std of Reward: 0.318. Training.
[INFO] Matt. Step: 3870000. Time Elapsed: 2493.228 s. Mean Reward: 2.239. Std of Reward: 0.257. Training.
[INFO] Matt. Step: 3900000. Time Elapsed: 2514.716 s. Mean Reward: 2.222. Std of Reward: 0.300. Training.
[INFO] Matt. Step: 3930000. Time Elapsed: 2532.039 s. Mean Reward: 2.218. Std of Reward: 0.311. Training.
[INFO] Matt. Step: 3960000. Time Elapsed: 2553.349 s. Mean Reward: 2.205. Std of Reward: 0.330. Training.
[INFO] Matt. Step: 3990000. Time Elapsed: 2570.510 s. Mean Reward: 2.206. Std of Reward: 0.337. Training.
[INFO] Exported Training/results\matt_recover01\Matt\Matt-3999987.onnx
[INFO] Matt. Step: 4020000. Time Elapsed: 2592.008 s. Mean Reward: 2.220. Std of Reward: 0.312. Training.
[INFO] Matt. Step: 4050000. Time Elapsed: 2608.941 s. Mean Reward: 2.227. Std of Reward: 0.288. Training.
[INFO] Matt. Step: 4080000. Time Elapsed: 2630.580 s. Mean Reward: 2.223. Std of Reward: 0.287. Training.
[INFO] Matt. Step: 4110000. Time Elapsed: 2647.398 s. Mean Reward: 2.235. Std of Reward: 0.269. Training.
[INFO] Matt. Step: 4140000. Time Elapsed: 2664.875 s. Mean Reward: 2.241. Std of Reward: 0.263. Training.
[INFO] Matt. Step: 4170000. Time Elapsed: 2686.117 s. Mean Reward: 2.225. Std of Reward: 0.295. Training.
[INFO] Matt. Step: 4200000. Time Elapsed: 2703.481 s. Mean Reward: 2.225. Std of Reward: 0.282. Training.
[INFO] Exported Training/results\matt_recover01\Matt\Matt-4199956.onnx
[INFO] Matt. Step: 4230000. Time Elapsed: 2724.945 s. Mean Reward: 2.227. Std of Reward: 0.275. Training.
[INFO] Matt. Step: 4260000. Time Elapsed: 2742.210 s. Mean Reward: 2.233. Std of Reward: 0.269. Training.
[INFO] Matt. Step: 4290000. Time Elapsed: 2763.598 s. Mean Reward: 2.230. Std of Reward: 0.255. Training.
[INFO] Matt. Step: 4320000. Time Elapsed: 2780.860 s. Mean Reward: 2.236. Std of Reward: 0.256. Training.
[INFO] Matt. Step: 4350000. Time Elapsed: 2802.338 s. Mean Reward: 2.248. Std of Reward: 0.206. Training.
[INFO] Matt. Step: 4380000. Time Elapsed: 2819.836 s. Mean Reward: 2.251. Std of Reward: 0.191. Training.
[INFO] Exported Training/results\matt_recover01\Matt\Matt-4399986.onnx
[INFO] Matt. Step: 4410000. Time Elapsed: 2841.676 s. Mean Reward: 2.240. Std of Reward: 0.230. Training.
[INFO] Matt. Step: 4440000. Time Elapsed: 2859.763 s. Mean Reward: 2.239. Std of Reward: 0.221. Training.
[INFO] Matt. Step: 4470000. Time Elapsed: 2877.956 s. Mean Reward: 2.238. Std of Reward: 0.231. Training.
[INFO] Matt. Step: 4500000. Time Elapsed: 2900.033 s. Mean Reward: 2.236. Std of Reward: 0.237. Training.
[INFO] Matt. Step: 4530000. Time Elapsed: 2918.098 s. Mean Reward: 2.245. Std of Reward: 0.188. Training.
[INFO] Matt. Step: 4560000. Time Elapsed: 2940.140 s. Mean Reward: 2.234. Std of Reward: 0.241. Training.
[INFO] Matt. Step: 4590000. Time Elapsed: 2957.536 s. Mean Reward: 2.219. Std of Reward: 0.274. Training.
[INFO] Exported Training/results\matt_recover01\Matt\Matt-4599965.onnx
[INFO] Matt. Step: 4620000. Time Elapsed: 2980.406 s. Mean Reward: 2.238. Std of Reward: 0.219. Training.
[INFO] Matt. Step: 4650000. Time Elapsed: 2998.574 s. Mean Reward: 2.239. Std of Reward: 0.195. Training.
[INFO] Matt. Step: 4680000. Time Elapsed: 3020.646 s. Mean Reward: 2.225. Std of Reward: 0.254. Training.
[INFO] Matt. Step: 4710000. Time Elapsed: 3038.326 s. Mean Reward: 2.230. Std of Reward: 0.237. Training.
[INFO] Matt. Step: 4740000. Time Elapsed: 3060.825 s. Mean Reward: 2.239. Std of Reward: 0.217. Training.
[INFO] Matt. Step: 4770000. Time Elapsed: 3078.591 s. Mean Reward: 2.241. Std of Reward: 0.203. Training.
[INFO] Matt. Step: 4800000. Time Elapsed: 3099.973 s. Mean Reward: 2.237. Std of Reward: 0.215. Training.
[INFO] Exported Training/results\matt_recover01\Matt\Matt-4799906.onnx
[INFO] Matt. Step: 4830000. Time Elapsed: 3117.660 s. Mean Reward: 2.229. Std of Reward: 0.241. Training.
[INFO] Matt. Step: 4860000. Time Elapsed: 3135.127 s. Mean Reward: 2.226. Std of Reward: 0.255. Training.
[INFO] Matt. Step: 4890000. Time Elapsed: 3156.815 s. Mean Reward: 2.240. Std of Reward: 0.204. Training.
[INFO] Matt. Step: 4920000. Time Elapsed: 3174.506 s. Mean Reward: 2.241. Std of Reward: 0.196. Training.
[INFO] Matt. Step: 4950000. Time Elapsed: 3196.584 s. Mean Reward: 2.235. Std of Reward: 0.224. Training.
[INFO] Matt. Step: 4980000. Time Elapsed: 3214.089 s. Mean Reward: 2.236. Std of Reward: 0.238. Training.
[INFO] Exported Training/results\matt_recover01\Matt\Matt-4999966.onnx
[INFO] Matt. Step: 5010000. Time Elapsed: 3236.562 s. Mean Reward: 2.251. Std of Reward: 0.155. Training.
[INFO] Matt. Step: 5040000. Time Elapsed: 3254.441 s. Mean Reward: 2.234. Std of Reward: 0.231. Training.
[INFO] Matt. Step: 5070000. Time Elapsed: 3278.018 s. Mean Reward: 2.227. Std of Reward: 0.256. Training.
[INFO] Matt. Step: 5100000. Time Elapsed: 3296.365 s. Mean Reward: 2.238. Std of Reward: 0.200. Training.
[INFO] Matt. Step: 5130000. Time Elapsed: 3319.318 s. Mean Reward: 2.245. Std of Reward: 0.194. Training.
[INFO] Matt. Step: 5160000. Time Elapsed: 3337.512 s. Mean Reward: 2.225. Std of Reward: 0.257. Training.
[INFO] Matt. Step: 5190000. Time Elapsed: 3360.621 s. Mean Reward: 2.243. Std of Reward: 0.180. Training.
[INFO] Exported Training/results\matt_recover01\Matt\Matt-5199970.onnx
[INFO] Matt. Step: 5220000. Time Elapsed: 3380.887 s. Mean Reward: 2.224. Std of Reward: 0.258. Training.
[INFO] Matt. Step: 5250000. Time Elapsed: 3401.495 s. Mean Reward: 2.215. Std of Reward: 0.275. Training.
[INFO] Matt. Step: 5280000. Time Elapsed: 3428.725 s. Mean Reward: 2.244. Std of Reward: 0.195. Training.
[INFO] Matt. Step: 5310000. Time Elapsed: 3454.434 s. Mean Reward: 2.243. Std of Reward: 0.193. Training.
[INFO] Matt. Step: 5340000. Time Elapsed: 3484.027 s. Mean Reward: 2.234. Std of Reward: 0.233. Training.
[INFO] Matt. Step: 5370000. Time Elapsed: 3513.681 s. Mean Reward: 2.249. Std of Reward: 0.184. Training.
[INFO] Matt. Step: 5400000. Time Elapsed: 3549.176 s. Mean Reward: 2.240. Std of Reward: 0.203. Training.
[INFO] Exported Training/results\matt_recover01\Matt\Matt-5399942.onnx
