C:\Users\punko\Downloads\PoSumo\Training\venv\lib\site-packages\mlagents\trainers\model_saver\torch_model_saver.py:91: FutureWarning: You are using `torch.load` with `weights_only=False` (the current default value), which uses the default pickle module implicitly. It is possible to construct malicious pickle data which will execute arbitrary code during unpickling (See https://github.com/pytorch/pytorch/blob/main/SECURITY.md#untrusted-models for more details). In a future release, the default value for `weights_only` will be flipped to `True`. This limits the functions that could be executed during unpickling. Arbitrary objects will no longer be allowed to be loaded via this mode unless they are explicitly allowlisted by the user via `torch.serialization.add_safe_globals`. We recommend you start setting `weights_only=True` for any use case where you don't have full control of the loaded file. Please open an issue on GitHub for any issues related to this experimental feature.
  saved_state_dict = torch.load(load_path)
Process Process-1:
Traceback (most recent call last):
  File "C:\Users\punko\AppData\Local\Programs\Python\Python310\lib\multiprocessing\connection.py", line 312, in _recv_bytes
    nread, err = ov.GetOverlappedResult(True)
BrokenPipeError: [WinError 109] The pipe has been ended

During handling of the above exception, another exception occurred:

Traceback (most recent call last):
  File "C:\Users\punko\Downloads\PoSumo\Training\venv\lib\site-packages\mlagents\trainers\subprocess_env_manager.py", line 175, in worker
    req: EnvironmentRequest = parent_conn.recv()
  File "C:\Users\punko\AppData\Local\Programs\Python\Python310\lib\multiprocessing\connection.py", line 250, in recv
    buf = self._recv_bytes()
  File "C:\Users\punko\AppData\Local\Programs\Python\Python310\lib\multiprocessing\connection.py", line 321, in _recv_bytes
    raise EOFError
EOFError

During handling of the above exception, another exception occurred:

Traceback (most recent call last):
  File "C:\Users\punko\AppData\Local\Programs\Python\Python310\lib\multiprocessing\process.py", line 314, in _bootstrap
    self.run()
  File "C:\Users\punko\AppData\Local\Programs\Python\Python310\lib\multiprocessing\process.py", line 108, in run
    self._target(*self._args, **self._kwargs)
  File "C:\Users\punko\Downloads\PoSumo\Training\venv\lib\site-packages\mlagents\trainers\subprocess_env_manager.py", line 235, in worker
    _send_response(EnvironmentCommand.ENV_EXITED, ex)
  File "C:\Users\punko\Downloads\PoSumo\Training\venv\lib\site-packages\mlagents\trainers\subprocess_env_manager.py", line 150, in _send_response
    parent_conn.send(EnvironmentResponse(cmd_name, worker_id, payload))
  File "C:\Users\punko\AppData\Local\Programs\Python\Python310\lib\multiprocessing\connection.py", line 206, in send
    self._send_bytes(_ForkingPickler.dumps(obj))
  File "C:\Users\punko\AppData\Local\Programs\Python\Python310\lib\multiprocessing\connection.py", line 280, in _send_bytes
    ov, err = _winapi.WriteFile(self._handle, buf, overlapped=True)
BrokenPipeError: [WinError 232] The pipe is being closed
Process Process-2:
Traceback (most recent call last):
  File "C:\Users\punko\AppData\Local\Programs\Python\Python310\lib\multiprocessing\connection.py", line 312, in _recv_bytes
    nread, err = ov.GetOverlappedResult(True)
BrokenPipeError: [WinError 109] The pipe has been ended

During handling of the above exception, another exception occurred:

Traceback (most recent call last):
  File "C:\Users\punko\Downloads\PoSumo\Training\venv\lib\site-packages\mlagents\trainers\subprocess_env_manager.py", line 175, in worker
    req: EnvironmentRequest = parent_conn.recv()
  File "C:\Users\punko\AppData\Local\Programs\Python\Python310\lib\multiprocessing\connection.py", line 250, in recv
    buf = self._recv_bytes()
  File "C:\Users\punko\AppData\Local\Programs\Python\Python310\lib\multiprocessing\connection.py", line 321, in _recv_bytes
    raise EOFError
EOFError

During handling of the above exception, another exception occurred:

Traceback (most recent call last):
  File "C:\Users\punko\AppData\Local\Programs\Python\Python310\lib\multiprocessing\process.py", line 314, in _bootstrap
    self.run()
  File "C:\Users\punko\AppData\Local\Programs\Python\Python310\lib\multiprocessing\process.py", line 108, in run
    self._target(*self._args, **self._kwargs)
  File "C:\Users\punko\Downloads\PoSumo\Training\venv\lib\site-packages\mlagents\trainers\subprocess_env_manager.py", line 235, in worker
    _send_response(EnvironmentCommand.ENV_EXITED, ex)
  File "C:\Users\punko\Downloads\PoSumo\Training\venv\lib\site-packages\mlagents\trainers\subprocess_env_manager.py", line 150, in _send_response
    parent_conn.send(EnvironmentResponse(cmd_name, worker_id, payload))
  File "C:\Users\punko\AppData\Local\Programs\Python\Python310\lib\multiprocessing\connection.py", line 206, in send
    self._send_bytes(_ForkingPickler.dumps(obj))
  File "C:\Users\punko\AppData\Local\Programs\Python\Python310\lib\multiprocessing\connection.py", line 280, in _send_bytes
    ov, err = _winapi.WriteFile(self._handle, buf, overlapped=True)
BrokenPipeError: [WinError 232] The pipe is being closed
