[INFO] Connected to Unity environment with package version 4.0.0 and communication version 1.5.0
[INFO] Connected to Unity environment with package version 4.0.0 and communication version 1.5.0
[INFO] Connected to Unity environment with package version 4.0.0 and communication version 1.5.0
[INFO] Connected new brain: Standard?team=1
[INFO] Connected new brain: Standard?team=0
[INFO] Connected new brain: Standard?team=1
[INFO] Connected new brain: Standard?team=0
[INFO] Connected new brain: Standard?team=1
[INFO] Connected new brain: Standard?team=0

            ┐  ╖
        ╓╖╬│╡  ││╬╖╖
    ╓╖╬│││││┘  ╬│││││╬╖
 ╖╬│││││╬╜        ╙╬│││││╖╖                               ╗╗╗
 ╬╬╬╬╖││╦╖        ╖╬││╗╣╣╣╬      ╟╣╣╬    ╟╣╣╣             ╜╜╜  ╟╣╣
 ╬╬╬╬╬╬╬╬╖│╬╖╖╓╬╪│╓╣╣╣╣╣╣╣╬      ╟╣╣╬    ╟╣╣╣ ╒╣╣╖╗╣╣╣╗   ╣╣╣ ╣╣╣╣╣╣ ╟╣╣╖   ╣╣╣
 ╬╬╬╬┐  ╙╬╬╬╬│╓╣╣╣╝╜  ╫╣╣╣╬      ╟╣╣╬    ╟╣╣╣ ╟╣╣╣╙ ╙╣╣╣  ╣╣╣ ╙╟╣╣╜╙  ╫╣╣  ╟╣╣
 ╬╬╬╬┐     ╙╬╬╣╣      ╫╣╣╣╬      ╟╣╣╬    ╟╣╣╣ ╟╣╣╬   ╣╣╣  ╣╣╣  ╟╣╣     ╣╣╣┌╣╣╜
 ╬╬╬╜       ╬╬╣╣      ╙╝╣╣╬      ╙╣╣╣╗╖╓╗╣╣╣╜ ╟╣╣╬   ╣╣╣  ╣╣╣  ╟╣╣╦╓    ╣╣╣╣╣
 ╙   ╓╦╖    ╬╬╣╣   ╓╗╗╖            ╙╝╣╣╣╣╝╜   ╘╝╝╜   ╝╝╝  ╝╝╝   ╙╣╣╣    ╟╣╣╣
   ╩╬╬╬╬╬╬╦╦╬╬╣╣╗╣╣╣╣╣╣╣╝                                             ╫╣╣╣╣
      ╙╬╬╬╬╬╬╬╣╣╣╣╣╣╝╜
          ╙╬╬╬╣╣╣╜
             ╙
        
 Version information:
  ml-agents: 1.2.0.dev0,
  ml-agents-envs: 1.2.0.dev0,
  Communicator API: 1.5.0,
  PyTorch: 2.5.1+cpu
[INFO] Hyperparameters for behavior name Standard: 
	trainer_type:	ppo
	hyperparameters:	
	  batch_size:	2048
	  buffer_size:	20480
	  learning_rate:	0.0003
	  beta:	0.008
	  epsilon:	0.2
	  lambd:	0.95
	  num_epoch:	3
	  shared_critic:	False
	  learning_rate_schedule:	linear
	  beta_schedule:	linear
	  epsilon_schedule:	linear
	checkpoint_interval:	200000
	network_settings:	
	  normalize:	True
	  hidden_units:	512
	  num_layers:	3
	  vis_encode_type:	simple
	  memory:	None
	  goal_conditioning_type:	hyper
	  deterministic:	False
	reward_signals:	
	  extrinsic:	
	    gamma:	0.995
	    strength:	1.0
	    network_settings:	
	      normalize:	False
	      hidden_units:	128
	      num_layers:	2
	      vis_encode_type:	simple
	      memory:	None
	      goal_conditioning_type:	hyper
	      deterministic:	False
	init_path:	Training/results\standard_recover01\Standard\checkpoint.pt
	keep_checkpoints:	10
	even_checkpoints:	False
	max_steps:	30000000
	time_horizon:	1000
	summary_freq:	30000
	threaded:	True
	self_play:	
	  save_steps:	50000
	  team_change:	250000
	  swap_steps:	50000
	  window:	15
	  play_against_latest_model_ratio:	0.35
	  initial_elo:	1200.0
	behavioral_cloning:	None
[INFO] Initializing from Training/results\standard_recover01\Standard\checkpoint.pt.
[INFO] Starting training from step 0 and saving to Training/results\standard_sumo01\Standard.
[INFO] Parameter 'spawn_gap_half' is in lesson 'CloseQuarters' and has value 'Float: value=0.9'.
[INFO] Parameter 'shove_impulse' is in lesson 'HeavyShoves' and has value 'Float: value=45.0'.
[INFO] Parameter 'platform_difficulty' is in lesson 'StableFloor' and has value 'Float: value=0.0'.
[INFO] Standard. Step: 30000. Time Elapsed: 121.124 s. Mean Reward: 2.410. Std of Reward: 1.151. Training. ELO: 1212.587.
[INFO] Parameter 'spawn_gap_half' is in lesson 'FullGap' and has value 'Float: value=1.2'.
[INFO] Parameter 'shove_impulse' is in lesson 'ModerateShoves' and has value 'Float: value=25.0'.
[INFO] Standard. Step: 60000. Time Elapsed: 193.122 s. Mean Reward: 2.440. Std of Reward: 1.066. Training. ELO: 1233.811.
[INFO] Standard. Step: 90000. Time Elapsed: 254.780 s. Mean Reward: 2.252. Std of Reward: 0.919. Training. ELO: 1246.772.
[INFO] Parameter 'platform_difficulty' is in lesson 'MediumFloor' and has value 'Float: value=0.5'.
[INFO] Standard. Step: 120000. Time Elapsed: 311.396 s. Mean Reward: 2.103. Std of Reward: 1.069. Training. ELO: 1253.025.
[INFO] Standard. Step: 150000. Time Elapsed: 375.577 s. Mean Reward: 2.216. Std of Reward: 1.006. Training. ELO: 1253.356.
[INFO] Parameter 'shove_impulse' is in lesson 'NoShoves' and has value 'Float: value=0.0'.
[INFO] Parameter 'platform_difficulty' is in lesson 'FullChaos' and has value 'Float: value=1.0'.
[INFO] Standard. Step: 180000. Time Elapsed: 432.786 s. Mean Reward: 2.058. Std of Reward: 1.178. Training. ELO: 1253.356.
[INFO] Exported Training/results\standard_sumo01\Standard\Standard-199773.onnx
[INFO] Standard. Step: 210000. Time Elapsed: 495.257 s. Mean Reward: 1.744. Std of Reward: 0.952. Training. ELO: 1253.356.
[INFO] Standard. Step: 240000. Time Elapsed: 552.697 s. Mean Reward: 1.855. Std of Reward: 0.913. Training. ELO: 1253.356.
[INFO] Standard. Step: 270000. Time Elapsed: 654.936 s. Mean Reward: 2.159. Std of Reward: 1.233. Training. ELO: 1253.356.
[INFO] Standard. Step: 300000. Time Elapsed: 759.426 s. Mean Reward: 2.590. Std of Reward: 1.424. Training. ELO: 1262.700.
[INFO] Standard. Step: 330000. Time Elapsed: 858.954 s. Mean Reward: 2.768. Std of Reward: 1.375. Training. ELO: 1276.164.
[INFO] Standard. Step: 360000. Time Elapsed: 963.716 s. Mean Reward: 2.981. Std of Reward: 1.399. Training. ELO: 1283.947.
[INFO] Standard. Step: 390000. Time Elapsed: 1067.723 s. Mean Reward: 2.780. Std of Reward: 1.499. Training. ELO: 1286.094.
[INFO] Exported Training/results\standard_sumo01\Standard\Standard-399797.onnx
[INFO] Standard. Step: 420000. Time Elapsed: 1172.904 s. Mean Reward: 2.911. Std of Reward: 1.420. Training. ELO: 1289.388.
[INFO] Standard. Step: 450000. Time Elapsed: 1278.132 s. Mean Reward: 2.416. Std of Reward: 1.759. Training. ELO: 1287.739.
[INFO] Standard. Step: 480000. Time Elapsed: 1382.601 s. Mean Reward: 2.783. Std of Reward: 1.588. Training. ELO: 1288.867.
[INFO] Standard. Step: 510000. Time Elapsed: 1472.865 s. Mean Reward: 2.234. Std of Reward: 1.353. Training. ELO: 1288.964.
[INFO] Standard. Step: 540000. Time Elapsed: 1534.070 s. Mean Reward: 2.080. Std of Reward: 1.257. Training. ELO: 1289.552.
[INFO] Standard. Step: 570000. Time Elapsed: 1591.019 s. Mean Reward: 1.978. Std of Reward: 1.171. Training. ELO: 1289.552.
[INFO] Standard. Step: 600000. Time Elapsed: 1655.149 s. Mean Reward: 2.236. Std of Reward: 1.232. Training. ELO: 1289.552.
[INFO] Exported Training/results\standard_sumo01\Standard\Standard-599909.onnx
[INFO] Standard. Step: 630000. Time Elapsed: 1712.197 s. Mean Reward: 2.068. Std of Reward: 1.137. Training. ELO: 1313.512.
[INFO] Standard. Step: 660000. Time Elapsed: 1770.184 s. Mean Reward: 1.912. Std of Reward: 1.073. Training. ELO: 1347.277.
[INFO] Standard. Step: 690000. Time Elapsed: 1840.408 s. Mean Reward: 2.167. Std of Reward: 1.189. Training. ELO: 1370.610.
[INFO] Standard. Step: 720000. Time Elapsed: 1898.916 s. Mean Reward: 2.197. Std of Reward: 1.128. Training. ELO: 1396.435.
[INFO] Standard. Step: 750000. Time Elapsed: 1960.798 s. Mean Reward: 2.226. Std of Reward: 1.245. Training. ELO: 1423.358.
[INFO] Standard. Step: 780000. Time Elapsed: 2066.355 s. Mean Reward: 2.765. Std of Reward: 1.757. Training. ELO: 1429.730.
[INFO] Exported Training/results\standard_sumo01\Standard\Standard-799729.onnx
[INFO] Standard. Step: 810000. Time Elapsed: 2175.428 s. Mean Reward: 3.571. Std of Reward: 1.850. Training. ELO: 1422.949.
[INFO] Standard. Step: 840000. Time Elapsed: 2277.313 s. Mean Reward: 3.002. Std of Reward: 1.756. Training. ELO: 1424.317.
[INFO] Standard. Step: 870000. Time Elapsed: 2385.666 s. Mean Reward: 3.132. Std of Reward: 1.810. Training. ELO: 1426.010.
[INFO] Standard. Step: 900000. Time Elapsed: 2486.783 s. Mean Reward: 3.429. Std of Reward: 1.638. Training. ELO: 1426.064.
[INFO] Standard. Step: 930000. Time Elapsed: 2590.355 s. Mean Reward: 3.694. Std of Reward: 2.042. Training. ELO: 1424.732.
[INFO] Standard. Step: 960000. Time Elapsed: 2696.390 s. Mean Reward: 3.392. Std of Reward: 1.813. Training. ELO: 1428.782.
[INFO] Standard. Step: 990000. Time Elapsed: 2800.038 s. Mean Reward: 3.818. Std of Reward: 1.768. Training. ELO: 1434.534.
[INFO] Exported Training/results\standard_sumo01\Standard\Standard-999780.onnx
[INFO] Standard. Step: 1020000. Time Elapsed: 2878.479 s. Mean Reward: 2.637. Std of Reward: 1.618. Training. ELO: 1449.046.
[INFO] Standard. Step: 1050000. Time Elapsed: 2937.684 s. Mean Reward: 2.382. Std of Reward: 1.357. Training. ELO: 1488.082.
[INFO] Standard. Step: 1080000. Time Elapsed: 2998.674 s. Mean Reward: 2.261. Std of Reward: 1.326. Training. ELO: 1518.924.
[INFO] Standard. Step: 1110000. Time Elapsed: 3056.784 s. Mean Reward: 2.330. Std of Reward: 1.421. Training. ELO: 1542.888.
[INFO] Standard. Step: 1140000. Time Elapsed: 3120.998 s. Mean Reward: 2.613. Std of Reward: 1.578. Training. ELO: 1549.515.
[INFO] Standard. Step: 1170000. Time Elapsed: 3178.726 s. Mean Reward: 2.335. Std of Reward: 1.544. Training. ELO: 1549.515.
[INFO] Standard. Step: 1200000. Time Elapsed: 3241.367 s. Mean Reward: 2.408. Std of Reward: 1.501. Training. ELO: 1549.515.
[INFO] Exported Training/results\standard_sumo01\Standard\Standard-1199961.onnx
[INFO] Standard. Step: 1230000. Time Elapsed: 3301.274 s. Mean Reward: 2.558. Std of Reward: 1.561. Training. ELO: 1571.226.
[INFO] Standard. Step: 1260000. Time Elapsed: 3374.584 s. Mean Reward: 2.483. Std of Reward: 1.616. Training. ELO: 1612.285.
[INFO] Standard. Step: 1290000. Time Elapsed: 3485.389 s. Mean Reward: 4.091. Std of Reward: 1.901. Training. ELO: 1618.015.
[INFO] Standard. Step: 1320000. Time Elapsed: 3589.506 s. Mean Reward: 4.287. Std of Reward: 1.828. Training. ELO: 1617.558.
[INFO] Standard. Step: 1350000. Time Elapsed: 3695.058 s. Mean Reward: 4.538. Std of Reward: 1.745. Training. ELO: 1617.558.
[INFO] Standard. Step: 1380000. Time Elapsed: 3798.958 s. Mean Reward: 4.322. Std of Reward: 2.208. Training. ELO: 1613.416.
[INFO] Exported Training/results\standard_sumo01\Standard\Standard-1399917.onnx
[INFO] Standard. Step: 1410000. Time Elapsed: 3904.758 s. Mean Reward: 4.529. Std of Reward: 1.956. Training. ELO: 1618.448.
[INFO] Standard. Step: 1440000. Time Elapsed: 4009.097 s. Mean Reward: 4.521. Std of Reward: 1.865. Training. ELO: 1623.121.
[INFO] Standard. Step: 1470000. Time Elapsed: 4116.353 s. Mean Reward: 4.852. Std of Reward: 1.707. Training. ELO: 1622.986.
[INFO] Standard. Step: 1500000. Time Elapsed: 4217.775 s. Mean Reward: 4.109. Std of Reward: 1.835. Training. ELO: 1622.230.
[INFO] Standard. Step: 1530000. Time Elapsed: 4283.781 s. Mean Reward: 2.477. Std of Reward: 1.616. Training. ELO: 1630.784.
[INFO] Standard. Step: 1560000. Time Elapsed: 4337.422 s. Mean Reward: 2.698. Std of Reward: 1.728. Training. ELO: 1648.993.
[INFO] Standard. Step: 1590000. Time Elapsed: 4394.628 s. Mean Reward: 2.552. Std of Reward: 1.582. Training. ELO: 1657.648.
[INFO] Exported Training/results\standard_sumo01\Standard\Standard-1599983.onnx
[INFO] Standard. Step: 1620000. Time Elapsed: 4457.548 s. Mean Reward: 2.607. Std of Reward: 1.546. Training. ELO: 1670.002.
[INFO] Standard. Step: 1650000. Time Elapsed: 4515.805 s. Mean Reward: 2.542. Std of Reward: 1.691. Training. ELO: 1671.327.
[INFO] Standard. Step: 1680000. Time Elapsed: 4577.512 s. Mean Reward: 2.643. Std of Reward: 1.622. Training. ELO: 1671.327.
[INFO] Standard. Step: 1710000. Time Elapsed: 4635.618 s. Mean Reward: 2.601. Std of Reward: 1.693. Training. ELO: 1673.028.
[INFO] Standard. Step: 1740000. Time Elapsed: 4700.046 s. Mean Reward: 2.588. Std of Reward: 1.685. Training. ELO: 1695.595.
[INFO] Standard. Step: 1770000. Time Elapsed: 4788.427 s. Mean Reward: 3.138. Std of Reward: 1.977. Training. ELO: 1712.707.
[INFO] Standard. Step: 1800000. Time Elapsed: 4898.943 s. Mean Reward: 4.890. Std of Reward: 2.102. Training. ELO: 1716.020.
[INFO] Exported Training/results\standard_sumo01\Standard\Standard-1799647.onnx
[INFO] Standard. Step: 1830000. Time Elapsed: 5002.266 s. Mean Reward: 4.433. Std of Reward: 2.098. Training. ELO: 1712.424.
[INFO] Standard. Step: 1860000. Time Elapsed: 5106.000 s. Mean Reward: 5.026. Std of Reward: 1.844. Training. ELO: 1708.375.
[INFO] Standard. Step: 1890000. Time Elapsed: 5211.887 s. Mean Reward: 4.584. Std of Reward: 1.977. Training. ELO: 1707.415.
[INFO] Standard. Step: 1920000. Time Elapsed: 5316.331 s. Mean Reward: 4.966. Std of Reward: 1.827. Training. ELO: 1712.768.
[INFO] Standard. Step: 1950000. Time Elapsed: 5422.776 s. Mean Reward: 4.969. Std of Reward: 2.066. Training. ELO: 1714.806.
[INFO] Standard. Step: 1980000. Time Elapsed: 5525.404 s. Mean Reward: 4.807. Std of Reward: 2.146. Training. ELO: 1717.614.
[INFO] Exported Training/results\standard_sumo01\Standard\Standard-1999851.onnx
[INFO] Standard. Step: 2010000. Time Elapsed: 5621.688 s. Mean Reward: 3.636. Std of Reward: 2.165. Training. ELO: 1730.028.
[INFO] Standard. Step: 2040000. Time Elapsed: 5680.063 s. Mean Reward: 2.656. Std of Reward: 1.799. Training. ELO: 1753.645.
[INFO] Standard. Step: 2070000. Time Elapsed: 5740.088 s. Mean Reward: 2.611. Std of Reward: 1.582. Training. ELO: 1780.426.
[INFO] Standard. Step: 2100000. Time Elapsed: 5795.788 s. Mean Reward: 2.663. Std of Reward: 1.780. Training. ELO: 1800.033.
[INFO] Standard. Step: 2130000. Time Elapsed: 5859.902 s. Mean Reward: 2.678. Std of Reward: 1.564. Training. ELO: 1818.892.
[INFO] Standard. Step: 2160000. Time Elapsed: 5917.289 s. Mean Reward: 2.750. Std of Reward: 1.708. Training. ELO: 1839.923.
[INFO] Standard. Step: 2190000. Time Elapsed: 5974.894 s. Mean Reward: 2.943. Std of Reward: 1.911. Training. ELO: 1870.496.
[INFO] Exported Training/results\standard_sumo01\Standard\Standard-2199966.onnx
[INFO] Standard. Step: 2220000. Time Elapsed: 6038.130 s. Mean Reward: 2.799. Std of Reward: 1.694. Training. ELO: 1908.722.
[INFO] Standard. Step: 2250000. Time Elapsed: 6098.241 s. Mean Reward: 2.942. Std of Reward: 1.745. Training. ELO: 1936.591.
[INFO] Standard. Step: 2280000. Time Elapsed: 6206.371 s. Mean Reward: 4.904. Std of Reward: 1.936. Training. ELO: 1944.071.
[INFO] Standard. Step: 2310000. Time Elapsed: 6309.594 s. Mean Reward: 4.910. Std of Reward: 2.094. Training. ELO: 1938.740.
[INFO] Standard. Step: 2340000. Time Elapsed: 6417.145 s. Mean Reward: 4.675. Std of Reward: 2.310. Training. ELO: 1938.740.
[INFO] Standard. Step: 2370000. Time Elapsed: 6517.088 s. Mean Reward: 4.907. Std of Reward: 2.270. Training. ELO: 1936.437.
[INFO] Standard. Step: 2400000. Time Elapsed: 6633.180 s. Mean Reward: 5.045. Std of Reward: 2.237. Training. ELO: 1929.242.
[INFO] Exported Training/results\standard_sumo01\Standard\Standard-2399651.onnx
[INFO] Standard. Step: 2430000. Time Elapsed: 6746.034 s. Mean Reward: 4.869. Std of Reward: 2.437. Training. ELO: 1924.249.
[INFO] Standard. Step: 2460000. Time Elapsed: 6854.167 s. Mean Reward: 4.762. Std of Reward: 2.118. Training. ELO: 1921.212.
[INFO] Standard. Step: 2490000. Time Elapsed: 6952.724 s. Mean Reward: 5.339. Std of Reward: 2.079. Training. ELO: 1922.696.
[INFO] Standard. Step: 2520000. Time Elapsed: 7026.160 s. Mean Reward: 3.277. Std of Reward: 2.072. Training. ELO: 1919.604.
[INFO] Standard. Step: 2550000. Time Elapsed: 7084.784 s. Mean Reward: 2.778. Std of Reward: 1.715. Training. ELO: 1919.592.
[INFO] Standard. Step: 2580000. Time Elapsed: 7139.212 s. Mean Reward: 2.708. Std of Reward: 1.701. Training. ELO: 1919.592.
[INFO] Exported Training/results\standard_sumo01\Standard\Standard-2599848.onnx
[INFO] Standard. Step: 2610000. Time Elapsed: 7198.474 s. Mean Reward: 2.898. Std of Reward: 1.921. Training. ELO: 1919.592.
[INFO] Standard. Step: 2640000. Time Elapsed: 7254.059 s. Mean Reward: 2.626. Std of Reward: 1.747. Training. ELO: 1919.592.
[INFO] Standard. Step: 2670000. Time Elapsed: 7316.991 s. Mean Reward: 2.786. Std of Reward: 1.793. Training. ELO: 1919.592.
[INFO] Standard. Step: 2700000. Time Elapsed: 7376.750 s. Mean Reward: 3.074. Std of Reward: 1.904. Training. ELO: 1919.592.
[INFO] Standard. Step: 2730000. Time Elapsed: 7454.366 s. Mean Reward: 2.746. Std of Reward: 1.830. Training. ELO: 1931.998.
[INFO] Standard. Step: 2760000. Time Elapsed: 7550.980 s. Mean Reward: 3.270. Std of Reward: 2.066. Training. ELO: 1966.342.
[INFO] Standard. Step: 2790000. Time Elapsed: 7701.145 s. Mean Reward: 5.420. Std of Reward: 2.106. Training. ELO: 1977.932.
[INFO] Exported Training/results\standard_sumo01\Standard\Standard-2799629.onnx
[INFO] Standard. Step: 2820000. Time Elapsed: 7838.905 s. Mean Reward: 5.146. Std of Reward: 2.276. Training. ELO: 1976.628.
[INFO] Standard. Step: 2850000. Time Elapsed: 7973.627 s. Mean Reward: 5.102. Std of Reward: 2.321. Training. ELO: 1973.027.
[INFO] Standard. Step: 2880000. Time Elapsed: 8098.188 s. Mean Reward: 4.734. Std of Reward: 2.377. Training. ELO: 1974.366.
[INFO] Standard. Step: 2910000. Time Elapsed: 8239.268 s. Mean Reward: 5.141. Std of Reward: 2.114. Training. ELO: 1978.580.
[INFO] Standard. Step: 2940000. Time Elapsed: 8394.588 s. Mean Reward: 5.617. Std of Reward: 2.183. Training. ELO: 1978.420.
[INFO] Standard. Step: 2970000. Time Elapsed: 8587.640 s. Mean Reward: 5.354. Std of Reward: 2.236. Training. ELO: 1978.420.
[INFO] Standard. Step: 3000000. Time Elapsed: 8813.013 s. Mean Reward: 5.227. Std of Reward: 2.476. Training. ELO: 1979.587.
[INFO] Exported Training/results\standard_sumo01\Standard\Standard-2999882.onnx
[INFO] Standard. Step: 3030000. Time Elapsed: 8900.589 s. Mean Reward: 2.947. Std of Reward: 1.950. Training. ELO: 1997.666.
[INFO] Standard. Step: 3060000. Time Elapsed: 8991.831 s. Mean Reward: 3.209. Std of Reward: 2.189. Training. ELO: 2022.063.
[INFO] Standard. Step: 3090000. Time Elapsed: 9073.091 s. Mean Reward: 2.936. Std of Reward: 1.879. Training. ELO: 2041.266.
[INFO] Standard. Step: 3120000. Time Elapsed: 9154.661 s. Mean Reward: 2.888. Std of Reward: 1.901. Training. ELO: 2055.926.
[INFO] Standard. Step: 3150000. Time Elapsed: 9243.734 s. Mean Reward: 2.797. Std of Reward: 2.080. Training. ELO: 2057.116.
[INFO] Standard. Step: 3180000. Time Elapsed: 9326.221 s. Mean Reward: 2.918. Std of Reward: 2.160. Training. ELO: 2057.116.
[INFO] Exported Training/results\standard_sumo01\Standard\Standard-3199602.onnx
[INFO] Standard. Step: 3210000. Time Elapsed: 9417.289 s. Mean Reward: 2.900. Std of Reward: 1.988. Training. ELO: 2059.295.
[INFO] Standard. Step: 3240000. Time Elapsed: 9498.597 s. Mean Reward: 3.201. Std of Reward: 2.144. Training. ELO: 2082.791.
[INFO] Standard. Step: 3270000. Time Elapsed: 9633.557 s. Mean Reward: 3.944. Std of Reward: 2.570. Training. ELO: 2101.193.
[INFO] Standard. Step: 3300000. Time Elapsed: 9791.067 s. Mean Reward: 5.450. Std of Reward: 2.195. Training. ELO: 2105.802.
[INFO] Standard. Step: 3330000. Time Elapsed: 9949.578 s. Mean Reward: 5.528. Std of Reward: 2.544. Training. ELO: 2105.744.
[INFO] Standard. Step: 3360000. Time Elapsed: 10099.793 s. Mean Reward: 5.242. Std of Reward: 2.481. Training. ELO: 2103.756.
[INFO] Standard. Step: 3390000. Time Elapsed: 10250.658 s. Mean Reward: 5.704. Std of Reward: 2.383. Training. ELO: 2102.771.
[INFO] Exported Training/results\standard_sumo01\Standard\Standard-3399880.onnx
[INFO] Standard. Step: 3420000. Time Elapsed: 10407.359 s. Mean Reward: 5.674. Std of Reward: 2.139. Training. ELO: 2099.079.
[INFO] Standard. Step: 3450000. Time Elapsed: 10556.259 s. Mean Reward: 5.430. Std of Reward: 2.557. Training. ELO: 2098.679.
[INFO] Standard. Step: 3480000. Time Elapsed: 10718.345 s. Mean Reward: 5.839. Std of Reward: 2.410. Training. ELO: 2098.877.
[INFO] Standard. Step: 3510000. Time Elapsed: 10850.768 s. Mean Reward: 4.500. Std of Reward: 2.989. Training. ELO: 2100.209.
[INFO] Standard. Step: 3540000. Time Elapsed: 10938.930 s. Mean Reward: 3.077. Std of Reward: 2.148. Training. ELO: 2100.209.
[INFO] Standard. Step: 3570000. Time Elapsed: 11020.625 s. Mean Reward: 3.112. Std of Reward: 2.151. Training. ELO: 2100.209.
[INFO] Standard. Step: 3600000. Time Elapsed: 11108.380 s. Mean Reward: 3.088. Std of Reward: 2.186. Training. ELO: 2100.209.
[INFO] Exported Training/results\standard_sumo01\Standard\Standard-3599974.onnx
[INFO] Standard. Step: 3630000. Time Elapsed: 11188.949 s. Mean Reward: 2.958. Std of Reward: 2.321. Training. ELO: 2120.959.
[INFO] Standard. Step: 3660000. Time Elapsed: 11280.278 s. Mean Reward: 3.123. Std of Reward: 2.333. Training. ELO: 2158.868.
[INFO] Standard. Step: 3690000. Time Elapsed: 11357.205 s. Mean Reward: 2.956. Std of Reward: 2.171. Training. ELO: 2186.693.
[INFO] Standard. Step: 3720000. Time Elapsed: 11437.621 s. Mean Reward: 3.185. Std of Reward: 2.057. Training. ELO: 2212.444.
[INFO] Standard. Step: 3750000. Time Elapsed: 11537.758 s. Mean Reward: 3.174. Std of Reward: 2.219. Training. ELO: 2235.568.
[INFO] Standard. Step: 3780000. Time Elapsed: 11775.083 s. Mean Reward: 5.494. Std of Reward: 2.350. Training. ELO: 2246.322.
[INFO] Exported Training/results\standard_sumo01\Standard\Standard-3799557.onnx
[INFO] Standard. Step: 3810000. Time Elapsed: 11939.939 s. Mean Reward: 5.349. Std of Reward: 2.710. Training. ELO: 2244.927.
[INFO] Standard. Step: 3840000. Time Elapsed: 12093.681 s. Mean Reward: 5.884. Std of Reward: 2.466. Training. ELO: 2241.085.
[INFO] Standard. Step: 3870000. Time Elapsed: 12250.714 s. Mean Reward: 6.131. Std of Reward: 2.423. Training. ELO: 2237.257.
[INFO] Standard. Step: 3900000. Time Elapsed: 12405.074 s. Mean Reward: 6.496. Std of Reward: 2.494. Training. ELO: 2235.979.
[INFO] Standard. Step: 3930000. Time Elapsed: 12566.174 s. Mean Reward: 5.775. Std of Reward: 2.467. Training. ELO: 2234.191.
[INFO] Standard. Step: 3960000. Time Elapsed: 12722.393 s. Mean Reward: 6.174. Std of Reward: 2.599. Training. ELO: 2233.256.
[INFO] Standard. Step: 3990000. Time Elapsed: 12884.453 s. Mean Reward: 6.252. Std of Reward: 2.312. Training. ELO: 2233.296.
[INFO] Exported Training/results\standard_sumo01\Standard\Standard-3999956.onnx
[INFO] Standard. Step: 4020000. Time Elapsed: 12995.807 s. Mean Reward: 4.136. Std of Reward: 2.719. Training. ELO: 2237.521.
[INFO] Standard. Step: 4050000. Time Elapsed: 13082.254 s. Mean Reward: 3.533. Std of Reward: 2.413. Training. ELO: 2247.279.
[INFO] Standard. Step: 4080000. Time Elapsed: 13169.367 s. Mean Reward: 3.501. Std of Reward: 2.286. Training. ELO: 2258.342.
[INFO] Standard. Step: 4110000. Time Elapsed: 13253.796 s. Mean Reward: 3.102. Std of Reward: 2.204. Training. ELO: 2266.969.
[INFO] Standard. Step: 4140000. Time Elapsed: 13345.099 s. Mean Reward: 3.773. Std of Reward: 2.561. Training. ELO: 2270.724.
[INFO] Standard. Step: 4170000. Time Elapsed: 13427.447 s. Mean Reward: 3.135. Std of Reward: 2.380. Training. ELO: 2270.724.
[INFO] Standard. Step: 4200000. Time Elapsed: 13520.823 s. Mean Reward: 3.545. Std of Reward: 2.395. Training. ELO: 2270.724.
[INFO] Exported Training/results\standard_sumo01\Standard\Standard-4199956.onnx
[INFO] Standard. Step: 4230000. Time Elapsed: 13601.741 s. Mean Reward: 3.460. Std of Reward: 2.377. Training. ELO: 2282.880.
[INFO] Standard. Step: 4260000. Time Elapsed: 13715.786 s. Mean Reward: 3.517. Std of Reward: 2.533. Training. ELO: 2306.988.
[INFO] Standard. Step: 4290000. Time Elapsed: 13872.056 s. Mean Reward: 6.366. Std of Reward: 2.545. Training. ELO: 2312.268.
[INFO] Standard. Step: 4320000. Time Elapsed: 14037.237 s. Mean Reward: 6.109. Std of Reward: 2.609. Training. ELO: 2308.154.
[INFO] Standard. Step: 4350000. Time Elapsed: 14189.944 s. Mean Reward: 5.902. Std of Reward: 2.847. Training. ELO: 2304.021.
[INFO] Standard. Step: 4380000. Time Elapsed: 14343.412 s. Mean Reward: 6.878. Std of Reward: 2.414. Training. ELO: 2304.306.
[INFO] Exported Training/results\standard_sumo01\Standard\Standard-4399515.onnx
[INFO] Standard. Step: 4410000. Time Elapsed: 14501.336 s. Mean Reward: 6.691. Std of Reward: 2.595. Training. ELO: 2304.410.
[INFO] Standard. Step: 4440000. Time Elapsed: 14657.544 s. Mean Reward: 6.548. Std of Reward: 2.394. Training. ELO: 2302.511.
[INFO] Standard. Step: 4470000. Time Elapsed: 14815.322 s. Mean Reward: 6.827. Std of Reward: 2.536. Training. ELO: 2300.912.
[INFO] Standard. Step: 4500000. Time Elapsed: 14966.676 s. Mean Reward: 6.468. Std of Reward: 2.866. Training. ELO: 2299.101.
[INFO] Standard. Step: 4530000. Time Elapsed: 15061.489 s. Mean Reward: 3.379. Std of Reward: 2.580. Training. ELO: 2300.489.
[INFO] Standard. Step: 4560000. Time Elapsed: 15145.095 s. Mean Reward: 3.447. Std of Reward: 2.278. Training. ELO: 2300.491.
[INFO] Standard. Step: 4590000. Time Elapsed: 15234.716 s. Mean Reward: 3.310. Std of Reward: 2.350. Training. ELO: 2300.491.
[INFO] Exported Training/results\standard_sumo01\Standard\Standard-4599718.onnx
[INFO] Standard. Step: 4620000. Time Elapsed: 15318.671 s. Mean Reward: 3.310. Std of Reward: 2.588. Training. ELO: 2309.088.
[INFO] Standard. Step: 4650000. Time Elapsed: 15413.486 s. Mean Reward: 3.477. Std of Reward: 2.666. Training. ELO: 2344.419.
[INFO] Standard. Step: 4680000. Time Elapsed: 15491.809 s. Mean Reward: 3.303. Std of Reward: 2.407. Training. ELO: 2371.040.
[INFO] Standard. Step: 4710000. Time Elapsed: 15576.046 s. Mean Reward: 3.684. Std of Reward: 2.454. Training. ELO: 2390.500.
[INFO] Standard. Step: 4740000. Time Elapsed: 15668.030 s. Mean Reward: 3.512. Std of Reward: 2.604. Training. ELO: 2410.837.
[INFO] Standard. Step: 4770000. Time Elapsed: 15795.579 s. Mean Reward: 5.024. Std of Reward: 2.929. Training. ELO: 2424.622.
[INFO] Standard. Step: 4800000. Time Elapsed: 15957.307 s. Mean Reward: 6.872. Std of Reward: 2.487. Training. ELO: 2425.226.
[INFO] Exported Training/results\standard_sumo01\Standard\Standard-4799628.onnx
[INFO] Standard. Step: 4830000. Time Elapsed: 16109.865 s. Mean Reward: 6.607. Std of Reward: 2.645. Training. ELO: 2420.798.
[INFO] Standard. Step: 4860000. Time Elapsed: 16269.027 s. Mean Reward: 6.604. Std of Reward: 2.487. Training. ELO: 2420.442.
[INFO] Standard. Step: 4890000. Time Elapsed: 16422.274 s. Mean Reward: 6.617. Std of Reward: 2.469. Training. ELO: 2420.052.
[INFO] Standard. Step: 4920000. Time Elapsed: 16609.757 s. Mean Reward: 6.644. Std of Reward: 2.417. Training. ELO: 2418.390.
[INFO] Standard. Step: 4950000. Time Elapsed: 16751.913 s. Mean Reward: 7.449. Std of Reward: 2.095. Training. ELO: 2416.464.
[INFO] Standard. Step: 4980000. Time Elapsed: 16964.806 s. Mean Reward: 6.690. Std of Reward: 2.534. Training. ELO: 2416.416.
[INFO] Exported Training/results\standard_sumo01\Standard\Standard-4999741.onnx
[INFO] Standard. Step: 5010000. Time Elapsed: 17140.792 s. Mean Reward: 5.412. Std of Reward: 2.879. Training. ELO: 2418.468.
[INFO] Standard. Step: 5040000. Time Elapsed: 17231.345 s. Mean Reward: 3.338. Std of Reward: 2.504. Training. ELO: 2449.901.
[INFO] Standard. Step: 5070000. Time Elapsed: 17320.663 s. Mean Reward: 3.493. Std of Reward: 2.577. Training. ELO: 2487.308.
[INFO] Standard. Step: 5100000. Time Elapsed: 17404.733 s. Mean Reward: 3.660. Std of Reward: 2.685. Training. ELO: 2514.386.
[INFO] Standard. Step: 5130000. Time Elapsed: 17496.632 s. Mean Reward: 3.766. Std of Reward: 2.849. Training. ELO: 2529.149.
[INFO] Standard. Step: 5160000. Time Elapsed: 17581.845 s. Mean Reward: 3.410. Std of Reward: 2.646. Training. ELO: 2529.350.
[INFO] Standard. Step: 5190000. Time Elapsed: 17677.692 s. Mean Reward: 3.406. Std of Reward: 2.525. Training. ELO: 2529.350.
[INFO] Exported Training/results\standard_sumo01\Standard\Standard-5199746.onnx
[INFO] Standard. Step: 5220000. Time Elapsed: 17765.217 s. Mean Reward: 3.334. Std of Reward: 2.484. Training. ELO: 2531.694.
[INFO] Standard. Step: 5250000. Time Elapsed: 17855.113 s. Mean Reward: 3.422. Std of Reward: 2.566. Training. ELO: 2544.706.
[INFO] Standard. Step: 5280000. Time Elapsed: 18013.411 s. Mean Reward: 6.067. Std of Reward: 2.918. Training. ELO: 2550.979.
[INFO] Standard. Step: 5310000. Time Elapsed: 18180.038 s. Mean Reward: 6.900. Std of Reward: 2.699. Training. ELO: 2547.475.
[INFO] Standard. Step: 5340000. Time Elapsed: 18343.919 s. Mean Reward: 7.693. Std of Reward: 2.515. Training. ELO: 2544.506.
[INFO] Standard. Step: 5370000. Time Elapsed: 18511.164 s. Mean Reward: 7.045. Std of Reward: 2.615. Training. ELO: 2539.009.
[INFO] Standard. Step: 5400000. Time Elapsed: 18743.423 s. Mean Reward: 6.958. Std of Reward: 2.510. Training. ELO: 2536.045.
[INFO] Exported Training/results\standard_sumo01\Standard\Standard-5399541.onnx
[INFO] Standard. Step: 5430000. Time Elapsed: 18926.553 s. Mean Reward: 6.727. Std of Reward: 2.703. Training. ELO: 2537.646.
[INFO] Standard. Step: 5460000. Time Elapsed: 19087.450 s. Mean Reward: 7.188. Std of Reward: 2.666. Training. ELO: 2535.715.
[INFO] Standard. Step: 5490000. Time Elapsed: 19241.620 s. Mean Reward: 7.080. Std of Reward: 2.461. Training. ELO: 2526.270.
[INFO] Standard. Step: 5520000. Time Elapsed: 19368.395 s. Mean Reward: 4.526. Std of Reward: 2.952. Training. ELO: 2523.229.
[INFO] Standard. Step: 5550000. Time Elapsed: 19449.601 s. Mean Reward: 3.451. Std of Reward: 2.473. Training. ELO: 2523.207.
[INFO] Standard. Step: 5580000. Time Elapsed: 19533.137 s. Mean Reward: 3.423. Std of Reward: 2.616. Training. ELO: 2523.207.
[INFO] Exported Training/results\standard_sumo01\Standard\Standard-5599737.onnx
[INFO] Standard. Step: 5610000. Time Elapsed: 19623.097 s. Mean Reward: 4.008. Std of Reward: 2.722. Training. ELO: 2523.207.
[INFO] Standard. Step: 5640000. Time Elapsed: 19710.045 s. Mean Reward: 3.534. Std of Reward: 2.602. Training. ELO: 2523.207.
[INFO] Standard. Step: 5670000. Time Elapsed: 19801.274 s. Mean Reward: 3.728. Std of Reward: 2.853. Training. ELO: 2523.207.
[INFO] Standard. Step: 5700000. Time Elapsed: 19889.402 s. Mean Reward: 3.988. Std of Reward: 2.704. Training. ELO: 2523.207.
[INFO] Standard. Step: 5730000. Time Elapsed: 19991.555 s. Mean Reward: 3.420. Std of Reward: 2.522. Training. ELO: 2540.852.
[INFO] Standard. Step: 5760000. Time Elapsed: 20126.969 s. Mean Reward: 3.850. Std of Reward: 2.867. Training. ELO: 2584.470.
[INFO] Standard. Step: 5790000. Time Elapsed: 20305.514 s. Mean Reward: 7.114. Std of Reward: 2.926. Training. ELO: 2597.545.
[INFO] Exported Training/results\standard_sumo01\Standard\Standard-5799713.onnx
[INFO] Standard. Step: 5820000. Time Elapsed: 20473.702 s. Mean Reward: 6.494. Std of Reward: 2.869. Training. ELO: 2597.545.
[INFO] Standard. Step: 5850000. Time Elapsed: 20639.682 s. Mean Reward: 7.313. Std of Reward: 2.858. Training. ELO: 2596.319.
[INFO] Standard. Step: 5880000. Time Elapsed: 20812.170 s. Mean Reward: 7.423. Std of Reward: 2.462. Training. ELO: 2595.325.
[INFO] Standard. Step: 5910000. Time Elapsed: 20975.271 s. Mean Reward: 7.070. Std of Reward: 2.993. Training. ELO: 2597.003.
